12-31 21:16:25.085  1073  1073 D AlphabeticalAppsList: addAppsWithSections: adding sectionName: M with appInfoTitle: Maps
12-31 21:16:25.085  1073  1073 D AlphabeticalAppsList: addAppsWithSections: adding sectionName: P with appInfoTitle: Phone
12-31 21:16:25.085  1073  1073 D AlphabeticalAppsList: addAppsWithSections: adding sectionName: S with appInfoTitle: Safety
12-31 21:16:25.085  1073  1073 D AlphabeticalAppsList: addAppsWithSections: adding sectionName: T with appInfoTitle: TMoble
12-31 21:16:25.085  1073  1073 D AlphabeticalAppsList: addAppsWithSections: adding sectionName: Y with appInfoTitle: YouTube
12-31 21:16:25.085  1073  1073 D AlphabeticalAppsList: Adding FastScrollSection duplicate to scroll to the bottom.
12-31 21:16:25.090  1073  1073 D AlphabeticalAppsList: Clearing FastScrollerSections.
12-31 21:16:25.090  1073  1073 D AlphabeticalAppsList: Adding apps with sections. HasPrivateApps: false
12-31 21:16:25.090  1073  1073 D AlphabeticalAppsList: addAppsWithSections: adding sectionName: C with appInfoTitle: Calendar
12-31 21:16:25.090  1073  1073 D AlphabeticalAppsList: addAppsWithSections: adding sectionName: D with appInfoTitle: Drive
12-31 21:16:25.090  1073  1073 D AlphabeticalAppsList: addAppsWithSections: adding sectionName: E with appInfoTitle: Expo Go
12-31 21:16:25.090  1073  1073 D AlphabeticalAppsList: addAppsWithSections: adding sectionName: F with appInfoTitle: Files
12-31 21:16:25.090  1073  1073 D AlphabeticalAppsList: addAppsWithSections: adding sectionName: G with appInfoTitle: Gmail
12-31 21:16:25.090  1073  1073 D AlphabeticalAppsList: addAppsWithSections: adding sectionName: M with appInfoTitle: Maps
12-31 21:16:25.090  1073  1073 D AlphabeticalAppsList: addAppsWithSections: adding sectionName: P with appInfoTitle: Phone
12-31 21:16:25.090  1073  1073 D AlphabeticalAppsList: addAppsWithSections: adding sectionName: S with appInfoTitle: Safety
12-31 21:16:25.090  1073  1073 D AlphabeticalAppsList: addAppsWithSections: adding sectionName: T with appInfoTitle: TMoble
12-31 21:16:25.090  1073  1073 D AlphabeticalAppsList: addAppsWithSections: adding sectionName: Y with appInfoTitle: YouTube
12-31 21:16:25.090  1073  1073 D AlphabeticalAppsList: Adding FastScrollSection duplicate to scroll to the bottom.
12-31 21:16:25.104  1351  1537 W UsageSyncManager: <DWB> Last (TimeDelta{wallTime=2025-12-31T14:58:56.064Z, elapsedSinceBoot=PT1H31M20.507S}, boot count 12) and current (TimeDelta{wallTime=2025-12-31T15:46:25.096Z, elapsedSinceBoot=PT2H18M45.989S}, boot count 12) deltas are different. Increase event shift by PT3.55S.
12-31 21:16:25.125  1351  1537 W UsageSyncManager: <DWB> Deferring shifting events by PT8M51.809S
12-31 21:16:25.226  1351  1514 W JobInfo : Requested important-while-foreground flag for job209 is ignored and takes no effect
12-31 21:16:25.420 14759 14759 V BatteryUsageContentProvider: initialize provider
12-31 21:16:25.517 14759 14759 D SpaSearchProvider: onCreate
12-31 21:16:25.565 14759 14759 D BatteryStateDatabase: initialize battery states database
12-31 21:16:25.565 14759 14759 W BatteryUsageContentProvider: create content provider from null
12-31 21:16:25.569 14759 14759 D SettingsSliceProvider: init
12-31 21:16:25.569 14759 14759 D SettingsSliceProvider: onCreateSliceProvider
12-31 21:16:25.603 14759 14759 E ashmem  : Pinning is deprecated since Android Q. Please use trim or other methods.
12-31 21:16:25.604 14759 14759 D SpaEnvironment: reset
12-31 21:16:25.610 14759 14759 D BootBroadcastReceiver: refresh job and clear data from action=android.intent.action.TIME_SET
12-31 21:16:25.622  1244  1244 D BoundBrokerSvc: onRebind: Intent { act=com.google.android.gms.libs.gmscorelogger.service.START dat=chimera-action:/... xflg=0x4 cmp=com.google.android.gms/.chimera.PersistentDirectBootAwareApiService }
12-31 21:16:25.632   481   481 D Zygote  : Forked child process 14787
12-31 21:16:25.633   700   738 I ActivityManager: Start proc 14787:com.google.android.apps.messaging/u0a145 for broadcast {com.google.android.apps.messaging/androidx.work.impl.background.systemalarm.RescheduleReceiver}
12-31 21:16:25.633   700   738 I ActivityManager: ProcessObserver broadcast disabled
12-31 21:16:25.635 14759 14785 D DatabaseUtils: clear data after current time = 1767195985612
12-31 21:16:25.674 14787 14787 I .apps.messaging: Using CollectorTypeCMC GC.
12-31 21:16:25.688 14787 14787 W .apps.messaging: Unexpected CPU variant for x86: x86_64.
12-31 21:16:25.688 14787 14787 W .apps.messaging: Known variants: atom, sandybridge, silvermont, goldmont, goldmont-plus, goldmont-without-sha-xsaves, tremont, kabylake, alderlake, default
12-31 21:16:25.746 14787 14787 D nativeloader: Load libframework-connectivity-tiramisu-jni.so using APEX ns com_android_tethering for caller /apex/com.android.tethering/javalib/framework-connectivity-t.jar: ok
12-31 21:16:25.802   562   586 I adbd    : jdwp connection from 14787
12-31 21:16:25.807 14759 14785 D PeriodicJobManager: schedule next alarm job at Dec 31, 2025, 22:00:00
12-31 21:16:25.809 14787 14787 D ApplicationLoaders: Returning zygote-cached class loader: /system/framework/org.apache.http.legacy.jar
12-31 21:16:25.825 14787 14787 D nativeloader: Configuring clns-9 for other apk /system_ext/framework/SatelliteClient.jar. target_sdk_version=36, uses_libraries=ALL, library_path=/product/priv-app/PrebuiltBugle/lib/x86_64:/product/priv-app/PrebuiltBugle/PrebuiltBugle.apk!/lib/x86_64, permitted_path=/data:/mnt/expand:/data/user/0/com.google.android.apps.messaging
12-31 21:16:25.829 14787 14787 D ApplicationLoaders: Returning zygote-cached class loader: /system_ext/framework/androidx.window.extensions.jar
12-31 21:16:25.829 14787 14787 D ApplicationLoaders: Returning zygote-cached class loader: /system_ext/framework/androidx.window.sidecar.jar
12-31 21:16:25.865 14759 14785 D BatteryUsageContentProvider: getLastFullChargeTimestamp() in 57/ms
12-31 21:16:25.867 14759 14785 D DatabaseUtils: getLastFullChargeTime() lastFullChargeTime=Dec 24, 2025, 09:59:14 in 58/ms
12-31 21:16:25.867 14759 14785 D DatabaseUtils: getBatteryEvents for timestamp: 1766601000000
12-31 21:16:25.868 14759 14785 D BatteryUsageContentProvider: getQueryBatteryEventTypes from uri: content://com.android.settings.battery.usage.provider/BatteryEvent?timestamp=1766601000000&batteryEventType=3%2C4
12-31 21:16:25.868 14759 14785 D BatteryUsageContentProvider: getQueryTimestamp from uri: content://com.android.settings.battery.usage.provider/BatteryEvent?timestamp=1766601000000&batteryEventType=3%2C4
12-31 21:16:25.869 14759 14785 W BatteryUsageContentProvider: getBatteryEvents() in 1/ms
12-31 21:16:25.871 14759 14785 D DatabaseUtils: getBatteryEvents size=186 in 4/ms
12-31 21:16:25.956 14787 14787 W .apps.messaging: ClassLoaderContext shared library size mismatch. Expected=3, found=4 (PCL[]{PCL[/system/framework/org.apache.http.legacy.jar*4247870504]#PCL[/system_ext/framework/androidx.window.extensions.jar*1030441313]#PCL[/system_ext/framework/androidx.window.sidecar.jar*3860983653]} | PCL[]{PCL[/system/framework/org.apache.http.legacy.jar*4247870504]#PCL[/system_ext/framework/SatelliteClient.jar*339338149]#PCL[/system_ext/framework/androidx.window.extensions.jar*1030441313]#PCL[/system_ext/framework/androidx.window.sidecar.jar*3860983653]})
12-31 21:16:26.034 14787 14787 D nativeloader: InitLlndkLibrariesProduct: libEGL.so:libGLESv1_CM.so:libGLESv2.so:libGLESv3.so:libRS.so:libandroid_net.so:libapexsupport.so:libavf.so:libbinder_ndk.so:libc.so:libcgrouprc.so:libclang_rt.asan-x86_64-android.so:libcom.android.tethering.connectivity_native.so:libdl.so:libft2.so:liblog.so:libm.so:libmediandk.so:libnativewindow.so:libneuralnetworks.so:libselinux.so:libsync.so:libvendorsupport.so:libvndksupport.so:libvulkan.so
12-31 21:16:26.034 14787 14787 D nativeloader: Configuring product-clns-10 for unbundled product apk /product/priv-app/PrebuiltBugle/PrebuiltBugle.apk. target_sdk_version=36, uses_libraries=, library_path=/product/priv-app/PrebuiltBugle/lib/x86_64:/product/priv-app/PrebuiltBugle/PrebuiltBugle.apk!/lib/x86_64:/product/lib64:/system/product/lib64, permitted_path=/data:/mnt/expand:/data/user/0/com.google.android.apps.messaging:/product/lib64:/system/product/lib64
12-31 21:16:26.036 14787 14787 D nativeloader: InitVndkspLibrariesProduct: VNDK is deprecated with product
12-31 21:16:26.095  1351  1514 I .apps.wellbeing: AssetManager2(0x762c6ada2318) locale list changing from [] to [en-US]
12-31 21:16:26.106   944   944 D TileServices: Couldn't find tile for ComponentInfo{com.google.android.apps.wellbeing/com.google.android.apps.wellbeing.focusmode.quicksettings.FocusModeTileService}(0)
12-31 21:16:26.112  1351  1514 I .apps.wellbeing: AssetManager2(0x762c6ada0a18) locale list changing from [] to [en-US]
12-31 21:16:26.131  1351  1514 I .apps.wellbeing: AssetManager2(0x762c6ada1378) locale list changing from [] to [en-US]
12-31 21:16:26.135  1351  1514 I .apps.wellbeing: AssetManager2(0x762c6ad94538) locale list changing from [] to [en-US]
12-31 21:16:26.152  1351  1514 I .apps.wellbeing: AssetManager2(0x762c6ada9078) locale list changing from [] to [en-US]
12-31 21:16:26.160  1351  1514 I .apps.wellbeing: AssetManager2(0x762c6ad954d8) locale list changing from [] to [en-US]
12-31 21:16:26.173   700  1613 W ForegroundServiceTypeLoggerModule: FGS stop call for: 10147 has no types!
12-31 21:16:26.174   700   898 D BackgroundInstallControlService: Package event received: 0
12-31 21:16:26.182   700   898 D BackgroundInstallControlService: Package event received: 0
12-31 21:16:26.182   700   898 D BackgroundInstallControlService: Package event received: 0
12-31 21:16:26.288 14787 14787 I .apps.messaging: AssetManager2(0x762c6ad844f8) locale list changing from [] to [en-US]
12-31 21:16:26.300 14787 14787 V GraphicsEnvironment: Currently set values for:
12-31 21:16:26.300 14787 14787 V GraphicsEnvironment:   angle_gl_driver_selection_pkgs=[]
12-31 21:16:26.300 14787 14787 V GraphicsEnvironment:   angle_gl_driver_selection_values=[]
12-31 21:16:26.300 14787 14787 V GraphicsEnvironment: com.google.android.apps.messaging is not listed in per-application setting
12-31 21:16:26.300 14787 14787 V GraphicsEnvironment: ANGLE allowlist from config: 
12-31 21:16:26.300 14787 14787 V GraphicsEnvironment: com.google.android.apps.messaging is not listed in ANGLE allowlist or settings, returning default
12-31 21:16:26.300 14787 14787 V GraphicsEnvironment: Neither updatable production driver nor prerelease driver is supported.
12-31 21:16:26.693  1351  1514 I .apps.wellbeing: AssetManager2(0x762c6ada5b58) locale list changing from [] to [en-US]
12-31 21:16:26.716  1351  1514 I .apps.wellbeing: AssetManager2(0x762c6ad95b18) locale list changing from [] to [en-US]
12-31 21:16:26.736  1351  1514 I .apps.wellbeing: AssetManager2(0x762c6ada0d38) locale list changing from [] to [en-US]
12-31 21:16:26.745  1351  1514 I .apps.wellbeing: AssetManager2(0x762c6ad95e38) locale list changing from [] to [en-US]
12-31 21:16:26.762  1351  1514 I .apps.wellbeing: AssetManager2(0x762c6ad94e98) locale list changing from [] to [en-US]
12-31 21:16:26.768  1351  1514 I .apps.wellbeing: AssetManager2(0x762c6ada32b8) locale list changing from [] to [en-US]
12-31 21:16:26.778  1351  1514 I .apps.wellbeing: AssetManager2(0x762c6adab2d8) locale list changing from [] to [en-US]
12-31 21:16:26.786  1351  1514 I .apps.wellbeing: AssetManager2(0x762c6ad91338) locale list changing from [] to [en-US]
12-31 21:16:26.796  1351  1514 I .apps.wellbeing: AssetManager2(0x762c6adaa018) locale list changing from [] to [en-US]
12-31 21:16:26.849  1351  1514 I .apps.wellbeing: AssetManager2(0x762c6adaa978) locale list changing from [] to [en-US]
12-31 21:16:26.888   700  2010 W AS.PlaybackActivityMon: No piid assigned for invalid/internal port id 15
12-31 21:16:26.900   700  1613 V GrammaticalInflectionUtils: AttributionSource: android.content.AttributionSource@98872567 does not have READ_SYSTEM_GRAMMATICAL_GENDER permission.
12-31 21:16:26.902   700  1613 W OptProp : Cannot read opt property android.window.PROPERTY_COMPAT_ALLOW_USER_ASPECT_RATIO_OVERRIDE
12-31 21:16:26.902   700  1613 W OptProp : Cannot read opt property android.window.PROPERTY_COMPAT_ALLOW_USER_ASPECT_RATIO_FULLSCREEN_OVERRIDE
12-31 21:16:26.903   700  1613 W OptProp : Cannot read opt property android.window.PROPERTY_COMPAT_ALLOW_RESIZEABLE_ACTIVITY_OVERRIDES
12-31 21:16:26.904   700  1613 W OptProp : Cannot read opt property android.window.PROPERTY_COMPAT_ALLOW_MIN_ASPECT_RATIO_OVERRIDE
12-31 21:16:26.915   700  1613 W OptProp : Cannot read opt property android.window.PROPERTY_COMPAT_ALLOW_ORIENTATION_OVERRIDE
12-31 21:16:26.929   554  1128 I BpBinder: onLastStrongRef automatically unlinking death recipients: 
12-31 21:16:26.972   700  1613 I ActivityTaskManager: START u0 {xflg=0x4 cmp=host.exp.exponent/.LauncherActivity} with LAUNCH_SINGLE_TASK from uid 10226 (sr=158742899) (BAL_ALLOW_VISIBLE_WINDOW) result code=0
12-31 21:16:26.974  1351  1514 I .apps.wellbeing: AssetManager2(0x762c6ad9f438) locale list changing from [] to [en-US]
12-31 21:16:26.977   944  1048 V WindowManagerShell: Transition requested (#118): android.os.BinderProxy@7ee9da8 TransitionRequestInfo { type = OPEN, triggerTask = TaskInfo{userId=0 taskId=137 effectiveUid=10226 displayId=0 isRunning=true baseIntent=Intent { act=android.intent.action.MAIN cat=[android.intent.category.LAUNCHER] flg=0x10200000 cmp=host.exp.exponent/.experience.HomeActivity } baseActivity=ComponentInfo{host.exp.exponent/host.exp.exponent.experience.HomeActivity} topActivity=ComponentInfo{host.exp.exponent/host.exp.exponent.LauncherActivity} origActivity=null realActivity=ComponentInfo{host.exp.exponent/host.exp.exponent.experience.HomeActivity} numActivities=2 lastActiveTime=7834836 supportsMultiWindow=true resizeMode=1 isResizeable=true minWidth=-1 minHeight=-1 defaultMinSize=220 token=WCT{android.window.IWindowContainerToken$Stub$Proxy@c9280c1} topActivityType=1 pictureInPictureParams=null shouldDockBigOverlays=false launchIntoPipHostTaskId=-1 lastParentTaskIdBeforePip=-1 displayCutoutSafeInsets=Rect(0, 0 - 0, 0) topActivityInfo=ActivityInfo{3e1d066 host.exp.exponent.LauncherActivity} launchCookies=[] positionInParent=Point(0, 0) parentTaskId=-1 isFocused=false isVisible=false isVisibleRequested=false isTopActivityNoDisplay=false isSleeping=false locusId=null displayAreaFeatureId=1 isTopActivityTransparent=true isActivityStackTransparent=false lastNonFullscreenBounds=Rect(215, 420 - 865, 1500) capturedLink=null capturedLinkTimestamp=0 requestedVisibleTypes=-9 topActivityRequestOpenInBrowserEducationTimestamp=0 appCompatTaskInfo=AppCompatTaskInfo { topActivityInSizeCompat=false eligibleForLetterboxEducation= false isLetterboxEducationEnabled= true isLetterboxDoubleTapEnabled= false eligibleForUserAspectRatioButton= false topActivityBoundsLetterboxed= false isFromLetterboxDoubleTap= false topActivityLetterboxVerticalPosition= -1 topActivityLetterboxHorizontalPosition= -1 topActivityLetterboxWidth=-1 topActivityLetterboxHeight=-1 topActivityAppBounds=Rect(0, 0 - 1080, 1857) isUserFullscreenOverrideEnabled=false isSystemFullscreenOverrideEnabled=false hasMinAspectRatioOverride=false topActivityLetterboxBounds=null cameraCompatTaskInfo=CameraCompatTaskInfo { freeformCameraCompatMode=inactive}} topActivityMainWindowFrame=null}, pipChange = null, remoteTransition = null, displayChange = null, flags = 0, debugId = 118 }
12-31 21:16:26.983   944  1048 D ShellSplitScreen: logExit: no-op, mLoggerSessionId is null
12-31 21:16:26.996   554   554 I BpBinder: onLastStrongRef automatically unlinking death recipients: 
12-31 21:16:27.038 14787 14787 I MultiDex: VM with version 2.1.0 has multidex support
12-31 21:16:27.039 14787 14787 I MultiDex: Installing application
12-31 21:16:27.039 14787 14787 I MultiDex: VM has multidex support, MultiDex support library is disabled.
12-31 21:16:27.097   700  1613 W ActivityTaskManager: callingPackage for (uid=-1, pid=-1) has no WPC
12-31 21:16:27.102   700  2010 V GrammaticalInflectionUtils: AttributionSource: android.content.AttributionSource@98872567 does not have READ_SYSTEM_GRAMMATICAL_GENDER permission.
12-31 21:16:27.102   700  2010 W OptProp : Cannot read opt property android.window.PROPERTY_COMPAT_ALLOW_USER_ASPECT_RATIO_OVERRIDE
12-31 21:16:27.102   700  2010 W OptProp : Cannot read opt property android.window.PROPERTY_COMPAT_ALLOW_USER_ASPECT_RATIO_FULLSCREEN_OVERRIDE
12-31 21:16:27.102   700  2010 W OptProp : Cannot read opt property android.window.PROPERTY_COMPAT_ALLOW_RESIZEABLE_ACTIVITY_OVERRIDES
12-31 21:16:27.102   700  2010 W OptProp : Cannot read opt property android.window.PROPERTY_COMPAT_ALLOW_MIN_ASPECT_RATIO_OVERRIDE
12-31 21:16:27.106   700  2145 W AS.PlaybackActivityMon: No piid assigned for invalid/internal port id 16
12-31 21:16:27.109   700  2010 I ActivityTaskManager: START u0 {xflg=0x4 cmp=host.exp.exponent/.LauncherActivity} with LAUNCH_SINGLE_TASK from uid 10226 (sr=158742899) (BAL_ALLOW_VISIBLE_WINDOW) result code=3
12-31 21:16:27.110   944  1048 D WindowManagerShell: onActivityRestartAttempt: topActivity=ComponentInfo{host.exp.exponent/host.exp.exponent.LauncherActivity}, wasVisible=false
12-31 21:16:27.135   550   655 D AudioFlinger: mixer(0x77ca1a748770) throttle end: throttle time(36)
12-31 21:16:27.258  1351  1514 I .apps.wellbeing: AssetManager2(0x762c6ada2638) locale list changing from [] to [en-US]
12-31 21:16:27.306  1351  1514 I .apps.wellbeing: AssetManager2(0x762c6ad92c38) locale list changing from [] to [en-US]
12-31 21:16:27.329  1351  1514 I .apps.wellbeing: AssetManager2(0x762c6ad925f8) locale list changing from [] to [en-US]
12-31 21:16:27.379   700  2642 W OptProp : Cannot read opt property android.window.PROPERTY_COMPAT_ENABLE_FAKE_FOCUS
12-31 21:16:27.379   700   898 D BackgroundInstallControlService: Package event received: 0
12-31 21:16:27.394   700   791 I UsageStatsService: Time changed in by 3 seconds
12-31 21:16:27.396   700   898 D BackgroundInstallControlService: Package event received: 0
12-31 21:16:27.396   700   898 D BackgroundInstallControlService: Package event received: 0
12-31 21:16:27.402  1351  1514 I .apps.wellbeing: AssetManager2(0x762c6ad92918) locale list changing from [] to [en-US]
12-31 21:16:27.406 14419 14441 D SessionLifecycleClient: Sending lifecycle 2 to service
12-31 21:16:27.409  1351  1514 I .apps.wellbeing: AssetManager2(0x762c6ad91018) locale list changing from [] to [en-US]
12-31 21:16:27.437 14419 14500 D SessionLifecycleService: Activity backgrounding at 8328329
12-31 21:16:27.460  1351  1514 I .apps.wellbeing: AssetManager2(0x762c6ad970f8) locale list changing from [] to [en-US]
12-31 21:16:27.478 14419 14419 W unknown:Fresco: Fresco has already been initialized! `Fresco.initialize(...)` should only be called 1 single time to avoid memory leaks!
12-31 21:16:27.517 14419 14419 W unknown:ImagePipelineFactory: ImagePipelineFactory has already been initialized! `ImagePipelineFactory.initialize(...)` should only be called once to avoid unexpected behavior.
12-31 21:16:27.529 14419 14419 W WindowOnBackDispatcher: sendCancelIfRunning: isInProgress=false callback=android.view.ViewRootImpl$$ExternalSyntheticLambda13@472224c
12-31 21:16:27.533   700  1613 D CoreBackPreview: Window{1519f5c u0 host.exp.exponent/host.exp.exponent.experience.ExperienceActivity}: Setting back callback null
12-31 21:16:27.535 14419 14419 D ViewRootImpl: Skipping stats log for color mode
12-31 21:16:27.544  1473  1473 D BoundBrokerSvc: onBind: Intent { act=com.google.android.gms.measurement.START xflg=0x4 pkg=com.google.android.gms }
12-31 21:16:27.544  1473  1473 D BoundBrokerSvc: Loading bound service for intent: Intent { act=com.google.android.gms.measurement.START xflg=0x4 pkg=com.google.android.gms }
12-31 21:16:27.550   700   791 W UsageStatsService: Unexpected activity event reported! (host.exp.exponent/host.exp.exponent.experience.ExperienceActivity event : 23 instanceId : 255524422)
12-31 21:16:27.559   700   898 D BackgroundInstallControlService: Package event received: 0
12-31 21:16:27.559   700   898 D BackgroundInstallControlService: Package event received: 0
12-31 21:16:27.655 14419 14419 W SoLoader: SoLoader already initialized
12-31 21:16:27.660 14419 14419 W SoLoader: SoLoader already initialized
12-31 21:16:27.666   700  2642 W ActivityTaskManager: callingPackage for (uid=-1, pid=-1) has no WPC
12-31 21:16:27.667   700  2642 W ActivityTaskManager: callingPackage for (uid=-1, pid=-1) has no WPC
12-31 21:16:27.678   944  1048 D WindowManagerShell: onActivityRestartAttempt: topActivity=ComponentInfo{host.exp.exponent/host.exp.exponent.LauncherActivity}, wasVisible=false
12-31 21:16:27.694 14419 14419 W SoLoader: SoLoader already initialized
12-31 21:16:27.697   700  2145 W ActivityTaskManager: callingPackage for (uid=-1, pid=-1) has no WPC
12-31 21:16:27.697   700  2145 W ActivityTaskManager: callingPackage for (uid=-1, pid=-1) has no WPC
12-31 21:16:27.704   944  1048 D WindowManagerShell: onActivityRestartAttempt: topActivity=ComponentInfo{host.exp.exponent/host.exp.exponent.LauncherActivity}, wasVisible=false
12-31 21:16:27.738 14419 14441 D SessionLifecycleClient: Sending lifecycle 1 to service
12-31 21:16:27.760 14419 14500 D SessionLifecycleService: Activity foregrounding at 8328631.
12-31 21:16:27.829   700  2145 D CoreBackPreview: Window{f4d5b5 u0 host.exp.exponent/host.exp.exponent.LauncherActivity}: Setting back callback OnBackInvokedCallbackInfo{mCallback=android.window.IOnBackInvokedCallback$Stub$Proxy@b6f7c97, mPriority=0, mIsAnimationCallback=false, mOverrideBehavior=0}
12-31 21:16:28.121  1351  1514 I .apps.wellbeing: AssetManager2(0x762c6ad96dd8) locale list changing from [] to [en-US]
12-31 21:16:28.131  1351  1514 I .apps.wellbeing: AssetManager2(0x762c6ada64b8) locale list changing from [] to [en-US]
12-31 21:16:28.155   944  9271 V WindowManagerShell: onTransitionReady(transaction=3006477112677)
12-31 21:16:28.160   944  1048 V WindowManagerShell: onTransitionReady (#118) android.os.BinderProxy@7ee9da8: {id=118 t=OPEN f=0x0 trk=0 r=[0@Point(0, 0)] c=[
12-31 21:16:28.160   944  1048 V WindowManagerShell:         {m=TO_FRONT f=MOVE_TO_TOP leash=Surface(name=Task=137)/@0x988ffa7 sb=Rect(0, 0 - 1080, 1920) eb=Rect(0, 0 - 1080, 1920) epz=Point(1080, 1920) d=0 taskParent=-1},
12-31 21:16:28.160   944  1048 V WindowManagerShell:         {m=CLOSE f=NONE leash=Surface(name=Task=139)/@0xf63ec54 sb=Rect(0, 0 - 1080, 1920) eb=Rect(0, 0 - 1080, 1920) epz=Point(1080, 1920) d=0 taskParent=-1}
12-31 21:16:28.160   944  1048 V WindowManagerShell:     ]}
12-31 21:16:28.161   944  1048 V WindowManagerShell: Playing animation for (#118) android.os.BinderProxy@7ee9da8@0
12-31 21:16:28.161  1351  1514 I .apps.wellbeing: AssetManager2(0x762c6ada1ff8) locale list changing from [] to [en-US]
12-31 21:16:28.162   700   727 I ActivityTaskManager: Displayed host.exp.exponent/.LauncherActivity for user 0: +1s51ms
12-31 21:16:28.166   944  1048 V ShellRecents: RecentsTransitionHandler.startAnimation: no controller found
12-31 21:16:28.167   944  1048 V WindowManagerShell: Transition doesn't have explicit remote, search filters for match for {id=118 t=OPEN f=0x0 trk=0 r=[0@Point(0, 0)] c=[{m=TO_FRONT f=MOVE_TO_TOP leash=Surface(name=Task=137)/@0x988ffa7 sb=Rect(0, 0 - 1080, 1920) eb=Rect(0, 0 - 1080, 1920) epz=Point(1080, 1920) d=0 taskParent=-1},{m=CLOSE f=NONE leash=Surface(name=Task=139)/@0xf63ec54 sb=Rect(0, 0 - 1080, 1920) eb=Rect(0, 0 - 1080, 1920) epz=Point(1080, 1920) d=0 taskParent=-1}]}
12-31 21:16:28.170   944  1048 V WindowManagerShell:  Checking filter Pair{{types=[] flags=0x0] notFlags=0x0 checks=[{atype=undefined independent=true modes=[CLOSE,TO_BACK] flags=IN_TASK_WITH_EMBEDDED_ACTIVITY mustBeTask=false order=ANY topActivity=null launchCookie=null taskFragmentToken=android.os.BinderProxy@2bca76a windowingMode=undefined}]} RemoteTransition { remoteTransition = android.window.IRemoteTransition$Stub$Proxy@b51c45b, appThread = android.app.IApplicationThread$Stub$Proxy@50684f8, debugName = overlayBackTransition }}
12-31 21:16:28.180   944  1048 V WindowManagerShell:  Checking filter Pair{{types=[] flags=0x0] notFlags=0x0 checks=[{atype=dream independent=true modes=[OPEN,TO_FRONT] flags=NONE mustBeTask=false order=ANY topActivity=null launchCookie=null windowingMode=undefined},{atype=home independent=true modes=[CLOSE,TO_BACK] flags=NONE mustBeTask=false order=ANY topActivity=null launchCookie=null windowingMode=undefined}]} RemoteTransition { remoteTransition = android.window.IRemoteTransition$Stub$Proxy@1a5dd1, appThread = android.app.IApplicationThread$Stub$Proxy@475d036, debugName = LauncherToDream }}
12-31 21:16:28.180   944  1048 V WindowManagerShell:  Checking filter Pair{{types=[] flags=0x0] notFlags=0x100 checks=[{atype=home independent=true modes=[OPEN,TO_FRONT] flags=NONE mustBeTask=false order=TOP topActivity=ComponentInfo{com.google.android.apps.nexuslauncher/com.google.android.apps.nexuslauncher.NexusLauncherActivity} launchCookie=null windowingMode=undefined},{atype=standard independent=true modes=[CLOSE,TO_BACK] flags=NONE mustBeTask=false order=ANY topActivity=null launchCookie=null windowingMode=undefined},{NOT atype=undefined independent=true modes=[] flags=NONE mustBeTask=true order=ANY topActivity=null launchCookie=null customAnim=true windowingMode=undefined}]} RemoteTransition { remoteTransition = android.window.IRemoteTransition$Stub$Proxy@b5e4b37, appThread = android.app.IApplicationThread$Stub$Proxy@59af8a4, debugName = QuickstepLaunchHome }}
12-31 21:16:28.181   944  1048 V WindowManagerShell:  Delegate animation for (#118) to null
12-31 21:16:28.186   944  1048 V WindowManagerShell: start default transition animation, info = {id=118 t=OPEN f=0x0 trk=0 r=[0@Point(0, 0)] c=[{m=TO_FRONT f=MOVE_TO_TOP leash=Surface(name=Task=137)/@0x988ffa7 sb=Rect(0, 0 - 1080, 1920) eb=Rect(0, 0 - 1080, 1920) epz=Point(1080, 1920) d=0 taskParent=-1},{m=CLOSE f=NONE leash=Surface(name=Task=139)/@0xf63ec54 sb=Rect(0, 0 - 1080, 1920) eb=Rect(0, 0 - 1080, 1920) epz=Point(1080, 1920) d=0 taskParent=-1}]}
12-31 21:16:28.201   944  1048 V WindowManagerShell: loadAnimation: anim=android.view.animation.AnimationSet@52a8cf2 animAttr=0x9 type=OPEN isEntrance=false
12-31 21:16:28.204   700   727 V WindowManager: Sent Transition (#118) createdAt=12-31 21:16:26.905 via request=TransitionRequestInfo { type = OPEN, triggerTask = TaskInfo{userId=0 taskId=137 effectiveUid=10226 displayId=0 isRunning=true baseIntent=Intent { act=android.intent.action.MAIN cat=[android.intent.category.LAUNCHER] flg=0x10200000 cmp=host.exp.exponent/.experience.HomeActivity } baseActivity=ComponentInfo{host.exp.exponent/host.exp.exponent.experience.HomeActivity} topActivity=ComponentInfo{host.exp.exponent/host.exp.exponent.LauncherActivity} origActivity=null realActivity=ComponentInfo{host.exp.exponent/host.exp.exponent.experience.HomeActivity} numActivities=2 lastActiveTime=7834836 supportsMultiWindow=true resizeMode=1 isResizeable=true minWidth=-1 minHeight=-1 defaultMinSize=220 token=WCT{RemoteToken{43761b9 Task{ffb77b0 #137 type=standard A=10226:host.exp.exponent}}} topActivityType=1 pictureInPictureParams=null shouldDockBigOverlays=false launchIntoPipHostTaskId=-1 lastParentTaskIdBeforePip=-1 displayCutoutSafeInsets=Rect(0, 0 - 0, 0) topActivityInfo=ActivityInfo{5254b33 host.exp.exponent.LauncherActivity} launchCookies=[] positionInParent=Point(0, 0) parentTaskId=-1 isFocused=false isVisible=false isVisibleRequested=false isTopActivityNoDisplay=false isSleeping=false locusId=null displayAreaFeatureId=1 isTopActivityTransparent=true isActivityStackTransparent=false lastNonFullscreenBounds=Rect(215, 420 - 865, 1500) capturedLink=null capturedLinkTimestamp=0 requestedVisibleTypes=-9 topActivityRequestOpenInBrowserEducationTimestamp=0 appCompatTaskInfo=AppCompatTaskInfo { topActivityInSizeCompat=false eligibleForLetterboxEducation= false isLetterboxEducationEnabled= true isLetterboxDoubleTapEnabled= false eligibleForUserAspectRatioButton= false topActivityBoundsLetterboxed= false isFromLetterboxDoubleTap= false topActivityLetterboxVerticalPosition= -1 topActivityLetterboxHorizontalPosition= -1 topActivityLetterboxWidth=-1 topActivityLetterboxHeight=-1 topActivityAppBounds=Rect(0, 0 - 1080, 1857) isUserFullscreenOverrideEnabled=false isSystemFullscreenOverrideEnabled=false hasMinAspectRatioOverride=false topActivityLetterboxBounds=null cameraCompatTaskInfo=CameraCompatTaskInfo { freeformCameraCompatMode=inactive}} topActivityMainWindowFrame=null}, pipChange = null, remoteTransition = null, displayChange = null, flags = 0, debugId = 118 }
12-31 21:16:28.205   700   727 V WindowManager:     startWCT=WindowContainerTransaction { changes= {} hops= [] errorCallbackToken=null taskFragmentOrganizer=null }
12-31 21:16:28.206   700   727 V WindowManager:     info={id=118 t=OPEN f=0x0 trk=0 r=[0@Point(0, 0)] c=[
12-31 21:16:28.206   700   727 V WindowManager:         {WCT{RemoteToken{43761b9 Task{ffb77b0 #137 type=standard A=10226:host.exp.exponent}}} m=TO_FRONT f=MOVE_TO_TOP leash=Surface(name=Task=137)/@0xa383e84 sb=Rect(0, 0 - 1080, 1920) eb=Rect(0, 0 - 1080, 1920) epz=Point(1080, 1920) d=0 taskParent=-1},
12-31 21:16:28.206   700   727 V WindowManager:         {WCT{RemoteToken{508d7ef Task{abe3a21 #139 type=standard A=10226:host.exp.exponent}}} m=CLOSE f=NONE leash=Surface(name=Task=139)/@0x7767593 sb=Rect(0, 0 - 1080, 1920) eb=Rect(0, 0 - 1080, 1920) epz=Point(1080, 1920) d=0 taskParent=-1}
12-31 21:16:28.206   700   727 V WindowManager:     ]}
12-31 21:16:28.209  1351  1514 I .apps.wellbeing: AssetManager2(0x762c6ada2f98) locale list changing from [] to [en-US]
12-31 21:16:28.210   944  1048 V WindowManagerShell: loadAnimation: anim=android.view.animation.AnimationSet@f3bef43 animAttr=0x8 type=OPEN isEntrance=true
12-31 21:16:28.247   944  1048 V WindowManagerShell:  animated by com.android.wm.shell.transition.DefaultTransitionHandler@dd5d14d
12-31 21:16:28.248   944  1048 V WindowManagerShell: Transition requested (#119): android.os.BinderProxy@34ac84a TransitionRequestInfo { type = CLOSE, triggerTask = null, pipChange = null, remoteTransition = null, displayChange = null, flags = 0, debugId = 119 }
12-31 21:16:28.276   554   563 I BpBinder: onLastStrongRef automatically unlinking death recipients: 
12-31 21:16:28.322 14419 14449 D SessionLifecycleClient: Sending lifecycle 2 to service
12-31 21:16:28.322 14419 14500 D SessionLifecycleService: Activity backgrounding at 8329215
12-31 21:16:28.354   700  1613 W OptProp : Cannot read opt property android.window.PROPERTY_COMPAT_ENABLE_FAKE_FOCUS
12-31 21:16:28.357 14419 14419 W SoLoader: SoLoader already initialized
12-31 21:16:28.357 14419 14419 W unknown:BridgelessReact: ReactHost{0}.onHostResume(activity)
12-31 21:16:28.359   700   898 D BackgroundInstallControlService: Package event received: 0
12-31 21:16:28.359   700   898 D BackgroundInstallControlService: Package event received: 0
12-31 21:16:28.359   700   898 D BackgroundInstallControlService: Package event received: 0
12-31 21:16:28.361 14419 14453 D SessionLifecycleClient: Sending lifecycle 1 to service
12-31 21:16:28.363 14419 14500 D SessionLifecycleService: Activity foregrounding at 8329255.
12-31 21:16:28.375   944 10546 V WindowManagerShell: onTransitionReady(transaction=3006477112685)
12-31 21:16:28.375   700   727 V WindowManager: Sent Transition (#119) createdAt=12-31 21:16:28.214 via request=TransitionRequestInfo { type = CLOSE, triggerTask = null, pipChange = null, remoteTransition = null, displayChange = null, flags = 0, debugId = 119 }
12-31 21:16:28.376   700   727 V WindowManager:     startWCT=WindowContainerTransaction { changes= {} hops= [] errorCallbackToken=null taskFragmentOrganizer=null }
12-31 21:16:28.376   700   727 V WindowManager:     info={id=119 t=CLOSE f=0x0 trk=0 r=[0@Point(0, 0)] c=[
12-31 21:16:28.376   700   727 V WindowManager:         {m=CLOSE f=TRANSLUCENT|FILLS_TASK|IS_OCCLUDED leash=Surface(name=ActivityRecord{65318347 u0 host.exp.exponent/.LauncherActivity)/@0xc6da1c sb=Rect(0, 0 - 1080, 1920) eb=Rect(0, 0 - 1080, 1920) epz=Point(1080, 1920) d=0 bc=ff303030 component=host.exp.exponent/.LauncherActivity opt={t=FROM_STYLE mUserId=0}}
12-31 21:16:28.376   700   727 V WindowManager:     ]}
12-31 21:16:28.378   944  1048 V WindowManagerShell: onTransitionReady (#119) android.os.BinderProxy@34ac84a: {id=119 t=CLOSE f=0x0 trk=0 r=[0@Point(0, 0)] c=[
12-31 21:16:28.378   944  1048 V WindowManagerShell:         {m=CLOSE f=TRANSLUCENT|FILLS_TASK|IS_OCCLUDED leash=Surface(name=ActivityRecord{65318347 u0 host.exp.exponent/.LauncherActivity)/@0x31a03bb sb=Rect(0, 0 - 1080, 1920) eb=Rect(0, 0 - 1080, 1920) epz=Point(1080, 1920) d=0 bc=ff303030 component=host.exp.exponent/.LauncherActivity opt={t=FROM_STYLE mUserId=0}}
12-31 21:16:28.378   944  1048 V WindowManagerShell:     ]}
12-31 21:16:28.379   944  1048 V WindowManagerShell: Transition (#119) android.os.BinderProxy@34ac84a@0 ready while (#118) android.os.BinderProxy@7ee9da8@0 is still animating. Notify the animating transition in case they can be merged
12-31 21:16:28.396   944  1048 V WindowManagerShell: Transition animation finished (aborted=false), notifying core (#118) android.os.BinderProxy@7ee9da8@0
12-31 21:16:28.403   700   727 V WindowManager: Finish Transition (#118): created at 12-31 21:16:26.905 collect-started=0.162ms request-sent=52.079ms started=84.215ms ready=480.599ms sent=1241.251ms commit=120.524ms finished=1497.78ms
12-31 21:16:28.404 14419 14419 D VRI[ErrorActivity]: visibilityChanged oldVisibility=true newVisibility=false
12-31 21:16:28.405   944  1048 V WindowManagerShell: Playing animation for (#119) android.os.BinderProxy@34ac84a@0
12-31 21:16:28.405   944  1048 V ShellRecents: RecentsTransitionHandler.startAnimation: no controller found
12-31 21:16:28.406   944  1048 V WindowManagerShell: Transition doesn't have explicit remote, search filters for match for {id=119 t=CLOSE f=0x0 trk=0 r=[0@Point(0, 0)] c=[{m=CLOSE f=TRANSLUCENT|FILLS_TASK|IS_OCCLUDED leash=Surface(name=ActivityRecord{65318347 u0 host.exp.exponent/.LauncherActivity)/@0x31a03bb sb=Rect(0, 0 - 1080, 1920) eb=Rect(0, 0 - 1080, 1920) epz=Point(1080, 1920) d=0 bc=ff303030 component=host.exp.exponent/.LauncherActivity opt={t=FROM_STYLE mUserId=0}}]}
12-31 21:16:28.406   944  1048 V WindowManagerShell:  Checking filter Pair{{types=[] flags=0x0] notFlags=0x0 checks=[{atype=undefined independent=true modes=[CLOSE,TO_BACK] flags=IN_TASK_WITH_EMBEDDED_ACTIVITY mustBeTask=false order=ANY topActivity=null launchCookie=null taskFragmentToken=android.os.BinderProxy@2bca76a windowingMode=undefined}]} RemoteTransition { remoteTransition = android.window.IRemoteTransition$Stub$Proxy@b51c45b, appThread = android.app.IApplicationThread$Stub$Proxy@50684f8, debugName = overlayBackTransition }}
12-31 21:16:28.406   944  1048 V WindowManagerShell:  Checking filter Pair{{types=[] flags=0x0] notFlags=0x0 checks=[{atype=dream independent=true modes=[OPEN,TO_FRONT] flags=NONE mustBeTask=false order=ANY topActivity=null launchCookie=null windowingMode=undefined},{atype=home independent=true modes=[CLOSE,TO_BACK] flags=NONE mustBeTask=false order=ANY topActivity=null launchCookie=null windowingMode=undefined}]} RemoteTransition { remoteTransition = android.window.IRemoteTransition$Stub$Proxy@1a5dd1, appThread = android.app.IApplicationThread$Stub$Proxy@475d036, debugName = LauncherToDream }}
12-31 21:16:28.406   944  1048 V WindowManagerShell:  Checking filter Pair{{types=[] flags=0x0] notFlags=0x100 checks=[{atype=home independent=true modes=[OPEN,TO_FRONT] flags=NONE mustBeTask=false order=TOP topActivity=ComponentInfo{com.google.android.apps.nexuslauncher/com.google.android.apps.nexuslauncher.NexusLauncherActivity} launchCookie=null windowingMode=undefined},{atype=standard independent=true modes=[CLOSE,TO_BACK] flags=NONE mustBeTask=false order=ANY topActivity=null launchCookie=null windowingMode=undefined},{NOT atype=undefined independent=true modes=[] flags=NONE mustBeTask=true order=ANY topActivity=null launchCookie=null customAnim=true windowingMode=undefined}]} RemoteTransition { remoteTransition = android.window.IRemoteTransition$Stub$Proxy@b5e4b37, appThread = android.app.IApplicationThread$Stub$Proxy@59af8a4, debugName = QuickstepLaunchHome }}
12-31 21:16:28.406   944  1048 V WindowManagerShell:  Delegate animation for (#119) to null
12-31 21:16:28.407   944  1048 V WindowManagerShell: start default transition animation, info = {id=119 t=CLOSE f=0x0 trk=0 r=[0@Point(0, 0)] c=[{m=CLOSE f=TRANSLUCENT|FILLS_TASK|IS_OCCLUDED leash=Surface(name=ActivityRecord{65318347 u0 host.exp.exponent/.LauncherActivity)/@0x31a03bb sb=Rect(0, 0 - 1080, 1920) eb=Rect(0, 0 - 1080, 1920) epz=Point(1080, 1920) d=0 bc=ff303030 component=host.exp.exponent/.LauncherActivity opt={t=FROM_STYLE mUserId=0}}]}
12-31 21:16:28.420   944  1048 V WindowManagerShell: loadAnimation: anim=null animAttr=0x7 type=CLOSE isEntrance=false
12-31 21:16:28.421   944  1048 V WindowManagerShell: Transition animation finished (aborted=false), notifying core (#119) android.os.BinderProxy@34ac84a@0
12-31 21:16:28.430   700   730 W IPCThreadState: Sending oneway calls to frozen process.
12-31 21:16:28.432   700   730 W IPCThreadState: Sending oneway calls to frozen process.
12-31 21:16:28.437   700   730 W IPCThreadState: Sending oneway calls to frozen process.
12-31 21:16:28.447   700   730 W IPCThreadState: Sending oneway calls to frozen process.
12-31 21:16:28.454   944  1048 V WindowManagerShell: Track 0 became idle
12-31 21:16:28.454   944  1048 V WindowManagerShell: All active transition animations finished
12-31 21:16:28.454   944  1048 V WindowManagerShell:  animated by com.android.wm.shell.transition.DefaultTransitionHandler@dd5d14d
12-31 21:16:28.454   944  1048 V WindowManagerShell: Track 0 became idle
12-31 21:16:28.454   944  1048 V WindowManagerShell: All active transition animations finished
12-31 21:16:28.460   700   727 V WindowManager: Finish Transition (#119): created at 12-31 21:16:28.214 collect-started=0.088ms request-sent=0.228ms started=143.862ms ready=143.838ms sent=159.276ms commit=79.329ms finished=222.558ms
12-31 21:16:28.483 14419 14419 D VRI[LauncherActivity]: visibilityChanged oldVisibility=true newVisibility=false
12-31 21:16:28.524   700   816 I ImeTracker: host.exp.exponent:268fe72f: onRequestHide at ORIGIN_SERVER reason HIDE_UNSPECIFIED_WINDOW fromUser false
12-31 21:16:28.581   700  2145 I ImeTracker: system_server:6a0acf0d: onRequestHide at ORIGIN_SERVER reason IME_REQUESTED_CHANGED_LISTENER fromUser false
12-31 21:16:28.591   700   730 I ImeTracker: system_server:6a0acf0d: onCancelled at PHASE_SERVER_SHOULD_HIDE
12-31 21:16:28.606 14419 14419 W WindowOnBackDispatcher: sendCancelIfRunning: isInProgress=false callback=android.view.ViewRootImpl$$ExternalSyntheticLambda13@4198841
12-31 21:16:28.609   700  2145 D CoreBackPreview: Window{bdea078 u0 host.exp.exponent/host.exp.exponent.experience.ErrorActivity}: Setting back callback null
12-31 21:16:28.622 11009 11009 I GoogleInputMethodService: GoogleInputMethodService.onFinishInput():2092 
12-31 21:16:28.668 11009 11009 I Module  : DeviceLockedStatusModuleProvider$Module.updateDeviceLockedStatus():103 repeatCheckTimes = 0, locked = false
12-31 21:16:28.675 14419 14419 D ViewRootImpl: Skipping stats log for color mode
12-31 21:16:28.677 11009 11009 W NotificationCenter: NotificationCenter$NotificationQueue.notifyPendingNotificationsOnExecutor():877 Heavy notify work detected on UI thread: [mnh->kko, mnh->kko, mnh->kko, mnh->kko, mnh->kko, mnh->gix, mnh->kko, mnh->khy, mnh->mma, mnh->kko, mnh->kko, mnh->kko, mnh->kko, mnh->glh, mnh->kko, mnh->opo, mnh->obd, mnh->hiz, mnh->kko, mnh->mmk, mnh->iah, mnh->kmi, mnh->kko, mnh->lrg] takes 25ms
12-31 21:16:28.712   700   898 D BackgroundInstallControlService: Package event received: 0
12-31 21:16:28.734 11009 11009 I GoogleInputMethodService: GoogleInputMethodService.onStartInput():1349 onStartInput(EditorInfo{EditorInfo{packageName=host.exp.exponent, inputType=0, inputTypeString=NULL, enableLearning=false, autoCorrection=false, autoComplete=false, imeOptions=0, privateImeOptions=null, actionName=UNSPECIFIED, actionLabel=null, initialSelStart=-1, initialSelEnd=-1, initialCapsMode=0, label=null, fieldId=0, fieldName=null, extras=null, hintText=null, hintLocales=[]}}, false)
12-31 21:16:28.735  1073  1073 D RecentsView: onTaskRemoved: 139, not handling task stack changes
12-31 21:16:28.736  1073  1073 D RecentsView: onTaskRemoved: 139, not handling task stack changes
12-31 21:16:28.774 11009 11009 I Module  : DeviceLockedStatusModuleProvider$Module.updateDeviceLockedStatus():103 repeatCheckTimes = 1, locked = false
12-31 21:16:28.785  1473 14816 D AdvertisingIdClient: AdvertisingIdClient already created.
12-31 21:16:28.791  1473 14816 D AdvertisingIdClient: AdvertisingIdClient is not bounded. Starting to bind it...
12-31 21:16:28.794  1064  1270 D SatelliteController: iisInCarrierRoamingNbIotNtn: satellite is disabled
12-31 21:16:28.829 11009 11009 W NotificationCenter: NotificationCenter$NotificationQueue.notifyPendingNotificationsOnExecutor():877 Heavy notify work detected on UI thread: [mnh->kko, mnh->kko, mnh->kko, mnh->kko, mnh->kko, mnh->gix, mnh->kko, mnh->khy, mnh->mma, mnh->kko, mnh->kko, mnh->kko, mnh->kko, mnh->glh, mnh->kko, mnh->opo, mnh->obd, mnh->hiz, mnh->kko, mnh->mmk, mnh->iah, mnh->kmi, mnh->kko, mnh->lrg] takes 63ms
12-31 21:16:28.844   700  2010 W PackageConfigPersister: App-specific configuration not found for packageName: host.exp.exponent and userId: 0
12-31 21:16:28.848 14419 14419 W WindowOnBackDispatcher: sendCancelIfRunning: isInProgress=false callback=android.view.ViewRootImpl$$ExternalSyntheticLambda13@dc3c766
12-31 21:16:28.849   700  2010 D CoreBackPreview: Window{f4d5b5 u0 host.exp.exponent/host.exp.exponent.LauncherActivity}: Setting back callback null
12-31 21:16:28.850 14419 14419 D ViewRootImpl: Skipping stats log for color mode
12-31 21:16:28.868 14419 14419 D InsetsController: hide(ime(), fromIme=false)
12-31 21:16:28.870 14419 14419 I ImeTracker: host.exp.exponent:268fe72f: onCancelled at PHASE_CLIENT_ALREADY_HIDDEN
12-31 21:16:28.870   700   898 D BackgroundInstallControlService: Package event received: 0
12-31 21:16:28.872  1473 14816 D AdvertisingIdClient: AdvertisingIdClient is bounded
12-31 21:16:28.914  1473 14816 I AdvertisingIdClient: shouldSendLog 105878
12-31 21:16:28.922  1473 14816 I AdvertisingIdClient: GetInfoInternal elapse 123ms
12-31 21:16:28.941  1244  1244 D BoundBrokerSvc: onRebind: Intent { act=com.google.android.gms.common.telemetry.service.START dat=chimera-action:/... xflg=0x4 cmp=com.google.android.gms/.chimera.PersistentApiService }
12-31 21:16:28.964  1473  1473 I AdvertisingIdClient: getting error as 17: API: ClientTelemetry.API is not available on this device. Connection failed with: ConnectionResult{statusCode=API_DISABLED, resolution=null, message=null, clientMethodKey=null}
12-31 21:16:28.969  1244  1244 D BoundBrokerSvc: onRebind: Intent { act=com.google.android.gms.presencemanager.service.START dat=chimera-action:/... xflg=0x4 cmp=com.google.android.gms/.chimera.PersistentApiService }
12-31 21:16:28.991  1244  1244 D BoundBrokerSvc: onRebind: Intent { act=com.google.android.gms.presencemanager.service.INTERNAL_IDENTITY dat=chimera-action:/... xflg=0x4 cmp=com.google.android.gms/.chimera.PersistentApiService }
12-31 21:16:29.052 14787 14787 D PrimesLoggerHolder: Primes instant initialization
12-31 21:16:29.068  1351  1514 I .apps.wellbeing: AssetManager2(0x762c6ada96b8) locale list changing from [] to [en-US]
12-31 21:16:29.077  1351  1514 I .apps.wellbeing: AssetManager2(0x762c6ad9b5b8) locale list changing from [] to [en-US]
12-31 21:16:29.153 14787 14787 I efqm    : SslGuard completed installation.
12-31 21:16:29.181  1351  1514 I .apps.wellbeing: AssetManager2(0x762c6ada7458) locale list changing from [] to [en-US]
12-31 21:16:29.210  1351  1514 I .apps.wellbeing: AssetManager2(0x762c6adaac98) locale list changing from [] to [en-US]
12-31 21:16:29.230  1351  1514 I .apps.wellbeing: AssetManager2(0x762c6adaa658) locale list changing from [] to [en-US]
12-31 21:16:29.254  1351  1514 I .apps.wellbeing: AssetManager2(0x762c6adab918) locale list changing from [] to [en-US]
12-31 21:16:29.277  1244 14679 I NetworkScheduler: (REDACTED) Error inserting %s
12-31 21:16:29.362 14787 14821 D nativeloader: Load /product/priv-app/PrebuiltBugle/PrebuiltBugle.apk!/lib/x86_64/libnative_crash_handler_jni.so using class loader ns product-clns-10 (caller=/product/priv-app/PrebuiltBugle/PrebuiltBugle.apk!classes4.dex): ok
12-31 21:16:29.634  1244 14782 I NetworkScheduler: (REDACTED) Error inserting %s
12-31 21:16:29.790 14787 14826 I stetho  : Listening on @stetho_com.google.android.apps.messaging_devtools_remote
12-31 21:16:29.804 14787 14787 I Bugle   : BugleApplicationBase: Bugle version: messages.android_20250311_04_rc01.phone_dynamic , Bugle version code: 273168063
12-31 21:16:29.807  1351  1514 I .apps.wellbeing: AssetManager2(0x762c6ada1698) locale list changing from [] to [en-US]
12-31 21:16:29.809 14787 14787 I Bugle   : DarkModeManager: setDarkMode: -1
12-31 21:16:29.813  1351  1514 I .apps.wellbeing: AssetManager2(0x762c6adac598) locale list changing from [] to [en-US]
12-31 21:16:29.815   700   737 V GrammaticalInflectionUtils: AttributionSource: android.content.AttributionSource@1daa38af does not have READ_SYSTEM_GRAMMATICAL_GENDER permission.
12-31 21:16:29.821 14787 14787 D WM-RescheduleReceiver: Received intent Intent { act=android.intent.action.TIME_SET flg=0x25200010 xflg=0x4 cmp=com.google.android.apps.messaging/androidx.work.impl.background.systemalarm.RescheduleReceiver }
12-31 21:16:29.853   700  2010 D FileUtils: Rounded bytes from 2067267584 to 4000000000
12-31 21:16:29.856   481   481 D Zygote  : Forked child process 14830
12-31 21:16:29.857   700   738 I ActivityManager: Start proc 14830:com.google.android.calendar/u0a154 for broadcast {com.google.android.calendar/com.android.calendar.widget.CalendarAppWidgetProvider}
12-31 21:16:29.857   700   738 I ActivityManager: ProcessObserver broadcast disabled
12-31 21:16:29.869 14787 14787 D WM-PackageManagerHelper: Skipping component enablement for androidx.work.impl.background.systemjob.SystemJobService
12-31 21:16:29.869 14787 14787 D WM-Schedulers: Created SystemJobScheduler and enabled SystemJobService
12-31 21:16:29.872 14787 14829 D WM-ForceStopRunnable: Is default app process = true
12-31 21:16:29.878 14787 14829 D WM-ForceStopRunnable: Performing cleanup operations.
12-31 21:16:29.892  1351  1514 I .apps.wellbeing: AssetManager2(0x762c6ada2c78) locale list changing from [] to [en-US]
12-31 21:16:29.896 14787 14829 E ashmem  : Pinning is deprecated since Android Q. Please use trim or other methods.
12-31 21:16:29.925 14830 14830 I ndroid.calendar: Using CollectorTypeCMC GC.
12-31 21:16:29.927 14830 14830 W ndroid.calendar: Unexpected CPU variant for x86: x86_64.
12-31 21:16:29.927 14830 14830 W ndroid.calendar: Known variants: atom, sandybridge, silvermont, goldmont, goldmont-plus, goldmont-without-sha-xsaves, tremont, kabylake, alderlake, default
12-31 21:16:29.933 14830 14830 E ndroid.calendar: Not starting debugger since process cannot load the jdwp agent.
12-31 21:16:29.942 14787 14829 D WM-SystemJobScheduler: Reconciling jobs
12-31 21:16:29.943 14830 14830 D nativeloader: Load libframework-connectivity-tiramisu-jni.so using APEX ns com_android_tethering for caller /apex/com.android.tethering/javalib/framework-connectivity-t.jar: ok
12-31 21:16:29.966 14787 14829 D WM-ForceStopRunnable: Found unfinished work, scheduling it.
12-31 21:16:29.995 14787 14829 W JobInfo : Requested important-while-foreground flag for job1011 is ignored and takes no effect
12-31 21:16:29.996 14787 14829 D WM-SystemJobScheduler: Scheduling work ID 382f9eed-fecd-4477-b04f-f4f7bb1cee78Job ID 1011
12-31 21:16:30.001 14787 14829 W JobInfo : Requested important-while-foreground flag for job1013 is ignored and takes no effect
12-31 21:16:30.001 14787 14829 D WM-SystemJobScheduler: Scheduling work ID 651e0597-5727-46dc-9205-3c6fdec028d4Job ID 1013
12-31 21:16:30.008 14787 14829 W JobInfo : Requested important-while-foreground flag for job1029 is ignored and takes no effect
12-31 21:16:30.009 14787 14829 D WM-SystemJobScheduler: Scheduling work ID 2e778cd8-e389-4622-9ed2-4ae3d5286066Job ID 1029
12-31 21:16:30.013 14787 14829 W JobInfo : Requested important-while-foreground flag for job1790 is ignored and takes no effect
12-31 21:16:30.013 14787 14829 D WM-SystemJobScheduler: Scheduling work ID 439a24fd-1622-4a48-aafb-423b586d2dc5Job ID 1790
12-31 21:16:30.018 14787 14829 D WM-SystemJobScheduler: Scheduling work ID f5564835-b43b-479f-b6c6-c6acb423a72cJob ID 1731
12-31 21:16:30.025 14830 14830 D ApplicationLoaders: Returning zygote-cached class loader: /system/framework/org.apache.http.legacy.jar
12-31 21:16:30.025 14830 14830 D ApplicationLoaders: Returning zygote-cached class loader: /system_ext/framework/androidx.window.extensions.jar
12-31 21:16:30.025 14830 14830 D ApplicationLoaders: Returning zygote-cached class loader: /system_ext/framework/androidx.window.sidecar.jar
12-31 21:16:30.032  1351  1514 I .apps.wellbeing: AssetManager2(0x762c6ad9e7b8) locale list changing from [] to [en-US]
12-31 21:16:30.037 14787 14829 D WM-SystemJobScheduler: Scheduling work ID c5647b1b-b327-4d2a-9aa3-9c2a5421873cJob ID 1031
12-31 21:16:30.053 14787 14829 D WM-SystemJobScheduler: Scheduling work ID 15dc4c2f-478f-41b9-8a38-69c3e2ccb13fJob ID 1767
12-31 21:16:30.066 14787 14829 D WM-SystemJobScheduler: Scheduling work ID 9af5e5e5-190a-4632-bced-0e0b842e126aJob ID 1772
12-31 21:16:30.084   932   932 I wpa_supplicant: wlan0: CTRL-EVENT-BEACON-LOSS 
