--------- beginning of main
12-31 21:12:02.342   932   932 I wpa_supplicant: wlan0: CTRL-EVENT-BEACON-LOSS 
12-31 21:12:05.168  1064  1270 D SatelliteController: iisInCarrierRoamingNbIotNtn: satellite is disabled
12-31 21:12:05.719  1244  1244 D BoundBrokerSvc: onRebind: Intent { act=com.google.android.gms.common.telemetry.service.START dat=chimera-action:/... xflg=0x4 cmp=com.google.android.gms/.chimera.PersistentApiService }
--------- beginning of system
12-31 21:12:05.751   700  1185 W AppOps  : Noting op not finished: uid 10148 pkg com.google.android.gms code 113 startTime of in progress event=1767191914328
12-31 21:12:05.765   700  1185 W AppOps  : Noting op not finished: uid 10148 pkg com.google.android.gms code 79 startTime of in progress event=1767191914328
12-31 21:12:05.785  1244  1806 I ActivityScheduler: nextTriggerTime: 8308327, in 238100ms, detectorType: 39, FULL_TYPE alarmWindowMillis: 80000
12-31 21:12:06.755   700   916 W AppOps  : Noting op not finished: uid 10148 pkg com.google.android.gms code 113 startTime of in progress event=1767191914328
12-31 21:12:10.534   932   932 I wpa_supplicant: wlan0: CTRL-EVENT-BEACON-LOSS 
12-31 21:12:10.741  1244  1244 D BoundBrokerSvc: onUnbind: Intent { act=com.google.android.gms.common.telemetry.service.START dat=chimera-action:/... xflg=0x4 cmp=com.google.android.gms/.chimera.PersistentApiService }
12-31 21:12:12.894  1244  1244 D BoundBrokerSvc: onRebind: Intent { act=com.google.android.gms.common.telemetry.service.START dat=chimera-action:/... xflg=0x4 cmp=com.google.android.gms/.chimera.PersistentApiService }
12-31 21:12:15.170  1064  1270 D SatelliteController: iisInCarrierRoamingNbIotNtn: satellite is disabled
12-31 21:12:17.910  1244  1244 D BoundBrokerSvc: onUnbind: Intent { act=com.google.android.gms.common.telemetry.service.START dat=chimera-action:/... xflg=0x4 cmp=com.google.android.gms/.chimera.PersistentApiService }
12-31 21:12:18.470   932   932 I wpa_supplicant: wlan0: CTRL-EVENT-BEACON-LOSS 
12-31 21:12:18.959 14419 14613 W okhttp.OkHttpClient: A connection to https://exp.host/ was leaked. Did you forget to close a response body? To see where this was allocated, set the OkHttpClient logger level to FINE: Logger.getLogger(OkHttpClient.class.getName()).setLevel(Level.FINE);
12-31 21:12:25.169  1064  1270 D SatelliteController: iisInCarrierRoamingNbIotNtn: satellite is disabled
12-31 21:12:26.408   932   932 I wpa_supplicant: wlan0: CTRL-EVENT-BEACON-LOSS 
12-31 21:12:34.347   932   932 I wpa_supplicant: wlan0: CTRL-EVENT-BEACON-LOSS 
12-31 21:12:34.618   700   916 D WifiNl80211Manager: Scan result ready event
12-31 21:12:34.618   700   916 D WifiNative: Scan result ready event
12-31 21:12:34.621  1244  1754 I WifiScanner: onFullResults
12-31 21:12:34.621  1244  1584 I WifiScanner: onFullResults
12-31 21:12:34.624   700   844 I HalDevMgr: bestIfaceCreationProposal is null, requestIface=STA, existingIface=[name=wlan0 type=STA]
12-31 21:12:35.169  1064  1270 D SatelliteController: iisInCarrierRoamingNbIotNtn: satellite is disabled
12-31 21:12:42.539   932   932 I wpa_supplicant: wlan0: CTRL-EVENT-BEACON-LOSS 
12-31 21:12:45.170  1064  1270 D SatelliteController: iisInCarrierRoamingNbIotNtn: satellite is disabled
12-31 21:12:47.214   700   916 D TelephonyManager: requestModemActivityInfo: Sending result to app: ModemActivityInfo{ mTimestamp=8111650 mSleepTimeMs=1092 mIdleTimeMs=364 mActivityStatsTechSpecificInfo=[{mRat=UNKNOWN,mFrequencyRange=UNKNOWN,mTxTimeMs[]=[26, 78, 156, 208, 234],mRxTimeMs=234}]}
12-31 21:12:50.472   932   932 I wpa_supplicant: wlan0: CTRL-EVENT-BEACON-LOSS 
12-31 21:12:51.729  1410  2022 I bbax    : (REDACTED) getHotwordActive::active query: %s, watch: %s, devices connected: %s
12-31 21:12:55.175  1064  1270 D SatelliteController: iisInCarrierRoamingNbIotNtn: satellite is disabled
12-31 21:12:58.406   932   932 I wpa_supplicant: wlan0: CTRL-EVENT-BEACON-LOSS 
12-31 21:13:05.171  1064  1270 D SatelliteController: iisInCarrierRoamingNbIotNtn: satellite is disabled
12-31 21:13:06.342   932   932 I wpa_supplicant: wlan0: CTRL-EVENT-BEACON-LOSS 
12-31 21:13:14.536   932   932 I wpa_supplicant: wlan0: CTRL-EVENT-BEACON-LOSS 
12-31 21:13:15.171  1064  1270 D SatelliteController: iisInCarrierRoamingNbIotNtn: satellite is disabled
12-31 21:13:15.730  1244  1244 D BoundBrokerSvc: onRebind: Intent { act=com.google.android.gms.common.telemetry.service.START dat=chimera-action:/... xflg=0x4 cmp=com.google.android.gms/.chimera.PersistentApiService }
12-31 21:13:20.737  1244  1244 D BoundBrokerSvc: onUnbind: Intent { act=com.google.android.gms.common.telemetry.service.START dat=chimera-action:/... xflg=0x4 cmp=com.google.android.gms/.chimera.PersistentApiService }
12-31 21:13:22.469   932   932 I wpa_supplicant: wlan0: CTRL-EVENT-BEACON-LOSS 
12-31 21:13:25.176  1064  1270 D SatelliteController: iisInCarrierRoamingNbIotNtn: satellite is disabled
12-31 21:13:30.407   932   932 I wpa_supplicant: wlan0: CTRL-EVENT-BEACON-LOSS 
12-31 21:13:30.723   700   747 D KernelCpuUidUserSysTimeReader: Removing uids 10225-10225
12-31 21:13:30.747   700   747 E BluetoothPowerStatsCollector: Cannot acquire BluetoothActivityEnergyInfo
12-31 21:13:30.747   700   747 E BluetoothPowerStatsCollector: java.util.concurrent.ExecutionException: java.lang.RuntimeException: error: 11
12-31 21:13:30.747   700   747 E BluetoothPowerStatsCollector: 	at java.util.concurrent.CompletableFuture.reportGet(CompletableFuture.java:372)
12-31 21:13:30.747   700   747 E BluetoothPowerStatsCollector: 	at java.util.concurrent.CompletableFuture.get(CompletableFuture.java:2072)
12-31 21:13:30.747   700   747 E BluetoothPowerStatsCollector: 	at com.android.server.power.stats.BluetoothPowerStatsCollector.collectBluetoothActivityInfo(BluetoothPowerStatsCollector.java:192)
12-31 21:13:30.747   700   747 E BluetoothPowerStatsCollector: 	at com.android.server.power.stats.BluetoothPowerStatsCollector.collectStats(BluetoothPowerStatsCollector.java:155)
12-31 21:13:30.747   700   747 E BluetoothPowerStatsCollector: 	at com.android.server.power.stats.PowerStatsCollector.collectAndDeliverStats(PowerStatsCollector.java:176)
12-31 21:13:30.747   700   747 E BluetoothPowerStatsCollector: 	at com.android.server.power.stats.PowerStatsCollector$$ExternalSyntheticLambda0.run(R8$$SyntheticClass:0)
12-31 21:13:30.747   700   747 E BluetoothPowerStatsCollector: 	at android.os.Handler.handleCallback(Handler.java:995)
12-31 21:13:30.747   700   747 E BluetoothPowerStatsCollector: 	at android.os.Handler.dispatchMessage(Handler.java:103)
12-31 21:13:30.747   700   747 E BluetoothPowerStatsCollector: 	at android.os.Looper.loopOnce(Looper.java:248)
12-31 21:13:30.747   700   747 E BluetoothPowerStatsCollector: 	at android.os.Looper.loop(Looper.java:338)
12-31 21:13:30.747   700   747 E BluetoothPowerStatsCollector: 	at android.os.HandlerThread.run(HandlerThread.java:85)
12-31 21:13:30.747   700   747 E BluetoothPowerStatsCollector: Caused by: java.lang.RuntimeException: error: 11
12-31 21:13:30.747   700   747 E BluetoothPowerStatsCollector: 	at com.android.server.power.stats.BluetoothPowerStatsCollector$1.onBluetoothActivityEnergyInfoError(BluetoothPowerStatsCollector.java:181)
12-31 21:13:30.747   700   747 E BluetoothPowerStatsCollector: 	at android.bluetooth.BluetoothAdapter$OnBluetoothActivityEnergyInfoProxy.lambda$onBluetoothActivityEnergyInfoAvailable$0(BluetoothAdapter.java:1037)
12-31 21:13:30.747   700   747 E BluetoothPowerStatsCollector: 	at android.bluetooth.BluetoothAdapter$OnBluetoothActivityEnergyInfoProxy$$ExternalSyntheticLambda1.run(D8$$SyntheticClass:0)
12-31 21:13:30.747   700   747 E BluetoothPowerStatsCollector: 	at android.bluetooth.BluetoothUtils.lambda$executeFromBinder$0(BluetoothUtils.java:343)
12-31 21:13:30.747   700   747 E BluetoothPowerStatsCollector: 	at android.bluetooth.BluetoothUtils$$ExternalSyntheticLambda1.run(D8$$SyntheticClass:0)
12-31 21:13:30.747   700   747 E BluetoothPowerStatsCollector: 	at com.android.server.SystemServerInitThreadPool$$ExternalSyntheticLambda0.execute(R8$$SyntheticClass:0)
12-31 21:13:30.747   700   747 E BluetoothPowerStatsCollector: 	at android.bluetooth.BluetoothUtils.executeFromBinder(BluetoothUtils.java:343)
12-31 21:13:30.747   700   747 E BluetoothPowerStatsCollector: 	at android.bluetooth.BluetoothAdapter$OnBluetoothActivityEnergyInfoProxy.onBluetoothActivityEnergyInfoAvailable(BluetoothAdapter.java:1035)
12-31 21:13:30.747   700   747 E BluetoothPowerStatsCollector: 	at android.bluetooth.IBluetoothActivityEnergyInfoListener$Stub.onTransact(IBluetoothActivityEnergyInfoListener.java:98)
12-31 21:13:30.747   700   747 E BluetoothPowerStatsCollector: 	at android.os.Binder.execTransactInternal(Binder.java:1426)
12-31 21:13:30.747   700   747 E BluetoothPowerStatsCollector: 	at android.os.Binder.execTransact(Binder.java:1365)
12-31 21:13:35.173  1064  1270 D SatelliteController: iisInCarrierRoamingNbIotNtn: satellite is disabled
12-31 21:13:38.350   932   932 I wpa_supplicant: wlan0: CTRL-EVENT-BEACON-LOSS 
12-31 21:13:45.173  1064  1270 D SatelliteController: iisInCarrierRoamingNbIotNtn: satellite is disabled
12-31 21:13:46.536   932   932 I wpa_supplicant: wlan0: CTRL-EVENT-BEACON-LOSS 
12-31 21:13:51.729  1410  2025 I bbax    : (REDACTED) getHotwordActive::active query: %s, watch: %s, devices connected: %s
12-31 21:13:54.470   932   932 I wpa_supplicant: wlan0: CTRL-EVENT-BEACON-LOSS 
12-31 21:13:55.174  1064  1270 D SatelliteController: iisInCarrierRoamingNbIotNtn: satellite is disabled
12-31 21:14:02.408   932   932 I wpa_supplicant: wlan0: CTRL-EVENT-BEACON-LOSS 
12-31 21:14:05.173  1064  1270 D SatelliteController: iisInCarrierRoamingNbIotNtn: satellite is disabled
12-31 21:14:10.343   932   932 I wpa_supplicant: wlan0: CTRL-EVENT-BEACON-LOSS 
12-31 21:14:15.174  1064  1270 D SatelliteController: iisInCarrierRoamingNbIotNtn: satellite is disabled
12-31 21:14:18.534   932   932 I wpa_supplicant: wlan0: CTRL-EVENT-BEACON-LOSS 
12-31 21:14:25.177  1064  1270 D SatelliteController: iisInCarrierRoamingNbIotNtn: satellite is disabled
12-31 21:14:26.470   932   932 I wpa_supplicant: wlan0: CTRL-EVENT-BEACON-LOSS 
12-31 21:14:34.406   932   932 I wpa_supplicant: wlan0: CTRL-EVENT-BEACON-LOSS 
12-31 21:14:35.174  1064  1270 D SatelliteController: iisInCarrierRoamingNbIotNtn: satellite is disabled
12-31 21:14:42.250  1005  1153 D ApfFilter: (wlan0): Adding RA fe80::2 -> ff02::1 1800s fec0::/64 86400s/14400s 
12-31 21:14:42.253  1244  1244 D BoundBrokerSvc: onRebind: Intent { act=com.google.android.gms.common.telemetry.service.START dat=chimera-action:/... xflg=0x4 cmp=com.google.android.gms/.chimera.PersistentApiService }
12-31 21:14:42.342   932   932 I wpa_supplicant: wlan0: CTRL-EVENT-BEACON-LOSS 
12-31 21:14:42.942  1351  1351 W TimedProcessReaper: Memory state is: 125
12-31 21:14:45.179  1064  1270 D SatelliteController: iisInCarrierRoamingNbIotNtn: satellite is disabled
12-31 21:14:47.267  1244  1244 D BoundBrokerSvc: onUnbind: Intent { act=com.google.android.gms.common.telemetry.service.START dat=chimera-action:/... xflg=0x4 cmp=com.google.android.gms/.chimera.PersistentApiService }
12-31 21:14:50.535   932   932 I wpa_supplicant: wlan0: CTRL-EVENT-BEACON-LOSS 
12-31 21:14:51.727  1410  2025 I bbax    : (REDACTED) getHotwordActive::active query: %s, watch: %s, devices connected: %s
12-31 21:14:53.701   700   792 I JobServiceContext: Letting eb5c582 #u0a146/9943 com.android.vending/com.google.android.finsky.scheduler.process.mainimpl.PhoneskyJobServiceMain continue to run past min execution time
12-31 21:14:55.175  1064  1270 D SatelliteController: iisInCarrierRoamingNbIotNtn: satellite is disabled
12-31 21:14:58.469   932   932 I wpa_supplicant: wlan0: CTRL-EVENT-BEACON-LOSS 
12-31 21:15:05.176  1064  1270 D SatelliteController: iisInCarrierRoamingNbIotNtn: satellite is disabled
12-31 21:15:06.406   932   932 I wpa_supplicant: wlan0: CTRL-EVENT-BEACON-LOSS 
12-31 21:15:14.344   932   932 I wpa_supplicant: wlan0: CTRL-EVENT-BEACON-LOSS 
12-31 21:15:14.640   700  2145 D WifiNl80211Manager: Scan result ready event
12-31 21:15:14.640   700  2145 D WifiNative: Scan result ready event
12-31 21:15:14.644  1244  1754 I WifiScanner: onFullResults
12-31 21:15:14.644  1244  1584 I WifiScanner: onFullResults
12-31 21:15:14.650   700   844 I HalDevMgr: bestIfaceCreationProposal is null, requestIface=STA, existingIface=[name=wlan0 type=STA]
12-31 21:15:15.179  1064  1270 D SatelliteController: iisInCarrierRoamingNbIotNtn: satellite is disabled
12-31 21:15:22.535   932   932 I wpa_supplicant: wlan0: CTRL-EVENT-BEACON-LOSS 
12-31 21:15:25.175  1064  1270 D SatelliteController: iisInCarrierRoamingNbIotNtn: satellite is disabled
12-31 21:15:30.471   932   932 I wpa_supplicant: wlan0: CTRL-EVENT-BEACON-LOSS 
12-31 21:15:35.176  1064  1270 D SatelliteController: iisInCarrierRoamingNbIotNtn: satellite is disabled
12-31 21:15:38.407   932   932 I wpa_supplicant: wlan0: CTRL-EVENT-BEACON-LOSS 
12-31 21:15:45.175  1064  1270 D SatelliteController: iisInCarrierRoamingNbIotNtn: satellite is disabled
12-31 21:15:46.342   932   932 I wpa_supplicant: wlan0: CTRL-EVENT-BEACON-LOSS 
12-31 21:15:51.732  1410  1791 I bbax    : (REDACTED) getHotwordActive::active query: %s, watch: %s, devices connected: %s
12-31 21:15:54.536   932   932 I wpa_supplicant: wlan0: CTRL-EVENT-BEACON-LOSS 
12-31 21:15:55.176  1064  1270 D SatelliteController: iisInCarrierRoamingNbIotNtn: satellite is disabled
12-31 21:16:02.470   932   932 I wpa_supplicant: wlan0: CTRL-EVENT-BEACON-LOSS 
12-31 21:16:05.177  1064  1270 D SatelliteController: iisInCarrierRoamingNbIotNtn: satellite is disabled
12-31 21:16:08.471 14702 14702 W screencap: Thread Pool max thread count is 0. Cannot cache binder as linkToDeath cannot be implemented. serviceName: SurfaceFlingerAIDL
12-31 21:16:08.473 14702 14702 W BpBinder: Linking to death on android.gui.ISurfaceComposer but there are no threads (yet?) listening to incoming transactions. See ProcessState::startThreadPool and ProcessState::setThreadPoolMaxThreadCount. Generally you should setup the binder threadpool before other initialization steps.
12-31 21:16:08.474 14702 14702 W ProcessState: Extra binder thread started, but 0 threads requested. Do not use *startThreadPool when zero threads are requested.
12-31 21:16:08.486   554  1128 E HwcComposer: getLuts failed Status(-8, EX_SERVICE_SPECIFIC): '8: '
12-31 21:16:08.486   554  1128 E HWComposer: getLuts: getLuts failed for display 4619827259835644672: UNSUPPORTED (8)
12-31 21:16:08.790   700  2145 I ActivityManager: Broadcasting: Intent { act=android.intent.action.MEDIA_SCANNER_SCAN_FILE dat=file:///... flg=0x400000 }
12-31 21:16:08.793   700  2145 I ActivityManager: Enqueued broadcast Intent { act=android.intent.action.MEDIA_SCANNER_SCAN_FILE dat=file:///... flg=0x400000 }: 0
12-31 21:16:08.813   700   916 W JobInfo : Job 'com.google.android.providers.media.module/com.android.providers.media.MediaService#-300' has a deadline with no functional constraints. The deadline won't improve job execution latency. Consider removing the deadline.
12-31 21:16:08.825   700   727 I ActivityManager: Broadcast completed: result=0
12-31 21:16:08.832  1370  1825 I MediaProvider: Begin Intent { act=android.intent.action.MEDIA_SCANNER_SCAN_FILE dat=file:///... flg=0x1400010 cmp=com.google.android.providers.media.module/com.android.providers.media.MediaService }
12-31 21:16:08.932  1370  1825 I MediaProvider: End Intent { act=android.intent.action.MEDIA_SCANNER_SCAN_FILE dat=file:///... flg=0x1400010 cmp=com.google.android.providers.media.module/com.android.providers.media.MediaService }
12-31 21:16:09.058   700  2155 D ActivityManager: sync unfroze 1473 com.google.android.gms for 6
12-31 21:16:09.107  1244  1244 D BoundBrokerSvc: onRebind: Intent { act=com.google.android.gms.common.telemetry.service.START dat=chimera-action:/... xflg=0x4 cmp=com.google.android.gms/.chimera.PersistentApiService }
12-31 21:16:09.112   700  2145 W ProcessStats: Tracking association SourceState{fd00c43 com.google.android.gms.persistent/10148 ImpBg #10926} whose proc state 6 is better than process ProcessState{b0e634e com.google.android.gms/10148 pkg=com.google.android.gms} proc state 14 (0 skipped)
12-31 21:16:09.113  1244 14679 I NetworkScheduler.Stats: (REDACTED) Task %s/%s started execution. cause:%s exec_start_elapsed_seconds: %s
12-31 21:16:09.132  1244 14678 I NetworkScheduler.Stats: (REDACTED) Task %s/%s finished executing. cause:%s result: %s elapsed_millis: %s uptime_millis: %s exec_start_elapsed_seconds: %s
12-31 21:16:09.213  1244 14679 I NetworkScheduler.Stats: (REDACTED) Task %s/%s started execution. cause:%s exec_start_elapsed_seconds: %s
12-31 21:16:09.433   481   481 D Zygote  : Forked child process 14717
12-31 21:16:09.433   700   738 W ActivityManager: Slow operation: 176ms so far, now at startProcess: returned from zygote!
12-31 21:16:09.433   700   738 W ActivityManager: Slow operation: 176ms so far, now at startProcess: done updating battery stats
12-31 21:16:09.434   700   738 W ActivityManager: Slow operation: 177ms so far, now at startProcess: building log message
12-31 21:16:09.434   700   738 I ActivityManager: Start proc 14717:com.google.android.gms.unstable/u0a148 for service {com.google.android.gms/com.google.android.gms.droidguard.DroidGuardService}
12-31 21:16:09.434   700   738 W ActivityManager: Slow operation: 177ms so far, now at startProcess: starting to update pids map
12-31 21:16:09.435   700   738 I ActivityManager: ProcessObserver broadcast disabled
12-31 21:16:09.435   700   738 W ActivityManager: Slow operation: 178ms so far, now at startProcess: done updating pids map
12-31 21:16:09.566 14717 14717 I id.gms.unstable: Using CollectorTypeCMC GC.
12-31 21:16:09.577 14717 14717 W id.gms.unstable: Unexpected CPU variant for x86: x86_64.
12-31 21:16:09.577 14717 14717 W id.gms.unstable: Known variants: atom, sandybridge, silvermont, goldmont, goldmont-plus, goldmont-without-sha-xsaves, tremont, kabylake, alderlake, default
12-31 21:16:09.602 14717 14717 E id.gms.unstable: Not starting debugger since process cannot load the jdwp agent.
12-31 21:16:09.624 14717 14717 D nativeloader: Load libframework-connectivity-tiramisu-jni.so using APEX ns com_android_tethering for caller /apex/com.android.tethering/javalib/framework-connectivity-t.jar: ok
12-31 21:16:09.732 14717 14717 D ApplicationLoaders: Returning zygote-cached class loader: /system/framework/org.apache.http.legacy.jar
12-31 21:16:09.732 14717 14717 D ApplicationLoaders: Returning zygote-cached class loader: /system/framework/com.android.media.remotedisplay.jar
12-31 21:16:09.732 14717 14717 D ApplicationLoaders: Returning zygote-cached class loader: /system/framework/com.android.location.provider.jar
12-31 21:16:09.732 14717 14717 D ApplicationLoaders: Returning zygote-cached class loader: /system_ext/framework/androidx.window.extensions.jar
12-31 21:16:09.732 14717 14717 D ApplicationLoaders: Returning zygote-cached class loader: /system_ext/framework/androidx.window.sidecar.jar
12-31 21:16:10.233 14717 14717 D nativeloader: Configuring clns-9 for other apk /data/app/~~L-no3-LCubkEcXtbIVxrsQ==/com.google.android.gms-KrwgmBiPP1A-yHty6PSLIg==/base.apk. target_sdk_version=36, uses_libraries=, library_path=/data/app/~~L-no3-LCubkEcXtbIVxrsQ==/com.google.android.gms-KrwgmBiPP1A-yHty6PSLIg==/lib/x86_64:/data/app/~~L-no3-LCubkEcXtbIVxrsQ==/com.google.android.gms-KrwgmBiPP1A-yHty6PSLIg==/base.apk!/lib/x86_64, permitted_path=/data:/mnt/expand:/data/user/0/com.google.android.gms
12-31 21:16:10.405   932   932 I wpa_supplicant: wlan0: CTRL-EVENT-BEACON-LOSS 
12-31 21:16:10.419 14717 14717 I id.gms.unstable: AssetManager2(0x762c6ad857b8) locale list changing from [] to [en-US]
12-31 21:16:10.466 14717 14717 V GraphicsEnvironment: Currently set values for:
12-31 21:16:10.466 14717 14717 V GraphicsEnvironment:   angle_gl_driver_selection_pkgs=[]
12-31 21:16:10.466 14717 14717 V GraphicsEnvironment:   angle_gl_driver_selection_values=[]
12-31 21:16:10.466 14717 14717 V GraphicsEnvironment: com.google.android.gms is not listed in per-application setting
12-31 21:16:10.466 14717 14717 V GraphicsEnvironment: ANGLE allowlist from config: 
12-31 21:16:10.466 14717 14717 V GraphicsEnvironment: com.google.android.gms is not listed in ANGLE allowlist or settings, returning default
12-31 21:16:10.466 14717 14717 V GraphicsEnvironment: Neither updatable production driver nor prerelease driver is supported.
12-31 21:16:10.747 14717 14717 I GmsApplication: Using GservicesReaderQueryDelegate
12-31 21:16:10.923 14717 14717 W ProviderHelper: Unknown dynamite feature providerinstaller.dynamite
12-31 21:16:10.923 14717 14717 I DynamiteModule: Considering local module com.google.android.gms.providerinstaller.dynamite:1 and remote module com.google.android.gms.providerinstaller.dynamite:0
12-31 21:16:10.923 14717 14717 I DynamiteModule: Selected local version of com.google.android.gms.providerinstaller.dynamite
12-31 21:16:11.058 14717 14717 D nativeloader: Load /data/app/~~L-no3-LCubkEcXtbIVxrsQ==/com.google.android.gms-KrwgmBiPP1A-yHty6PSLIg==/base.apk!/lib/x86_64/libconscrypt_gmscore_jni.so using class loader ns clns-9 (caller=/data/app/~~L-no3-LCubkEcXtbIVxrsQ==/com.google.android.gms-KrwgmBiPP1A-yHty6PSLIg==/base.apk): ok
12-31 21:16:11.061 14717 14717 V NativeCrypto: Registering com/google/android/gms/org/conscrypt/NativeCrypto's 329 native methods...
12-31 21:16:11.123 14717 14717 I ProviderInstaller: Installed default security provider GmsCore_OpenSSL
12-31 21:16:11.168 14717 14741 I Watchcat: Started
12-31 21:16:11.180   700   898 D BackgroundInstallControlService: Package event received: 0
12-31 21:16:11.183 14717 14741 I GMS_MM_Logger: (REDACTED) Start time: %s
12-31 21:16:11.184 14717 14741 I GMS_MM_Logger: Started.
12-31 21:16:11.318 14717 14731 I furm    : (REDACTED) Shared storage file not found for %s
12-31 21:16:11.385 14717 14726 E ashmem  : Pinning is deprecated since Android Q. Please use trim or other methods.
12-31 21:16:11.650 14717 14726 W TracingHelper: No RequestContext found in the trace or trace not available. [CONTEXT service_id=259 ratelimit_count=100000 ]
12-31 21:16:11.750 14717 14726 D nativeloader: Configuring clns-10 for other apk . target_sdk_version=36, uses_libraries=ALL, library_path=, permitted_path=/data:/mnt/expand
12-31 21:16:11.753 14717 14726 D nativeloader: Load /data/user/0/com.google.android.gms/app_dg_cache/4C804C498047991068B7703A3662CB65242D8D66/the.apk!/libd9D86E314CC3A.so using isolated ns clns-10 (caller=/data/user/0/com.google.android.gms/app_dg_cache/4C804C498047991068B7703A3662CB65242D8D66/the.apk): ok
12-31 21:16:11.862   700   898 D BackgroundInstallControlService: Package event received: 0
12-31 21:16:11.866  1473  1473 D BoundBrokerSvc: onBind: Intent { act=com.google.android.gms.checkin.START xflg=0x4 pkg=com.google.android.gms }
12-31 21:16:11.866  1473  1473 D BoundBrokerSvc: Loading bound service for intent: Intent { act=com.google.android.gms.checkin.START xflg=0x4 pkg=com.google.android.gms }
12-31 21:16:11.883  1473  1612 I Checkin : [CheckinApiChimeraService] onGetService
12-31 21:16:11.992 14717 14726 W libc    : Access denied finding property "persist.adb.tls_server.enable"
12-31 21:16:11.987 14717 14717 W binder:14717_2: type=1400 audit(0.0:3731): avc:  denied  { read } for  name="u:object_r:system_adbd_prop:s0" dev="tmpfs" ino=334 scontext=u:r:gmscore_app:s0:c512,c768 tcontext=u:object_r:system_adbd_prop:s0 tclass=file permissive=0 app=com.google.android.gms
12-31 21:16:12.008   700  2642 D FileUtils: Rounded bytes from 2067267584 to 4000000000
12-31 21:16:12.109  1244  9688 W GmsUrlRequestImpl: [https://android.googleapis.com/auth/devicekey] Content-Type header is overwritten.
12-31 21:16:12.507  1244  9688 W GLSUser : [AppCertManager] Exception while requesting key: 
12-31 21:16:12.507  1244  9688 W GLSUser : java.util.concurrent.ExecutionException: cpij: Parse Proto Exception with response code 400
12-31 21:16:12.507  1244  9688 W GLSUser : 	at gsdi.j(:com.google.android.gms@254730038@25.47.30 (260800-833691957):21)
12-31 21:16:12.507  1244  9688 W GLSUser : 	at gsdr.u(:com.google.android.gms@254730038@25.47.30 (260800-833691957):71)
12-31 21:16:12.507  1244  9688 W GLSUser : 	at ajbi.b(:com.google.android.gms@254730038@25.47.30 (260800-833691957):439)
12-31 21:16:12.507  1244  9688 W GLSUser : 	at ajbg.b(:com.google.android.gms@254730038@25.47.30 (260800-833691957):29)
12-31 21:16:12.507  1244  9688 W GLSUser : 	at ajbb.a(:com.google.android.gms@254730038@25.47.30 (260800-833691957):1)
12-31 21:16:12.507  1244  9688 W GLSUser : 	at ajbe.a(:com.google.android.gms@254730038@25.47.30 (260800-833691957):58)
12-31 21:16:12.507  1244  9688 W GLSUser : 	at aebw.call(:com.google.android.gms@254730038@25.47.30 (260800-833691957):56)
12-31 21:16:12.507  1244  9688 W GLSUser : 	at java.util.concurrent.FutureTask.run(FutureTask.java:317)
12-31 21:16:12.507  1244  9688 W GLSUser : 	at bder.c(:com.google.android.gms@254730038@25.47.30 (260800-833691957):50)
12-31 21:16:12.507  1244  9688 W GLSUser : 	at bder.run(:com.google.android.gms@254730038@25.47.30 (260800-833691957):73)
12-31 21:16:12.507  1244  9688 W GLSUser : 	at java.util.concurrent.ThreadPoolExecutor.runWorker(ThreadPoolExecutor.java:1156)
12-31 21:16:12.507  1244  9688 W GLSUser : 	at java.util.concurrent.ThreadPoolExecutor$Worker.run(ThreadPoolExecutor.java:651)
12-31 21:16:12.507  1244  9688 W GLSUser : 	at bdki.run(:com.google.android.gms@254730038@25.47.30 (260800-833691957):8)
12-31 21:16:12.507  1244  9688 W GLSUser : 	at java.lang.Thread.run(Thread.java:1119)
12-31 21:16:12.507  1244  9688 W GLSUser : Caused by: cpij: Parse Proto Exception with response code 400
12-31 21:16:12.507  1244  9688 W GLSUser : 	at cpjm.e(:com.google.android.gms@254730038@25.47.30 (260800-833691957):71)
12-31 21:16:12.507  1244  9688 W GLSUser : 	at cply.d(:com.google.android.gms@254730038@25.47.30 (260800-833691957):18)
12-31 21:16:12.507  1244  9688 W GLSUser : 	at cpmp.onSucceeded(:com.google.android.gms@254730038@25.47.30 (260800-833691957):9)
12-31 21:16:12.507  1244  9688 W GLSUser : 	at m1.ne.onSucceeded(:com.google.android.gms.dynamite_cronetdynamite@254730038@25.47.30 (260800-0):3)
12-31 21:16:12.507  1244  9688 W GLSUser : 	at m1.lx.run(:com.google.android.gms.dynamite_cronetdynamite@254730038@25.47.30 (260800-0):21)
12-31 21:16:12.507  1244  9688 W GLSUser : 	at m1.lr.run(:com.google.android.gms.dynamite_cronetdynamite@254730038@25.47.30 (260800-0):31)
12-31 21:16:12.507  1244  9688 W GLSUser : 	... 6 more
12-31 21:16:12.507  1244  9688 W GLSUser : Caused by: hmmr: Protocol message contained an invalid tag (zero).
12-31 21:16:12.507  1244  9688 W GLSUser : 	at hmjr.k(:com.google.android.gms@254730038@25.47.30 (260800-833691957):43)
12-31 21:16:12.507  1244  9688 W GLSUser : 	at hmnp.c(:com.google.android.gms@254730038@25.47.30 (260800-833691957):399)
12-31 21:16:12.507  1244  9688 W GLSUser : 	at hmnp.i(:com.google.android.gms@254730038@25.47.30 (260800-833691957):8)
12-31 21:16:12.507  1244  9688 W GLSUser : 	at hmlv.y(:com.google.android.gms@254730038@25.47.30 (260800-833691957):23)
12-31 21:16:12.507  1244  9688 W GLSUser : 	at hmlq.g(:com.google.android.gms@254730038@25.47.30 (260800-833691957):3)
12-31 21:16:12.507  1244  9688 W GLSUser : 	at hmjn.e(:com.google.android.gms@254730038@25.47.30 (260800-833691957):1)
12-31 21:16:12.507  1244  9688 W GLSUser : 	at hmjn.d(:com.google.android.gms@254730038@25.47.30 (260800-833691957):3)
12-31 21:16:12.507  1244  9688 W GLSUser : 	at hmjn.p(:com.google.android.gms@254730038@25.47.30 (260800-833691957):1)
12-31 21:16:12.507  1244  9688 W GLSUser : 	at cpjm.g(:com.google.android.gms@254730038@25.47.30 (260800-833691957):69)
12-31 21:16:12.507  1244  9688 W GLSUser : 	at cpjm.e(:com.google.android.gms@254730038@25.47.30 (260800-833691957):11)
12-31 21:16:12.507  1244  9688 W GLSUser : 	... 11 more
12-31 21:16:12.513  1244 14679 I NetworkScheduler.Stats: (REDACTED) Task %s/%s finished executing. cause:%s result: %s elapsed_millis: %s uptime_millis: %s exec_start_elapsed_seconds: %s
12-31 21:16:14.119  1244  1244 D BoundBrokerSvc: onUnbind: Intent { act=com.google.android.gms.common.telemetry.service.START dat=chimera-action:/... xflg=0x4 cmp=com.google.android.gms/.chimera.PersistentApiService }
12-31 21:16:15.176  1064  1270 D SatelliteController: iisInCarrierRoamingNbIotNtn: satellite is disabled
12-31 21:16:18.346   932   932 I wpa_supplicant: wlan0: CTRL-EVENT-BEACON-LOSS 
12-31 21:16:20.534   700   727 D SystemClockTime: Setting time of day to sec=1767195984
12-31 21:16:24.109   700   700 D DevicePolicyManager: updateSystemUpdateFreezePeriodsRecord
12-31 21:16:24.129   700   791 I UsageStatsService: User[0] Time changed in by 3 seconds
12-31 21:16:24.137   700   791 I UsageStatsService: User[0] Flushing usage stats to disk
12-31 21:16:24.157  1073  1114 D PackageUpdatedTask: Package updated: mOp=UPDATE packages=[com.google.android.calendar], user=UserHandle{0}
12-31 21:16:24.193   481   481 D Zygote  : Forked child process 14759
12-31 21:16:24.198   700   738 W ActivityManager: Slow operation: 81ms so far, now at startProcess: returned from zygote!
12-31 21:16:24.205   700   737 D ActivityManager: sync unfroze 11013 com.google.android.googlequicksearchbox:search for 3
12-31 21:16:24.240   700   738 W ActivityManager: Slow operation: 123ms so far, now at startProcess: done updating battery stats
12-31 21:16:24.240   700   738 W ActivityManager: Slow operation: 123ms so far, now at startProcess: building log message
12-31 21:16:24.240   700   738 I ActivityManager: Start proc 14759:com.android.settings/1000 for broadcast {com.android.settings/com.android.settings.fuelgauge.batteryusage.BootBroadcastReceiver}
12-31 21:16:24.240   700   738 W ActivityManager: Slow operation: 123ms so far, now at startProcess: starting to update pids map
12-31 21:16:24.242   700   738 I ActivityManager: ProcessObserver broadcast disabled
12-31 21:16:24.242   700   738 W ActivityManager: Slow operation: 125ms so far, now at startProcess: done updating pids map
12-31 21:16:24.274   700   791 I UsageStatsDatabase: Time changed by +3s549ms. files deleted: 0 files moved: 7
12-31 21:16:24.281   700   791 V Configuration: Updating configuration, locales updated from [] to [en_US]
12-31 21:16:24.281   700   791 V Configuration: Updating configuration, locales updated from [] to [en_US]
12-31 21:16:24.282   700   791 V Configuration: Updating configuration, locales updated from [] to [en_US]
12-31 21:16:24.282   700   791 V Configuration: Updating configuration, locales updated from [] to [en_US]
12-31 21:16:24.282   700   791 V Configuration: Updating configuration, locales updated from [] to [en_US]
12-31 21:16:24.282   700   791 V Configuration: Updating configuration, locales updated from [] to [en_US]
12-31 21:16:24.282   700   791 V Configuration: Updating configuration, locales updated from [] to [en_US]
12-31 21:16:24.282   700   791 V Configuration: Updating configuration, locales updated from [] to [en_US]
12-31 21:16:24.282 14759 14759 I ndroid.settings: Using CollectorTypeCMC GC.
12-31 21:16:24.282   700   791 D IntervalStats: Unable to parse usage stats packages: [256, 257]
12-31 21:16:24.291   700   791 V Configuration: Updating configuration, locales updated from [] to [en_US]
12-31 21:16:24.291   700   791 V Configuration: Updating configuration, locales updated from [] to [en_US]
12-31 21:16:24.291   700   791 V Configuration: Updating configuration, locales updated from [] to [en_US]
12-31 21:16:24.296 14759 14759 W ndroid.settings: Unexpected CPU variant for x86: x86_64.
12-31 21:16:24.296 14759 14759 W ndroid.settings: Known variants: atom, sandybridge, silvermont, goldmont, goldmont-plus, goldmont-without-sha-xsaves, tremont, kabylake, alderlake, default
12-31 21:16:24.300 14759 14759 E ndroid.settings: Not starting debugger since process cannot load the jdwp agent.
12-31 21:16:24.313   700   791 V Configuration: Updating configuration, locales updated from [] to [en_US]
12-31 21:16:24.313   700   791 V Configuration: Updating configuration, locales updated from [] to [en_US]
12-31 21:16:24.313   700   791 V Configuration: Updating configuration, locales updated from [] to [en_US]
12-31 21:16:24.313   700   791 V Configuration: Updating configuration, locales updated from [] to [en_US]
12-31 21:16:24.313   700   791 V Configuration: Updating configuration, locales updated from [] to [en_US]
12-31 21:16:24.318   700   791 V Configuration: Updating configuration, locales updated from [] to [en_US]
12-31 21:16:24.319   700   791 V Configuration: Updating configuration, locales updated from [] to [en_US]
12-31 21:16:24.319   700   791 V Configuration: Updating configuration, locales updated from [] to [en_US]
12-31 21:16:24.319   700   791 V Configuration: Updating configuration, locales updated from [] to [en_US]
12-31 21:16:24.319   700   791 V Configuration: Updating configuration, locales updated from [] to [en_US]
12-31 21:16:24.319   700   791 V Configuration: Updating configuration, locales updated from [] to [en_US]
12-31 21:16:24.319   700   791 V Configuration: Updating configuration, locales updated from [] to [en_US]
12-31 21:16:24.319   700   791 V Configuration: Updating configuration, locales updated from [] to [en_US]
12-31 21:16:24.321   700   791 D IntervalStats: Unable to parse usage stats packages: [253]
12-31 21:16:24.328   700   791 V Configuration: Updating configuration, locales updated from [] to [en_US]
12-31 21:16:24.328   700   791 V Configuration: Updating configuration, locales updated from [] to [en_US]
12-31 21:16:24.328   700   791 V Configuration: Updating configuration, locales updated from [] to [en_US]
12-31 21:16:24.329   700   791 V Configuration: Updating configuration, locales updated from [] to [en_US]
12-31 21:16:24.329   700   791 V Configuration: Updating configuration, locales updated from [] to [en_US]
12-31 21:16:24.329   700   791 V Configuration: Updating configuration, locales updated from [] to [en_US]
12-31 21:16:24.329   700   791 V Configuration: Updating configuration, locales updated from [] to [en_US]
12-31 21:16:24.329   700   791 V Configuration: Updating configuration, locales updated from [] to [en_US]
12-31 21:16:24.331   700   791 D IntervalStats: Unable to parse usage stats packages: [257]
12-31 21:16:24.331   700   791 I UsageStatsService: User[0] Rollover scheduled @ 2026-01-01 16:08:51(1767263931692)
12-31 21:16:24.335  1244  1244 D BoundBrokerSvc: onRebind: Intent { act=com.google.android.gms.clearcut.bootcount.service.START dat=chimera-action:/... xflg=0x4 cmp=com.google.android.gms/.chimera.PersistentBoundBrokerService }
12-31 21:16:24.358  1473 14770 I SystemUpdate: [Installation,ReceiverIntentOperation] Received intent: Intent { act=android.intent.action.TIME_SET flg=0x25200010 xflg=0x4 pkg=com.google.android.gms cmp=com.google.android.gms/.chimera.GmsIntentOperationService$PersistentTrustedReceiver }.
12-31 21:16:24.379   700   898 D BackgroundInstallControlService: Package event received: 0
12-31 21:16:24.388   700   737 D ActivityManager: sync unfroze 11707 com.google.android.permissioncontroller for 3
12-31 21:16:24.410 11013 11013 D WM-RescheduleReceiver: Received intent Intent { act=android.intent.action.TIME_SET flg=0x25200010 xflg=0x4 cmp=com.google.android.googlequicksearchbox/androidx.work.impl.background.systemalarm.RescheduleReceiver }
12-31 21:16:24.441 14759 14759 D nativeloader: Load libframework-connectivity-tiramisu-jni.so using APEX ns com_android_tethering for caller /apex/com.android.tethering/javalib/framework-connectivity-t.jar: ok
12-31 21:16:24.456  1370  1370 D WM-RescheduleReceiver: Received intent Intent { act=android.intent.action.TIME_SET flg=0x25200010 xflg=0x4 cmp=com.google.android.providers.media.module/androidx.work.impl.background.systemalarm.RescheduleReceiver }
12-31 21:16:24.460  1473 14771 I AlarmManager: setExactAndAllowWhileIdle [name: RemindersNSREFRESH_TIME_REMINDERS_ALARM type: 0 triggerAtMillis: 1767205800000]
12-31 21:16:24.559  1473 14771 I SystemUpdate: [Execution,InstallationEventIntentOperation] Handling event of type 6.
12-31 21:16:24.572  1073  1114 I s.nexuslauncher: AssetManager2(0x762c6adb96f8) locale list changing from [] to [en-US]
12-31 21:16:24.572 14759 14759 D ApplicationLoaders: Returning zygote-cached class loader: /system/framework/org.apache.http.legacy.jar
12-31 21:16:24.572 14759 14759 D ApplicationLoaders: Returning zygote-cached class loader: /system_ext/framework/androidx.window.extensions.jar
12-31 21:16:24.572 14759 14759 D ApplicationLoaders: Returning zygote-cached class loader: /system_ext/framework/androidx.window.sidecar.jar
12-31 21:16:24.573   700   792 D CompatChangeReporter: Compat change id reported: 262645982; UID 10226; state: ENABLED
12-31 21:16:24.582  1473 14777 I SystemUpdate: [Execution,InstallationIntentOperation] Received intent: Intent { act=com.google.android.gms.update.INSTALL_UPDATE cat=[targeted_intent_op_prefix:.update.execution.InstallationIntentOperation] xflg=0x4 cmp=com.google.android.gms/.chimera.GmsIntentOperationService (has extras) }.
12-31 21:16:24.584  1473 14777 I SystemUpdate: [Execution,ExecutionManager] Start action execution: finished-execution
12-31 21:16:24.586  1473 14777 I SystemUpdate: [Execution,ExecutionManager] Action finished-execution executed for 0.00 seconds.
12-31 21:16:24.630  1473 14772 I MDM     : [584] cvev.c: Sending sitrep with xrpc: [1, 11]
12-31 21:16:24.651   700   898 D BackgroundInstallControlService: Package event received: 0
12-31 21:16:24.671  1073  1114 W HWUI    : Image decoding logging dropped!
12-31 21:16:24.675 14759 14759 D nativeloader: Configuring clns-shared-9 for other apk /system_ext/priv-app/SettingsGoogle/SettingsGoogle.apk. target_sdk_version=36, uses_libraries=, library_path=/system_ext/priv-app/SettingsGoogle/lib/x86_64:/system_ext/priv-app/SettingsGoogle/SettingsGoogle.apk!/lib/x86_64:/system/lib64:/system_ext/lib64, permitted_path=/data:/mnt/expand:/data/user_de/0/com.android.settings:/system_ext/priv-app/SettingsGoogle:/system/lib64:/system_ext/lib64
12-31 21:16:24.700  1473 14772 E MDM     : [584] cvev.a: Failed to call processSitrep with error: UNKNOWN, 
12-31 21:16:24.705  1473 14772 W MDM     : [584] cvev.e: Transient error sending sitrep, set up retry
12-31 21:16:24.705  1473 14772 W MDM     : ihoi: UNKNOWN
12-31 21:16:24.705  1473 14772 W MDM     : 	at iiiv.a(:com.google.android.gms@254730038@25.47.30 (260800-833691957):41)
12-31 21:16:24.705  1473 14772 W MDM     : 	at gvsd.f(:com.google.android.gms@254730038@25.47.30 (260800-833691957):93)
12-31 21:16:24.705  1473 14772 W MDM     : 	at gvsd.h(:com.google.android.gms@254730038@25.47.30 (260800-833691957):23)
12-31 21:16:24.705  1473 14772 W MDM     : 	at gvsd.a(:com.google.android.gms@254730038@25.47.30 (260800-833691957):8)
12-31 21:16:24.705  1473 14772 W MDM     : 	at gvsn.run(:com.google.android.gms@254730038@25.47.30 (260800-833691957):9)
12-31 21:16:24.705  1473 14772 W MDM     : 	at gvsp.e(:com.google.android.gms@254730038@25.47.30 (260800-833691957):24)
12-31 21:16:24.705  1473 14772 W MDM     : 	at gvsp.a(:com.google.android.gms@254730038@25.47.30 (260800-833691957):6)
12-31 21:16:24.705  1473 14772 W MDM     : 	at gvru.run(:com.google.android.gms@254730038@25.47.30 (260800-833691957):14)
12-31 21:16:24.705  1473 14772 W MDM     : 	at gvrr.run(:com.google.android.gms@254730038@25.47.30 (260800-833691957):3)
12-31 21:16:24.705  1473 14772 W MDM     : 	at gshk.run(:com.google.android.gms@254730038@25.47.30 (260800-833691957):64)
12-31 21:16:24.705  1473 14772 W MDM     : 	at gsfh.execute(:com.google.android.gms@254730038@25.47.30 (260800-833691957):1)
12-31 21:16:24.705  1473 14772 W MDM     : 	at gvrz.execute(:com.google.android.gms@254730038@25.47.30 (260800-833691957):3)
12-31 21:16:24.705  1473 14772 W MDM     : 	at gshl.execute(:com.google.android.gms@254730038@25.47.30 (260800-833691957):34)
12-31 21:16:24.705  1473 14772 W MDM     : 	at gvri.execute(:com.google.android.gms@254730038@25.47.30 (260800-833691957):10)
12-31 21:16:24.705  1473 14772 W MDM     : 	at gvsb.e(:com.google.android.gms@254730038@25.47.30 (260800-833691957):35)
12-31 21:16:24.705  1473 14772 W MDM     : 	at gvsh.e(:com.google.android.gms@254730038@25.47.30 (260800-833691957):60)
12-31 21:16:24.705  1473 14772 W MDM     : 	at iiiw.e(:com.google.android.gms@254730038@25.47.30 (260800-833691957):6)
12-31 21:16:24.705  1473 14772 W MDM     : 	at iiiw.g(:com.google.android.gms@254730038@25.47.30 (260800-833691957):1)
12-31 21:16:24.705  1473 14772 W MDM     : 	at iiiw.a(:com.google.android.gms@254730038@25.47.30 (260800-833691957):11)
12-31 21:16:24.705  1473 14772 W MDM     : 	at cuxx.onHandleIntent(:com.google.android.gms@254730038@25.47.30 (260800-833691957):745)
12-31 21:16:24.705  1473 14772 W MDM     : 	at com.google.android.chimera.IntentOperation.onHandleIntent(:com.google.android.gms@254730038@25.47.30 (260800-833691957):1)
12-31 21:16:24.705  1473 14772 W MDM     : 	at axon.onHandleIntent(:com.google.android.gms@254730038@25.47.30 (260800-833691957):84)
12-31 21:16:24.705  1473 14772 W MDM     : 	at yew.run(:com.google.android.gms@254730038@25.47.30 (260800-833691957):64)
12-31 21:16:24.705  1473 14772 W MDM     : 	at yev.run(:com.google.android.gms@254730038@25.47.30 (260800-833691957):132)
12-31 21:16:24.705  1473 14772 W MDM     : 	at gjqp.run(:com.google.android.gms@254730038@25.47.30 (260800-833691957):19)
12-31 21:16:24.705  1473 14772 W MDM     : 	at java.util.concurrent.ThreadPoolExecutor.runWorker(ThreadPoolExecutor.java:1156)
12-31 21:16:24.705  1473 14772 W MDM     : 	at java.util.concurrent.ThreadPoolExecutor$Worker.run(ThreadPoolExecutor.java:651)
12-31 21:16:24.705  1473 14772 W MDM     : 	at java.lang.Thread.run(Thread.java:1119)
12-31 21:16:24.705  1473 14772 W MDM     : Caused by: java.lang.NullPointerException: Using AuthContextStrategy, but did not set AuthContext
12-31 21:16:24.705  1473 14772 W MDM     : 	at glsd.z(:com.google.android.gms@254730038@25.47.30 (260800-833691957):10)
12-31 21:16:24.705  1473 14772 W MDM     : 	at gvnx.b(:com.google.android.gms@254730038@25.47.30 (260800-833691957):27)
12-31 21:16:24.705  1473 14772 W MDM     : 	at gvpr.b(:com.google.android.gms@254730038@25.47.30 (260800-833691957):36)
12-31 21:16:24.705  1473 14772 W MDM     : 	at gvsb.j(:com.google.android.gms@254730038@25.47.30 (260800-833691957):42)
12-31 21:16:24.705  1473 14772 W MDM     : 	at gvrm.run(:com.google.android.gms@254730038@25.47.30 (260800-833691957):5)
12-31 21:16:24.705  1473 14772 W MDM     : 	at gjqp.run(:com.google.android.gms@254730038@25.47.30 (260800-833691957):19)
12-31 21:16:24.705  1473 14772 W MDM     : 	at gvrr.run(:com.google.android.gms@254730038@25.47.30 (260800-833691957):3)
12-31 21:16:24.705  1473 14772 W MDM     : 	at gshj.run(:com.google.android.gms@254730038@25.47.30 (260800-833691957):3)
12-31 21:16:24.705  1473 14772 W MDM     : 	at gshk.run(:com.google.android.gms@254730038@25.47.30 (260800-833691957):64)
12-31 21:16:24.705  1473 14772 W MDM     : 	at gsfh.execute(:com.google.android.gms@254730038@25.47.30 (260800-833691957):1)
12-31 21:16:24.705  1473 14772 W MDM     : 	at gvrz.execute(:com.google.android.gms@254730038@25.47.30 (260800-833691957):3)
12-31 21:16:24.705  1473 14772 W MDM     : 	at gshl.execute(:com.google.android.gms@254730038@25.47.30 (260800-833691957):34)
12-31 21:16:24.705  1473 14772 W MDM     : 	at gvri.execute(:com.google.android.gms@254730038@25.47.30 (260800-833691957):10)
12-31 21:16:24.705  1473 14772 W MDM     : 	at gvsb.e(:com.google.android.gms@254730038@25.47.30 (260800-833691957):35)
12-31 21:16:24.705  1473 14772 W MDM     : 	at gvsh.e(:com.google.android.gms@254730038@25.47.30 (260800-833691957):60)
12-31 21:16:24.705  1473 14772 W MDM     : 	at gvsb.p(:com.google.android.gms@254730038@25.47.30 (260800-833691957):102)
12-31 21:16:24.705  1473 14772 W MDM     : 	at gvsb.j(:com.google.android.gms@254730038@25.47.30 (260800-833691957):102)
12-31 21:16:24.705  1473 14772 W MDM     : 	at gvrm.run(:com.google.android.gms@254730038@25.47.30 (260800-833691957):5)
12-31 21:16:24.705  1473 14772 W MDM     : 	at gjqp.run(:com.google.android.gms@254730038@25.47.30 (260800-833691957):19)
12-31 21:16:24.705  1473 14772 W MDM     : 	at gvrr.run(:com.google.android.gms@254730038@25.47.30 (260800-833691957):3)
12-31 21:16:24.705  1473 14772 W MDM     : 	at gshj.run(:com.google.android.gms@254730038@25.47.30 (260800-833691957):3)
12-31 21:16:24.705  1473 14772 W MDM     : 	at gshk.run(:com.google.android.gms@254730038@25.47.30 (260800-833691957):64)
12-31 21:16:24.705  1473 14772 W MDM     : 	at gsfh.execute(:com.google.android.gms@254730038@25.47.30 (260800-833691957):1)
12-31 21:16:24.705  1473 14772 W MDM     : 	at gvrz.execute(:com.google.android.gms@254730038@25.47.30 (260800-833691957):3)
12-31 21:16:24.705  1473 14772 W MDM     : 	at gshl.execute(:com.google.android.gms@254730038@25.47.30 (260800-833691957):34)
12-31 21:16:24.705  1473 14772 W MDM     : 	at gvri.execute(:com.google.android.gms@254730038@25.47.30 (260800-833691957):10)
12-31 21:16:24.705  1473 14772 W MDM     : 	at gvsb.e(:com.google.android.gms@254730038@25.47.30 (260800-833691957):35)
12-31 21:16:24.705  1473 14772 W MDM     : 	at gvsh.e(:com.google.android.gms@254730038@25.47.30 (260800-833691957):60)
12-31 21:16:24.705  1473 14772 W MDM     : 	at gvsb.p(:com.google.android.gms@254730038@25.47.30 (260800-833691957):102)
12-31 21:16:24.705  1473 14772 W MDM     : 	at gvsb.j(:com.google.android.gms@254730038@25.47.30 (260800-833691957):102)
12-31 21:16:24.705  1473 14772 W MDM     : 	at gvrm.run(:com.google.android.gms@254730038@25.47.30 (260800-833691957):5)
12-31 21:16:24.705  1473 14772 W MDM     : 	at gjqp.run(:com.google.android.gms@254730038@25.47.30 (260800-833691957):19)
12-31 21:16:24.705  1473 14772 W MDM     : 	at gvrr.run(:com.google.android.gms@254730038@25.47.30 (260800-833691957):3)
12-31 21:16:24.705  1473 14772 W MDM     : 	at gshj.run(:com.google.android.gms@254730038@25.47.30 (260800-833691957):3)
12-31 21:16:24.705  1473 14772 W MDM     : 	... 19 more
12-31 21:16:24.712  1073  1114 W HWUI    : Image decoding logging dropped!
12-31 21:16:24.717  1073  1114 W HWUI    : Image decoding logging dropped!
12-31 21:16:24.813   700  2642 I ActivityManager: Background started FGS: Allowed [callingPackage: com.google.android.apps.wellbeing; callingUid: 10147; uidState: BFGS; uidBFSL: [BFSL]; intent: Intent { xflg=0x4 cmp=com.google.android.apps.wellbeing/com.google.apps.tiktok.concurrent.InternalForegroundService (has extras) }; code:BACKGROUND_ACTIVITY_PERMISSION; tempAllowListReason:<d3dc82 android.intent.action.TIME_SET/u-1,reasonCode:TIME_CHANGED,duration:20000,callingUid:1000>; allowWiu:58; targetSdkVersion:35; callerTargetSdkVersion:35; startForegroundCount:0; bindFromPackage:null: isBindService:false]
12-31 21:16:24.825 14759 14759 I ndroid.settings: AssetManager2(0x762c6ad80998) locale list changing from [] to [en-US]
12-31 21:16:24.855 14759 14759 V GraphicsEnvironment: Currently set values for:
12-31 21:16:24.855 14759 14759 V GraphicsEnvironment:   angle_gl_driver_selection_pkgs=[]
12-31 21:16:24.855 14759 14759 V GraphicsEnvironment:   angle_gl_driver_selection_values=[]
12-31 21:16:24.856 14759 14759 V GraphicsEnvironment: com.android.settings is not listed in per-application setting
12-31 21:16:24.856 14759 14759 V GraphicsEnvironment: ANGLE allowlist from config: 
12-31 21:16:24.856 14759 14759 V GraphicsEnvironment: com.android.settings is not listed in ANGLE allowlist or settings, returning default
12-31 21:16:24.856 14759 14759 V GraphicsEnvironment: Neither updatable production driver nor prerelease driver is supported.
12-31 21:16:24.875   700  2010 W ForegroundServiceTypeLoggerModule: Foreground service start for UID: 10147 does not have any types
12-31 21:16:24.875   700   898 D BackgroundInstallControlService: Package event received: 0
12-31 21:16:24.976  1073  1915 W HWUI    : Failed to initialize 101010-2 format, error = EGL_SUCCESS
12-31 21:16:25.028  1073  1114 W HWUI    : Image decoding logging dropped!
12-31 21:16:25.035   944   944 D TileServices: Couldn't find tile for ComponentInfo{com.google.android.apps.wellbeing/com.google.android.apps.wellbeing.screen.ui.GrayscaleTileService}(0)
12-31 21:16:25.049  1073  1114 D AlphabeticIndexCompat: computeSectionName: cs: Calendar sectionName: C
12-31 21:16:25.068  1073  1073 D AllAppsStore: setApps: apps.length=21
12-31 21:16:25.068  1073  1073 D AllAppsStore: notifyUpdate: notifying listeners
12-31 21:16:25.069  1073  1073 D ActivityAllAppsContainerView: onAppsUpdated; number of apps: 21
12-31 21:16:25.070  1073  1073 D ActivityAllAppsContainerView: rebindAdapters: force: false
12-31 21:16:25.077  1073  1073 D ActivityAllAppsContainerView: rebindAdapters: Not needed.
12-31 21:16:25.082  1073  1073 D StatsLog: LAUNCHER_ALLAPPS_COUNT
12-31 21:16:25.084  1073  1073 D AlphabeticalAppsList: Clearing FastScrollerSections.
12-31 21:16:25.084  1073  1073 D AlphabeticalAppsList: Adding apps with sections. HasPrivateApps: false
12-31 21:16:25.084  1073  1073 D AlphabeticalAppsList: addAppsWithSections: adding sectionName: C with appInfoTitle: Calendar
12-31 21:16:25.084  1073  1073 D AlphabeticalAppsList: addAppsWithSections: adding sectionName: D with appInfoTitle: Drive
12-31 21:16:25.084  1073  1073 D AlphabeticalAppsList: addAppsWithSections: adding sectionName: E with appInfoTitle: Expo Go
12-31 21:16:25.085  1073  1073 D AlphabeticalAppsList: addAppsWithSections: adding sectionName: F with appInfoTitle: Files
12-31 21:16:25.085  1073  1073 D AlphabeticalAppsList: addAppsWithSections: adding sectionName: G with appInfoTitle: Gmail
