12-31 21:16:36.242  1244  1244 D BoundBrokerSvc: Loading bound service for intent: Intent { act=com.google.android.gms.time.trustedtime.singleuserapi.service.START dat=chimera-action:/... xflg=0x4 cmp=com.google.android.gms/.chimera.PersistentSingleUserInternalApiService }
12-31 21:16:36.256 14787 14817 I RcsAvailabilityCache: Cached availability not found for simId: redacted-pii:sim_id[chars:20,last3:897]
12-31 21:16:36.261  1244  1244 D BoundBrokerSvc: onRebind: Intent { act=com.google.android.gms.common.telemetry.service.START dat=chimera-action:/... xflg=0x4 cmp=com.google.android.gms/.chimera.PersistentApiService }
12-31 21:16:36.281 14787 14853 V ClearcutMetricXmitter: Transmission is done.
12-31 21:16:36.285 14787 14853 V ClearcutMetricXmitter: Transmission is done.
12-31 21:16:37.557   700  2010 W JobInfo : Job 'com.google.android.settings.intelligence/.modules.routines.impl.RoutinesJobIntentService#1728' has a deadline with no functional constraints. The deadline won't improve job execution latency. Consider removing the deadline.
12-31 21:16:38.021   932   932 I wpa_supplicant: wlan0: CTRL-EVENT-BEACON-LOSS 
12-31 21:16:38.739  1064  1270 D SatelliteController: iisInCarrierRoamingNbIotNtn: satellite is disabled
12-31 21:16:38.883  1473  1473 D BoundBrokerSvc: onUnbind: Intent { act=com.google.android.gms.measurement.START xflg=0x4 pkg=com.google.android.gms }
12-31 21:16:39.479  1244  1244 D BoundBrokerSvc: onUnbind: Intent { act=com.google.android.gms.clearcut.bootcount.service.START dat=chimera-action:/... xflg=0x4 cmp=com.google.android.gms/.chimera.PersistentBoundBrokerService }
12-31 21:16:40.335 14910 14920 V ClearcutMetricXmitter: Transmission is done.
12-31 21:16:40.648  1244  1244 D BoundBrokerSvc: onUnbind: Intent { act=com.google.android.gms.libs.gmscorelogger.service.START dat=chimera-action:/... xflg=0x4 cmp=com.google.android.gms/.chimera.PersistentDirectBootAwareApiService }
12-31 21:16:41.271  1244  1244 D BoundBrokerSvc: onUnbind: Intent { act=com.google.android.gms.common.telemetry.service.START dat=chimera-action:/... xflg=0x4 cmp=com.google.android.gms/.chimera.PersistentApiService }
12-31 21:16:42.705  1473 14987 I GmscoreIpa: Starting mediastore instant index [CONTEXT service_id=255 ]
12-31 21:16:44.061  1244  1244 D BoundBrokerSvc: onUnbind: Intent { act=com.google.android.gms.presencemanager.service.INTERNAL_IDENTITY dat=chimera-action:/... xflg=0x4 cmp=com.google.android.gms/.chimera.PersistentApiService }
12-31 21:16:44.062  1244  1244 D BoundBrokerSvc: onUnbind: Intent { act=com.google.android.gms.presencemanager.service.START dat=chimera-action:/... xflg=0x4 cmp=com.google.android.gms/.chimera.PersistentApiService }
12-31 21:16:44.086   700   792 I JobServiceContext: Letting 4c548e4 #u0a146/9959 com.android.vending/com.google.android.finsky.scheduler.process.mainimpl.PhoneskyJobServiceMain continue to run past min execution time
12-31 21:16:44.844 14787 14829 I Bugle   : BugleStartup: Registering SIM change receiver...
12-31 21:16:44.876 14787 14829 I Bugle   : BugleStartup: Updating app config...
12-31 21:16:44.899 14787 14829 I Bugle   : BugleStartup: Done with SIM change receiver & app config.
12-31 21:16:44.900 14787 14829 I Bugle   : BugleStartup: Handling shared prefs upgrade & Load MMS Configuration...
12-31 21:16:44.973 14787 14818 I BugleRcsEngine: Unexpected action: android.intent.action.SIM_STATE_CHANGED [CONTEXT log_prefix="(Sim)" thread_id=68 ]
12-31 21:16:44.995 14787 14991 I BugleRcsEngine: do not delay first event [CONTEXT thread_id=89 ]
12-31 21:16:44.998 14787 14828 I BugleSimStateTracker: Updating PhoneSimState
12-31 21:16:45.010 14787 14850 I Bugle   : BugleStartup: Initializing RCS availability...
12-31 21:16:45.011 14787 14827 I AsyncTelephonySimStateR: Received intent action: android.intent.action.SIM_STATE_CHANGED with extra SIM_STATE: LOADED
12-31 21:16:45.014 14787 14850 I Bugle   : BugleStartup: Done with RCS availability.
12-31 21:16:45.014 14787 14829 I BugleDataModel: Scheduling country code detector action, because a subscription changed its state.
12-31 21:16:45.015 14787 14850 I Bugle   : BugleStartup: Done initializing with enabled individual init failures.
12-31 21:16:45.017 14787 14827 I SimStateSchedulerImpl: Scheduling UPDATE_PHONE_SIMS_STATE. Delay Seconds: 0, UpdateTrigger: UPDATE_TRIGGER_SIM_STATE_LOADED
12-31 21:16:45.017 14787 14827 I SimStateSchedulerImpl: Scheduling WORK_TYPE_UPDATE_PHONE_SIMS_STATE using PWQ. Delay Seconds: 0, UpdateTrigger: 6
12-31 21:16:45.042 14787 14823 I BugleDataModel: ActionExecutorImpl: ACTION_EXECUTE_QUEUED_CountryCodeDetectorAction
12-31 21:16:45.043 14787 14847 I BugleDataModel: ExecuteActionRunnable: running action CountryCodeDetectorAction
12-31 21:16:45.051 14787 14829 I BugleDataModel: Scheduling self participants refresh action, because a subscription changed its state.
12-31 21:16:45.053 14787 14991 I BugleRcsEngine: Processing an intent [CONTEXT log_prefix="(Sim)" thread_id=89 ]
12-31 21:16:45.053 14787 14847 I BugleDataModel: ActionExecutorImpl: ACTION_BACKGROUND_QUEUED_CountryCodeDetectorAction
12-31 21:16:45.060 14787 14991 I BugleRcsEngine: SIM state LOADED [CONTEXT log_prefix="(Sim)" thread_id=89 ]
12-31 21:16:45.061 14787 14828 I BugleSimStateTracker: Update trigger: 1
12-31 21:16:45.106 14787 14992 I .apps.messaging: AssetManager2(0x762c6ad85498) locale list changing from [] to [en-US]
12-31 21:16:45.108 14787 14827 I Bugle   : BroadcastReceiverAsyncWorkTracker: Acknowledging broadcast of com.google.android.apps.messaging.shared.simstatetracker.AsyncTelephonySimStateReceiver@5b75922
12-31 21:16:45.163 14787 14993 I Bugle   : CountryCodeDetector: updateSmsNetworkCountry from default subscription network country. detected country: us
12-31 21:16:45.164 14787 14993 I BugleDataModel: ActionExecutorImpl: ACTION_RESPONSE_QUEUED_CountryCodeDetectorAction
12-31 21:16:45.200 14787 14992 W Bugle   : BuglePhoneNumberUtils: canonicalizeMccMnc: invalid mccmnc. mcc: null, mnc: null
12-31 21:16:45.209 14787 14828 I BugleSimStateTracker: Is carrier config for identified carrier: true
12-31 21:16:45.233 14787 14991 I BugleRcsEngine: SIM changed: false. current id: redacted-pii:sim_id[chars:20,last3:897]; stored id: redacted-pii:sim_id[chars:20,last3:897]; isFiDevice: false; subId: 1; slotIndex: 0 [CONTEXT log_prefix="(Sim)" thread_id=89 ]
12-31 21:16:45.235 14787 14827 W JobInfo : Requested important-while-foreground flag for job1799 is ignored and takes no effect
12-31 21:16:45.235 14787 14827 D WM-SystemJobScheduler: Scheduling work ID a547e483-6904-44ff-8d31-a0bec9510c6eJob ID 1799
12-31 21:16:45.392 14787 14787 D WM-SystemJobService: onStartJob for WorkGenerationalId(workSpecId=a547e483-6904-44ff-8d31-a0bec9510c6e, generation=0)
12-31 21:16:45.400 14787 14828 I BugleSimStateTracker: Looking up Fi through package names.
12-31 21:16:45.443 14787 14992 I BugleJobs: Starts to observe table change.
12-31 21:16:45.457 14787 14827 D WM-GreedyScheduler: Ignoring {WorkSpec: 382f9eed-fecd-4477-b04f-f4f7bb1cee78}. Requires device idle.
12-31 21:16:45.458 14787 14827 D WM-GreedyScheduler: Ignoring {WorkSpec: 651e0597-5727-46dc-9205-3c6fdec028d4}. Requires device idle.
12-31 21:16:45.458 14787 14827 D WM-GreedyScheduler: Ignoring {WorkSpec: 2e778cd8-e389-4622-9ed2-4ae3d5286066}. Requires device idle.
12-31 21:16:45.458 14787 14827 D WM-GreedyScheduler: Ignoring {WorkSpec: 439a24fd-1622-4a48-aafb-423b586d2dc5}. Requires device idle.
12-31 21:16:45.458 14787 14827 D WM-GreedyScheduler: Ignoring {WorkSpec: d1c32dbb-7054-4681-907e-ce4f3bbb9ca1}. Requires ContentUri triggers.
12-31 21:16:45.458 14787 14827 D WM-GreedyScheduler: Ignoring {WorkSpec: 89089e92-304c-4d2c-87a1-0f9bbe46e260}. Requires ContentUri triggers.
12-31 21:16:45.462 14787 14827 D WM-GreedyScheduler: Starting work for a547e483-6904-44ff-8d31-a0bec9510c6e
12-31 21:16:45.534 14787 14828 I BugleSimStateTracker: default call SIM: redacted-pii:sim_id[chars:20,last3:897], default sms SIM redacted-pii:sim_id[chars:20,last3:897]. default data SIM redacted-pii:sim_id[chars:20,last3:897].
12-31 21:16:45.540 14787 14845 I Forking : Starting analysis.
12-31 21:16:45.554 14787 14829 D WM-Processor: pst: processing WorkGenerationalId(workSpecId=a547e483-6904-44ff-8d31-a0bec9510c6e, generation=0)
12-31 21:16:45.556 14787 14847 D WM-Processor: Work WorkGenerationalId(workSpecId=a547e483-6904-44ff-8d31-a0bec9510c6e, generation=0) is already enqueued for processing
12-31 21:16:45.573 14787 14845 I Misthreading: Starting analysis.
12-31 21:16:45.589 14787 14829 D WM-GreedyScheduler: Ignoring {WorkSpec: 382f9eed-fecd-4477-b04f-f4f7bb1cee78}. Requires device idle.
12-31 21:16:45.589 14787 14829 D WM-GreedyScheduler: Ignoring {WorkSpec: 651e0597-5727-46dc-9205-3c6fdec028d4}. Requires device idle.
12-31 21:16:45.589 14787 14829 D WM-GreedyScheduler: Ignoring {WorkSpec: 2e778cd8-e389-4622-9ed2-4ae3d5286066}. Requires device idle.
12-31 21:16:45.589 14787 14829 D WM-GreedyScheduler: Ignoring {WorkSpec: 439a24fd-1622-4a48-aafb-423b586d2dc5}. Requires device idle.
12-31 21:16:45.590 14787 14829 D WM-GreedyScheduler: Ignoring {WorkSpec: d1c32dbb-7054-4681-907e-ce4f3bbb9ca1}. Requires ContentUri triggers.
12-31 21:16:45.590 14787 14829 D WM-GreedyScheduler: Ignoring {WorkSpec: 89089e92-304c-4d2c-87a1-0f9bbe46e260}. Requires ContentUri triggers.
12-31 21:16:45.686 14787 14829 D MddListenableWorkerFactory: createWorker for class: com.google.android.apps.messaging.shared.datamodel.workqueue.WorkQueueWorkerShim
12-31 21:16:45.696  1244  9688 W BpBinder: Large outgoing transaction of 442876 bytes, interface descriptor , code 4 was sent
12-31 21:16:45.813 14787 14828 I BugleSimStateTracker: Looking up Fi through package names.
12-31 21:16:45.822 14787 14787 D WM-WorkerWrapper: Starting work for com.google.android.apps.messaging.shared.datamodel.workqueue.WorkQueueWorkerShim
12-31 21:16:45.860 14787 14828 I Bugle   : CountryCodeDetector: updateSmsNetworkCountry from default subscription network country. detected country: us
12-31 21:16:45.957   932   932 I wpa_supplicant: wlan0: CTRL-EVENT-BEACON-LOSS 
12-31 21:16:46.105  1473  1473 D BoundBrokerSvc: onBind: Intent { act=com.google.android.gms.notifications.capping.api.NotificationsCappingApiService.START dat=chimera-action:/... xflg=0x4 cmp=com.google.android.gms/.chimera.GmsApiService }
12-31 21:16:46.105  1473  1473 D BoundBrokerSvc: Loading bound service for intent: Intent { act=com.google.android.gms.notifications.capping.api.NotificationsCappingApiService.START dat=chimera-action:/... xflg=0x4 cmp=com.google.android.gms/.chimera.GmsApiService }
12-31 21:16:46.130 14787 14828 I BugleSimStateTracker: All newly built SimSubscriptionInfos: [(simId: redacted-pii:sim_id[chars:20,last3:897],
12-31 21:16:46.130 14787 14828 I BugleSimStateTracker: subId: 1,
12-31 21:16:46.130 14787 14828 I BugleSimStateTracker: simSlot: 0,
12-31 21:16:46.130 14787 14828 I BugleSimStateTracker: imsi: redacted-pii:imsi[chars:15],
12-31 21:16:46.130 14787 14828 I BugleSimStateTracker: phoneNumber: redacted-pii:phone_number[chars:12,last2:67],
12-31 21:16:46.130 14787 14828 I BugleSimStateTracker: countryCode: US,
12-31 21:16:46.130 14787 14828 I BugleSimStateTracker: networkOperatorName: T-Mobile,
12-31 21:16:46.130 14787 14828 I BugleSimStateTracker: subscriptionGroupUuid: ,
12-31 21:16:46.130 14787 14828 I BugleSimStateTracker: mcc: 310,
12-31 21:16:46.130 14787 14828 I BugleSimStateTracker: mnc: 260,
12-31 21:16:46.130 14787 14828 I BugleSimStateTracker: simCarrierId: 1,
12-31 21:16:46.130 14787 14828 I BugleSimStateTracker: iccid: redacted-pii:sim_iccid[chars:20],
12-31 21:16:46.130 14787 14828 I BugleSimStateTracker: isFi: false,
12-31 21:16:46.130 14787 14828 I BugleSimStateTracker: loggableGuid: 45fc127a-e1eb-4b29-999a-c5a85bca1e80,
12-31 21:16:46.130 14787 14828 I BugleSimStateTracker: formattedMsisdn: redacted-pii:phone_number[chars:12,last2:67],
12-31 21:16:46.130 14787 14828 I BugleSimStateTracker: simOperatorName: T-Mobile,
12-31 21:16:46.130 14787 14828 I BugleSimStateTracker: simOperator: 310260,
12-31 21:16:46.130 14787 14828 I BugleSimStateTracker: groupIdLevel1: ,
12-31 21:16:46.130 14787 14828 I BugleSimStateTracker: preferredSubscriptionName: T-Mobile)]
12-31 21:16:46.134 14787 14828 I BugleSimStateTracker: Storing updatedSimSubscriptionInfos: [(redacted-pii:sim_id[chars:20,last3:897], 45fc127a-e1eb-4b29-999a-c5a85bca1e80)]
12-31 21:16:46.135 14787 14818 I GnpSdk  : set is [].
12-31 21:16:46.145 14787 14993 I SimStateUpdateHandler: Handling SimStateUpdate. Request for 3 work type received.
12-31 21:16:46.154 14787 14991 I BugleRcsEngine: Skipping writing subId because this is main bugle process. [CONTEXT log_prefix="(Sim)" thread_id=89 ]
12-31 21:16:46.170 14787 14992 I BugleRcsProvisioning: BugleSystemBindingManager: onBuglePhenotypeFlagChanged
12-31 21:16:46.250 14787 14997 I BugleRcsEngine: SystemBinding enabled: true [CONTEXT log_prefix="SystemBindingManager" thread_id=95 ]
12-31 21:16:46.252 14787 14997 I BugleRcsEngine: System Binding updated [CONTEXT thread_id=95 ]
12-31 21:16:46.267 14787 14993 I SimStateUpdateHandler: Handling update phone SIM state.
12-31 21:16:46.275 14787 14829 W BugleRcsEngine: Unable to send diagnostic log [CONTEXT thread_id=78 ]
12-31 21:16:46.288 14787 14847 W BugleRcsEngine: Unable to send diagnostic log [CONTEXT thread_id=84 ]
12-31 21:16:46.295 14787 14992 I BugleTransport: Not kicking off update transport registration because RCS provisioning change has not been received.
12-31 21:16:46.332 14787 14828 I BugleSimStateTracker: Handling SIM loaded event for all SIMs on first update: [(redacted-pii[20-chars], 45fc127a-e1eb-4b29-999a-c5a85bca1e80)]
12-31 21:16:46.338 14787 14996 I FirebaseApp: Device unlocked: initializing all Firebase APIs for app [DEFAULT]
12-31 21:16:46.341 14787 14991 I BugleRcsEngine: Updated SIM info: currentSimId: redacted-pii:sim_id[chars:20,last3:897]; imsi: redacted-pii:imsi[chars:15]; rawMsisdn: redacted-pii:phone_number[chars:12,last2:67]; formattedMsisdn: redacted-pii:phone_number[chars:12,last2:67]; mccmnc: redacted-pii:sim_operator[chars:6]; gid1: redacted-pii:sim_gid[chars:0]; isFiDevice: false; subId: 1; slotIndex: 0 [CONTEXT log_prefix="(Sim)" thread_id=89 ]
12-31 21:16:46.346 14787 14991 I BugleRcsEngine: Handling SIM_LOADED in PhoneSimsStateUpdater. [CONTEXT log_prefix="(Sim)" thread_id=89 ]
12-31 21:16:46.346 14787 14993 I BugleSimStateTracker: Updating PhoneSimState
12-31 21:16:46.406 14787 14827 I BugleNetwork: FirebaseRegistrationStartupTask: Enabling Firebase component
12-31 21:16:46.450 14787 14993 I BugleSimStateTracker: Update trigger: 6
12-31 21:16:46.498 14787 14845 I BugleDataModel: 3 not running because already up to date, upgradeCommand: EXECUTE_UPGRADE, version: 2
12-31 21:16:46.510 14787 14846 I BugleDataModel: 2 not running because already up to date, upgradeCommand: EXECUTE_UPGRADE, version: 2
12-31 21:16:46.629 14787 14829 W JobInfo : Requested important-while-foreground flag for job1800 is ignored and takes no effect
12-31 21:16:46.629 14787 14829 D WM-SystemJobScheduler: Scheduling work ID 0aa726a9-fc16-4fb2-b5be-486b6b99d7c6Job ID 1800
12-31 21:16:46.636 14787 14993 I BugleSimStateTracker: Is carrier config for identified carrier: true
12-31 21:16:46.647 14787 14993 I BugleSimStateTracker: default call SIM: redacted-pii:sim_id[chars:20,last3:897], default sms SIM redacted-pii:sim_id[chars:20,last3:897]. default data SIM redacted-pii:sim_id[chars:20,last3:897].
12-31 21:16:46.653 14787 14829 D WM-GreedyScheduler: Ignoring {WorkSpec: 382f9eed-fecd-4477-b04f-f4f7bb1cee78}. Requires device idle.
12-31 21:16:46.653 14787 14829 D WM-GreedyScheduler: Ignoring {WorkSpec: 651e0597-5727-46dc-9205-3c6fdec028d4}. Requires device idle.
12-31 21:16:46.653 14787 14829 D WM-GreedyScheduler: Ignoring {WorkSpec: 2e778cd8-e389-4622-9ed2-4ae3d5286066}. Requires device idle.
12-31 21:16:46.653 14787 14829 D WM-GreedyScheduler: Ignoring {WorkSpec: 439a24fd-1622-4a48-aafb-423b586d2dc5}. Requires device idle.
12-31 21:16:46.653 14787 14829 D WM-GreedyScheduler: Ignoring {WorkSpec: d1c32dbb-7054-4681-907e-ce4f3bbb9ca1}. Requires ContentUri triggers.
12-31 21:16:46.654 14787 14829 D WM-GreedyScheduler: Ignoring {WorkSpec: 89089e92-304c-4d2c-87a1-0f9bbe46e260}. Requires ContentUri triggers.
12-31 21:16:46.655 14787 14829 D WM-GreedyScheduler: Starting work for 0aa726a9-fc16-4fb2-b5be-486b6b99d7c6
12-31 21:16:46.663 14787 14787 D WM-SystemJobService: onStartJob for WorkGenerationalId(workSpecId=0aa726a9-fc16-4fb2-b5be-486b6b99d7c6, generation=0)
12-31 21:16:46.746 14787 14828 D WM-Processor: pst: processing WorkGenerationalId(workSpecId=0aa726a9-fc16-4fb2-b5be-486b6b99d7c6, generation=0)
12-31 21:16:46.772 14787 14993 I BugleSimStateTracker: Looking up Fi through package names.
12-31 21:16:46.796 14787 14847 D WM-Processor: Work WorkGenerationalId(workSpecId=0aa726a9-fc16-4fb2-b5be-486b6b99d7c6, generation=0) is already enqueued for processing
12-31 21:16:46.797 14787 14993 I BugleSimStateTracker: All newly built SimSubscriptionInfos: [(simId: redacted-pii:sim_id[chars:20,last3:897],
12-31 21:16:46.797 14787 14993 I BugleSimStateTracker: subId: 1,
12-31 21:16:46.797 14787 14993 I BugleSimStateTracker: simSlot: 0,
12-31 21:16:46.797 14787 14993 I BugleSimStateTracker: imsi: redacted-pii:imsi[chars:15],
12-31 21:16:46.797 14787 14993 I BugleSimStateTracker: phoneNumber: redacted-pii:phone_number[chars:12,last2:67],
12-31 21:16:46.797 14787 14993 I BugleSimStateTracker: countryCode: US,
12-31 21:16:46.797 14787 14993 I BugleSimStateTracker: networkOperatorName: T-Mobile,
12-31 21:16:46.797 14787 14993 I BugleSimStateTracker: subscriptionGroupUuid: ,
12-31 21:16:46.797 14787 14993 I BugleSimStateTracker: mcc: 310,
12-31 21:16:46.797 14787 14993 I BugleSimStateTracker: mnc: 260,
12-31 21:16:46.797 14787 14993 I BugleSimStateTracker: simCarrierId: 1,
12-31 21:16:46.797 14787 14993 I BugleSimStateTracker: iccid: redacted-pii:sim_iccid[chars:20],
12-31 21:16:46.797 14787 14993 I BugleSimStateTracker: isFi: false,
12-31 21:16:46.797 14787 14993 I BugleSimStateTracker: loggableGuid: 45fc127a-e1eb-4b29-999a-c5a85bca1e80,
12-31 21:16:46.797 14787 14993 I BugleSimStateTracker: formattedMsisdn: redacted-pii:phone_number[chars:12,last2:67],
12-31 21:16:46.797 14787 14993 I BugleSimStateTracker: simOperatorName: T-Mobile,
12-31 21:16:46.797 14787 14993 I BugleSimStateTracker: simOperator: 310260,
12-31 21:16:46.797 14787 14993 I BugleSimStateTracker: groupIdLevel1: ,
12-31 21:16:46.797 14787 14993 I BugleSimStateTracker: preferredSubscriptionName: T-Mobile)]
12-31 21:16:46.808 14787 14993 I BugleSimStateTracker: Storing updatedSimSubscriptionInfos: [(redacted-pii:sim_id[chars:20,last3:897], 45fc127a-e1eb-4b29-999a-c5a85bca1e80)]
12-31 21:16:46.813 14787 14993 I BugleSimStateTracker: No newly loaded SIMs on phone sim state update.
12-31 21:16:46.819 14787 14828 D MddListenableWorkerFactory: createWorker for class: com.google.android.apps.messaging.shared.datamodel.workqueue.WorkQueueWorkerShim
12-31 21:16:46.835 14787 14994 I BugleDataModel: SubscriptionsTracker#refreshSelfParticipantList([1])
12-31 21:16:46.837 14787 14787 D WM-WorkerWrapper: Starting work for com.google.android.apps.messaging.shared.datamodel.workqueue.WorkQueueWorkerShim
12-31 21:16:47.122  1244  1244 D BoundBrokerSvc: onRebind: Intent { act=com.google.android.gms.common.telemetry.service.START dat=chimera-action:/... xflg=0x4 cmp=com.google.android.gms/.chimera.PersistentApiService }
12-31 21:16:47.124 14787 14847 D WM-GreedyScheduler: Ignoring {WorkSpec: 382f9eed-fecd-4477-b04f-f4f7bb1cee78}. Requires device idle.
12-31 21:16:47.124 14787 14847 D WM-GreedyScheduler: Ignoring {WorkSpec: 651e0597-5727-46dc-9205-3c6fdec028d4}. Requires device idle.
12-31 21:16:47.125 14787 14847 D WM-GreedyScheduler: Ignoring {WorkSpec: 2e778cd8-e389-4622-9ed2-4ae3d5286066}. Requires device idle.
12-31 21:16:47.125 14787 14847 D WM-GreedyScheduler: Ignoring {WorkSpec: 439a24fd-1622-4a48-aafb-423b586d2dc5}. Requires device idle.
12-31 21:16:47.125 14787 14847 D WM-GreedyScheduler: Ignoring {WorkSpec: d1c32dbb-7054-4681-907e-ce4f3bbb9ca1}. Requires ContentUri triggers.
12-31 21:16:47.125 14787 14847 D WM-GreedyScheduler: Ignoring {WorkSpec: 89089e92-304c-4d2c-87a1-0f9bbe46e260}. Requires ContentUri triggers.
12-31 21:16:47.132 14787 14993 D WM-GreedyScheduler: Ignoring {WorkSpec: 382f9eed-fecd-4477-b04f-f4f7bb1cee78}. Requires device idle.
12-31 21:16:47.132 14787 14993 D WM-GreedyScheduler: Ignoring {WorkSpec: 651e0597-5727-46dc-9205-3c6fdec028d4}. Requires device idle.
12-31 21:16:47.133 14787 14993 D WM-GreedyScheduler: Ignoring {WorkSpec: 2e778cd8-e389-4622-9ed2-4ae3d5286066}. Requires device idle.
12-31 21:16:47.133 14787 14993 D WM-GreedyScheduler: Ignoring {WorkSpec: 439a24fd-1622-4a48-aafb-423b586d2dc5}. Requires device idle.
12-31 21:16:47.133 14787 14992 I BugleSatellite: Processing Phenotype flag changes.
12-31 21:16:47.134 14787 14993 D WM-GreedyScheduler: Ignoring {WorkSpec: d1c32dbb-7054-4681-907e-ce4f3bbb9ca1}. Requires ContentUri triggers.
12-31 21:16:47.136 14787 14993 D WM-GreedyScheduler: Ignoring {WorkSpec: 89089e92-304c-4d2c-87a1-0f9bbe46e260}. Requires ContentUri triggers.
12-31 21:16:47.142 14787 14847 I BugleSatellite: Reporting to Telephony: SMS supported = true
12-31 21:16:47.145 14787 14993 I WM-WorkerWrapper: Worker result SUCCESS for Work [ id=a547e483-6904-44ff-8d31-a0bec9510c6e, tags={ com.google.android.apps.messaging.shared.datamodel.workqueue.WorkQueueWorkerShim,sim_state_update_queue-WORK_TYPE_UPDATE_PHONE_SIMS_STATE } ]
12-31 21:16:47.149 14787 14787 D WM-Processor: pst a547e483-6904-44ff-8d31-a0bec9510c6e executed; reschedule = false
12-31 21:16:47.153 14787 14787 D WM-SystemJobService: a547e483-6904-44ff-8d31-a0bec9510c6e executed on JobScheduler
12-31 21:16:47.154 14787 14847 I WM-WorkerWrapper: Worker result SUCCESS for Work [ id=0aa726a9-fc16-4fb2-b5be-486b6b99d7c6, tags={ com.google.android.apps.messaging.shared.datamodel.workqueue.WorkQueueWorkerShim,data_upgrade- } ]
12-31 21:16:47.157 14787 14787 D WM-Processor: pst 0aa726a9-fc16-4fb2-b5be-486b6b99d7c6 executed; reschedule = false
12-31 21:16:47.157 14787 14787 D WM-SystemJobService: 0aa726a9-fc16-4fb2-b5be-486b6b99d7c6 executed on JobScheduler
12-31 21:16:47.164 14787 14828 D WM-GreedyScheduler: Cancelling work ID a547e483-6904-44ff-8d31-a0bec9510c6e
12-31 21:16:47.171 14787 14828 D WM-GreedyScheduler: Ignoring {WorkSpec: 382f9eed-fecd-4477-b04f-f4f7bb1cee78}. Requires device idle.
12-31 21:16:47.171 14787 14828 D WM-GreedyScheduler: Ignoring {WorkSpec: 651e0597-5727-46dc-9205-3c6fdec028d4}. Requires device idle.
12-31 21:16:47.171 14787 14828 D WM-GreedyScheduler: Ignoring {WorkSpec: 2e778cd8-e389-4622-9ed2-4ae3d5286066}. Requires device idle.
12-31 21:16:47.171 14787 14828 D WM-GreedyScheduler: Ignoring {WorkSpec: 439a24fd-1622-4a48-aafb-423b586d2dc5}. Requires device idle.
12-31 21:16:47.171 14787 14828 D WM-GreedyScheduler: Ignoring {WorkSpec: d1c32dbb-7054-4681-907e-ce4f3bbb9ca1}. Requires ContentUri triggers.
12-31 21:16:47.171 14787 14828 D WM-GreedyScheduler: Ignoring {WorkSpec: 89089e92-304c-4d2c-87a1-0f9bbe46e260}. Requires ContentUri triggers.
12-31 21:16:47.175 14787 14828 D WM-GreedyScheduler: Cancelling work ID 0aa726a9-fc16-4fb2-b5be-486b6b99d7c6
12-31 21:16:47.178 14787 14828 D WM-GreedyScheduler: Ignoring {WorkSpec: 382f9eed-fecd-4477-b04f-f4f7bb1cee78}. Requires device idle.
12-31 21:16:47.179 14787 14828 D WM-GreedyScheduler: Ignoring {WorkSpec: 651e0597-5727-46dc-9205-3c6fdec028d4}. Requires device idle.
12-31 21:16:47.179 14787 14828 D WM-GreedyScheduler: Ignoring {WorkSpec: 2e778cd8-e389-4622-9ed2-4ae3d5286066}. Requires device idle.
12-31 21:16:47.179 14787 14828 D WM-GreedyScheduler: Ignoring {WorkSpec: 439a24fd-1622-4a48-aafb-423b586d2dc5}. Requires device idle.
12-31 21:16:47.179 14787 14828 D WM-GreedyScheduler: Ignoring {WorkSpec: d1c32dbb-7054-4681-907e-ce4f3bbb9ca1}. Requires ContentUri triggers.
12-31 21:16:47.179 14787 14828 D WM-GreedyScheduler: Ignoring {WorkSpec: 89089e92-304c-4d2c-87a1-0f9bbe46e260}. Requires ContentUri triggers.
12-31 21:16:47.198 14787 14827 D nativeloader: Load /product/priv-app/PrebuiltBugle/PrebuiltBugle.apk!/lib/x86_64/libscytale_v2_jni.so using class loader ns product-clns-10 (caller=/product/priv-app/PrebuiltBugle/PrebuiltBugle.apk!classes3.dex): ok
12-31 21:16:47.205 14787 14994 I BugleSelfIdentity: Phone number for MyIdentity 9af9241b-7636-4224-a557-0173c2de3f4e does not change [CONTEXT sub_id=1 icc_id="89860318640220133897" messaging_identity="redacted-pii[12-chars]" rcs_provisioning_id="redacted-pii[0-chars]" ]
12-31 21:16:47.213 14787 14827 W BugleRcs: getAvailableProvisioningIds: accessing uninitialized provisioning identities. [CONTEXT ratelimit_period="1 MINUTES" ]
12-31 21:16:47.213 14787 14827 W BugleRcs: eoex: FULL
12-31 21:16:47.213 14787 14827 W BugleRcs: 	at dkfd.t(PG:60)
12-31 21:16:47.213 14787 14827 W BugleRcs: 	at dknc.q(PG:15)
12-31 21:16:47.213 14787 14827 W BugleRcs: 	at cmja.q(PG:3)
12-31 21:16:47.213 14787 14827 W BugleRcs: 	at crsf.a(PG:28)
12-31 21:16:47.213 14787 14827 W BugleRcs: 	at crse.a(PG:23)
12-31 21:16:47.213 14787 14827 W BugleRcs: 	at crrt.e(PG:15)
12-31 21:16:47.213 14787 14827 W BugleRcs: 	at bzvk.g(PG:21)
12-31 21:16:47.213 14787 14827 W BugleRcs: 	at bzvi.run(PG:27)
12-31 21:16:47.213 14787 14827 W BugleRcs: 	at elst.run(PG:21)
12-31 21:16:47.213 14787 14827 W BugleRcs: 	at java.util.concurrent.Executors$RunnableAdapter.call(Executors.java:524)
12-31 21:16:47.213 14787 14827 W BugleRcs: 	at esfe.a(PG:3)
12-31 21:16:47.213 14787 14827 W BugleRcs: 	at eseb.run(PG:19)
12-31 21:16:47.213 14787 14827 W BugleRcs: 	at esff.run(PG:5)
12-31 21:16:47.213 14787 14827 W BugleRcs: 	at dubu.run(PG:7)
12-31 21:16:47.213 14787 14827 W BugleRcs: 	at java.util.concurrent.ThreadPoolExecutor.runWorker(ThreadPoolExecutor.java:1156)
12-31 21:16:47.213 14787 14827 W BugleRcs: 	at java.util.concurrent.ThreadPoolExecutor$Worker.run(ThreadPoolExecutor.java:651)
12-31 21:16:47.213 14787 14827 W BugleRcs: 	at dubb.run(PG:6)
12-31 21:16:47.213 14787 14827 W BugleRcs: 	at java.lang.Thread.run(Thread.java:1119)
12-31 21:16:47.213 14787 14827 W BugleRcs: 	at ducv.run(PG:61)
12-31 21:16:47.214 14787 14827 I RcsProvisioningManager: Calculating availability
12-31 21:16:47.214 14787 14827 I RcsProvisioningManager: Computing availability for all sims.
12-31 21:16:47.214 14787 14827 I RcsProvisioningManager: qualifiedProvisioningEngineAdapter is present: true
12-31 21:16:47.214 14787 14827 I RcsAvailabilityCache: Cached availability not found for simId: redacted-pii:sim_id[chars:20,last3:897]
12-31 21:16:47.217 14787 14827 I RcsAvailabilityCache: Cached availability not found for simId: redacted-pii:sim_id[chars:20,last3:897]
12-31 21:16:47.231 14787 14994 I BugleDataModel: SubscriptionsTracker bindToTrackingMap bound participants: [ParticipantId=1 subId=-1, ParticipantId=2 subId=1]
12-31 21:16:47.232 14787 14994 I BugleDataModel: set orderedRowIdAndTokenPairs: [rowId=2 subId= 1 token=9af9241b-7636-4224-a557-0173c2de3f4e, rowId=1 subId= -1 token=852d7c9f-8cf4-4a6b-bfe1-736a9684210b]
12-31 21:16:47.246 14787 14994 I BugleSelfIdentity: Phone number for MyIdentity 9af9241b-7636-4224-a557-0173c2de3f4e does not change [CONTEXT sub_id=1 icc_id="89860318640220133897" messaging_identity="redacted-pii[12-chars]" rcs_provisioning_id="redacted-pii[20-chars]" ]
12-31 21:16:47.247 14787 14827 I BugleRcsEngine: [SR]: Single Registration is disabled. Skipping Single Registration capability check for subId: 1, OS.isAtLeastS:[true], enableSingleRegistrationProvisioning:[false] [CONTEXT thread_id=76 ]
12-31 21:16:47.248 14787 14994 I BugleConnectivity: Connection state change: SIM loaded, data connection: UNKNOWN, manual connection eligibility: false, ntn roaming: false
12-31 21:16:47.249 14787 14994 I BugleSatellite: Attempting to register registerForCarrierRoamingNtnModeChanged listener
12-31 21:16:47.261 14787 14846 I BugleConnectivity: Connection state change: SubID = 1 onCarrierRoamingNtnModeChanged (false), data connection: UNKNOWN, manual connection eligibility: false, ntn roaming: false
12-31 21:16:47.262 14787 14846 I BugleConnectivity: Notifying listeners of manual satellite eligibility change: false
12-31 21:16:47.263 14787 14847 D WM-GreedyScheduler: Ignoring {WorkSpec: 382f9eed-fecd-4477-b04f-f4f7bb1cee78}. Requires device idle.
12-31 21:16:47.267 14787 14845 I BugleConnectivity: Connection state change: SubID = 1 onCarrierRoamingNtnEligibleStateChanged (false), data connection: UNKNOWN, manual connection eligibility: false, ntn roaming: false
12-31 21:16:47.267 14787 14847 D WM-GreedyScheduler: Ignoring {WorkSpec: 651e0597-5727-46dc-9205-3c6fdec028d4}. Requires device idle.
12-31 21:16:47.267 14787 14847 D WM-GreedyScheduler: Ignoring {WorkSpec: 2e778cd8-e389-4622-9ed2-4ae3d5286066}. Requires device idle.
12-31 21:16:47.268 14787 14847 D WM-GreedyScheduler: Ignoring {WorkSpec: 439a24fd-1622-4a48-aafb-423b586d2dc5}. Requires device idle.
12-31 21:16:47.268 14787 14845 I BugleConnectivity: Lost eligibility for manual satellite.
12-31 21:16:47.269 14787 14847 D WM-GreedyScheduler: Ignoring {WorkSpec: d1c32dbb-7054-4681-907e-ce4f3bbb9ca1}. Requires ContentUri triggers.
12-31 21:16:47.269 14787 14845 I BugleConnectivity: Notifying listeners of manual satellite eligibility change: false
12-31 21:16:47.269 14787 14847 D WM-GreedyScheduler: Ignoring {WorkSpec: 89089e92-304c-4d2c-87a1-0f9bbe46e260}. Requires ContentUri triggers.
12-31 21:16:47.272 14787 14827 I BugleRcsEngine: No RCS Configuration was found in Bugle for simID: redacted-pii:sim_id[chars:20,last3:897] [CONTEXT log_prefix="ProvisioningEngineDataRetriever" thread_id=76 ]
12-31 21:16:47.275 14787 14845 I Bugle   : RcsAvailabilityUtilForProvisioningEngineV2: updateAvailabilityForAllSimsAsync, hint: NO_HINT
12-31 21:16:47.276 14787 14845 I BugleRcsProvisioning: updateAvailabilityForAllSimsAsync: scheduling updateAvailabilityForRcsProvisioningId call. Hint: NO_HINT, enableWelcomePopupWithoutGoogleTos: false, reshowSuccessPopup: false
12-31 21:16:47.277 14787 14994 I BugleRcsProvisioning: updateRcsAvailabilityForMultipleSims: hint: NO_HINT, canReshowWelcomeMessage: false
12-31 21:16:47.277 14787 14994 I RcsAvailabilityCache: Cached availability not found for simId: redacted-pii:sim_id[chars:20,last3:897]
12-31 21:16:47.284 14787 14827 I BugleRcsProvisioning: RcsAvailability configuration availability and enabled status: simId: redacted-pii:sim_id[chars:20,last3:897], SipConnectionType: DUAL_REG, isConfigurationAvailableAndEnabled: false
12-31 21:16:47.284 14787 14827 I BugleRcsProvisioning: Checking isConfigServerUrlAvailable with simId: redacted-pii:sim_id[chars:20,last3:897], 
12-31 21:16:47.285 14787 14827 I BugleRcsEngine: getConfigServerUrl with simId: redacted-pii:sim_id[chars:20,last3:897] [CONTEXT log_prefix="ProvisioningServerUtil" thread_id=76 ]
12-31 21:16:47.287  1473  1473 D BoundBrokerSvc: onUnbind: Intent { act=com.google.android.gms.inappreach.service.START dat=chimera-action:/... xflg=0x4 cmp=com.google.android.gms/.chimera.GmsApiService }
12-31 21:16:47.289 14787 14827 I BugleRcsEngine: Using config server URL from chgq [CONTEXT log_prefix="ProvisioningServerUtil" thread_id=76 ]
12-31 21:16:47.291 14787 14994 I BugleRcsEngine: [SR]: Single Registration is disabled. Skipping Single Registration capability check for subId: 1, OS.isAtLeastS:[true], enableSingleRegistrationProvisioning:[false] [CONTEXT thread_id=92 ]
12-31 21:16:47.293 14787 14994 I BugleRcsEngine: No RCS Configuration was found in Bugle for simID: redacted-pii:sim_id[chars:20,last3:897] [CONTEXT log_prefix="ProvisioningEngineDataRetriever" thread_id=92 ]
12-31 21:16:47.293 14787 14994 I BugleRcsProvisioning: RcsAvailability configuration availability and enabled status: simId: redacted-pii:sim_id[chars:20,last3:897], SipConnectionType: DUAL_REG, isConfigurationAvailableAndEnabled: false
12-31 21:16:47.294 14787 14994 I BugleRcsProvisioning: Checking isConfigServerUrlAvailable with simId: redacted-pii:sim_id[chars:20,last3:897], 
12-31 21:16:47.295 14787 14994 I BugleRcsEngine: getConfigServerUrl with simId: redacted-pii:sim_id[chars:20,last3:897] [CONTEXT log_prefix="ProvisioningServerUtil" thread_id=92 ]
12-31 21:16:47.296 14787 14994 I BugleRcsEngine: Using config server URL from chgq [CONTEXT log_prefix="ProvisioningServerUtil" thread_id=92 ]
12-31 21:16:47.296 14787 14828 I MobileConfigurationApi: registerParameters successfully stored 4 parameters
12-31 21:16:47.298 14787 14828 I SyncScheduler: scheduling sync for 0 seconds later, policy = KEEP
12-31 21:16:47.300 14787 14827 I BugleRcsProvisioning: RcsAvailability: Subscription Id: 1, simId: redacted-pii:sim_id[chars:20,last3:897], sipConnectionType: DUAL_REG, isRcsAvailable: false
12-31 21:16:47.302 14787 14827 I BugleRcsEngine: No RCS Configuration was found in Bugle for simID: redacted-pii:sim_id[chars:20,last3:897] [CONTEXT log_prefix="ProvisioningEngineDataRetriever" thread_id=76 ]
12-31 21:16:47.304 14787 14827 I BugleRcsProvisioning: updateAvailabilityForRcsProvisioningId. SimId: redacted-pii:sim_id[chars:20,last3:897], currentAvailability: 1, newAvailability: 10, hint: NO_HINT
12-31 21:16:47.305 14787 14994 I BugleRcsProvisioning: RcsAvailability: Subscription Id: 1, simId: redacted-pii:sim_id[chars:20,last3:897], sipConnectionType: DUAL_REG, isRcsAvailable: false
12-31 21:16:47.306 14787 14994 I BugleRcsEngine: No RCS Configuration was found in Bugle for simID: redacted-pii:sim_id[chars:20,last3:897] [CONTEXT log_prefix="ProvisioningEngineDataRetriever" thread_id=92 ]
12-31 21:16:47.306 14787 14994 I BugleRcsProvisioning: updateAvailabilityForRcsProvisioningId. SimId: redacted-pii:sim_id[chars:20,last3:897], currentAvailability: 1, newAvailability: 10, hint: NO_HINT
12-31 21:16:47.309 14787 14827 I RcsProvisioningManager: Receive onRcsAvailabilityUpdate, SIM = redacted-pii:sim_id[chars:20,last3:897], availability = RcsAvailability{mAvailability=CARRIER_SETUP_PENDING (Carrier RCS is not set up)}
12-31 21:16:47.309 14787 14994 I RcsProvisioningManager: Receive onRcsAvailabilityUpdate, SIM = redacted-pii:sim_id[chars:20,last3:897], availability = RcsAvailability{mAvailability=CARRIER_SETUP_PENDING (Carrier RCS is not set up)}
12-31 21:16:47.311 14787 14993 I RcsProvisioningManager: Cannot notify RcsVerifiedPhoneNumberListener because current availability is CARRIER_SETUP_PENDING instead of AVAILABLE.
12-31 21:16:47.312 14787 14847 I RcsProvisioningManager: CommonRcsProvisioningChangeListenerHandler.notifyListener : Notify RcsProvisioningChangeListener deym@4aca805 onRcsProvisioningChange, SIM = redacted-pii:sim_id[chars:35,last3:97)], available rcs provisioning ids  = 
12-31 21:16:47.313 14787 14850 I RcsProvisioningManager: CommonRcsProvisioningChangeListenerHandler.notifyListener : Notify RcsProvisioningChangeListener deym@4aca805 onRcsProvisioningChange, SIM = redacted-pii:sim_id[chars:35,last3:97)], available rcs provisioning ids  = 
12-31 21:16:47.313 14787 15004 I RcsProvisioningManager: CommonRcsProvisioningChangeListenerHandler.notifyListener : Notify RcsProvisioningChangeListener chop@193405a onRcsProvisioningChange, SIM = redacted-pii:sim_id[chars:35,last3:97)], available rcs provisioning ids  = 
12-31 21:16:47.314 14787 14993 I RcsProvisioningManager: AvailabilityObserver.onUpdate : Notify RcsAvailabilityListener crrt@a12a491 onRcsAvailabilityUpdate, SIM = redacted-pii:sim_id[chars:20,last3:897], availability = 10
12-31 21:16:47.315 14787 14827 I RcsProvisioningManager: getAvailabilityForRcsProvisioningIdSync: RcsAvailability{mAvailability=CARRIER_SETUP_PENDING (Carrier RCS is not set up)}
12-31 21:16:47.315 14787 14827 I RcsProvisioningManager: Receive onRcsAvailabilityUpdate, SIM = redacted-pii:sim_id[chars:20,last3:897], availability = RcsAvailability{mAvailability=CARRIER_SETUP_PENDING (Carrier RCS is not set up)}
12-31 21:16:47.317 14787 14823 I RcsProvisioningManager: CommonRcsProvisioningChangeListenerHandler.notifyListener : Notify RcsProvisioningChangeListener chop@193405a onRcsProvisioningChange, SIM = redacted-pii:sim_id[chars:35,last3:97)], available rcs provisioning ids  = 
12-31 21:16:47.318 14787 15006 I RcsProvisioningManager: Cannot notify RcsVerifiedPhoneNumberListener because current availability is CARRIER_SETUP_PENDING instead of AVAILABLE.
12-31 21:16:47.318 14787 14850 I RcsProvisioningManager: AvailabilityObserver.onUpdate : Notify RcsAvailabilityListener crrt@a12a491 onRcsAvailabilityUpdate, SIM = redacted-pii:sim_id[chars:20,last3:897], availability = 10
12-31 21:16:47.322 14787 14829 I RcsProvisioningManager: Cannot notify RcsVerifiedPhoneNumberListener because current availability is CARRIER_SETUP_PENDING instead of AVAILABLE.
12-31 21:16:47.322 14787 15006 I RcsProvisioningManager: CommonRcsProvisioningChangeListenerHandler.notifyListener : Notify RcsProvisioningChangeListener deym@4aca805 onRcsProvisioningChange, SIM = redacted-pii:sim_id[chars:35,last3:97)], available rcs provisioning ids  = 
12-31 21:16:47.323 14787 14992 I RcsProvisioningManager: AvailabilityObserver.onUpdate : Notify RcsAvailabilityListener crrt@a12a491 onRcsAvailabilityUpdate, SIM = redacted-pii:sim_id[chars:20,last3:897], availability = 10
12-31 21:16:47.324 14787 14828 W BugleRcsEngine: Unable to send RCS extension log [CONTEXT thread_id=77 ]
12-31 21:16:47.325 14787 15004 I RcsProvisioningManager: Skipping backfill of identity mapping.
12-31 21:16:47.325 14787 15004 I BugleTransport: Retrieved RCS available simIds: []
12-31 21:16:47.330 14787 14827 I BugleTransport: Retrieved RCS available simIds: []
12-31 21:16:47.336 14787 15007 I RcsProvisioningManager: CommonRcsProvisioningChangeListenerHandler.notifyListener : Notify RcsProvisioningChangeListener chop@193405a onRcsProvisioningChange, SIM = redacted-pii:sim_id[chars:35,last3:97)], available rcs provisioning ids  = 
12-31 21:16:47.344 14787 15006 I BugleTransport: Deregister all SIMs except for SIMs with subIds: [] from chat transport: TACHYGRAM.
12-31 21:16:47.347 14787 14992 W BugleRcsEngine: Unable to send diagnostic log [CONTEXT thread_id=91 ]
12-31 21:16:47.349 14787 14817 I Bugle   : RcsAvailabilityUtilForProvisioningEngineV2: onCsLibPhenotypeUpdated
12-31 21:16:47.351 14787 15007 I BugleTransport: Deregister all SIMs except for SIMs with subIds: [] from chat transport: SINGLE_REGISTRATION.
12-31 21:16:47.353 14787 14997 I BugleRcsEngine: SystemBinding enabled: true [CONTEXT log_prefix="SystemBindingManager" thread_id=95 ]
12-31 21:16:47.353 14787 14997 I BugleRcsEngine: System Binding updated [CONTEXT thread_id=95 ]
12-31 21:16:47.355 14787 14827 W BugleE2eeEtouffee: E2eeStartupTask: No identities to perform prekey checking for.
12-31 21:16:47.355 14787 15009 I BugleTransport: Deregister all SIMs except for SIMs with subIds: [] from chat transport: DUAL_REGISTRATION.
12-31 21:16:47.360 14787 14993 W BugleRcsEngine: Unable to send diagnostic log [CONTEXT thread_id=90 ]
12-31 21:16:47.377 14787 14847 W RcsClientLib: Service is deprecated skipping connection attempt: RcsEngineLifecycleServiceV2
12-31 21:16:47.386 14787 14827 W RcsClientLib: Service is deprecated skipping connection attempt: RcsEngineLifecycleServiceV2
12-31 21:16:47.388 14787 14845 E BugleRcs: RcsEngineLifecycleManagerV2: RcsServiceConnectionException was raised while waiting to connect to RcsEngineLifecycleServiceV2
12-31 21:16:47.388 14787 14845 E BugleRcs: cumf: RcsServiceConnectionException:com.google.android.rcs.client.lifecycle.RcsEngineLifecycleServiceV2:UNKNOWN
12-31 21:16:47.388 14787 14845 E BugleRcs: 	at culm.a(PG:54)
12-31 21:16:47.388 14787 14845 E BugleRcs: 	at kho.a(PG:19)
12-31 21:16:47.388 14787 14845 E BugleRcs: 	at culn.a(PG:14)
12-31 21:16:47.388 14787 14845 E BugleRcs: 	at elsk.a(PG:13)
12-31 21:16:47.388 14787 14845 E BugleRcs: 	at esfd.a(PG:3)
12-31 21:16:47.388 14787 14845 E BugleRcs: 	at eseb.run(PG:19)
12-31 21:16:47.388 14787 14845 E BugleRcs: 	at esff.run(PG:5)
12-31 21:16:47.388 14787 14845 E BugleRcs: 	at dubu.run(PG:7)
12-31 21:16:47.388 14787 14845 E BugleRcs: 	at java.util.concurrent.ThreadPoolExecutor.runWorker(ThreadPoolExecutor.java:1156)
12-31 21:16:47.388 14787 14845 E BugleRcs: 	at java.util.concurrent.ThreadPoolExecutor$Worker.run(ThreadPoolExecutor.java:651)
12-31 21:16:47.388 14787 14845 E BugleRcs: 	at dubb.run(PG:6)
12-31 21:16:47.388 14787 14845 E BugleRcs: 	at java.lang.Thread.run(Thread.java:1119)
12-31 21:16:47.388 14787 14845 E BugleRcs: 	at ducv.run(PG:61)
12-31 21:16:47.391 14787 14846 E BugleRcs: RcsEngineLifecycleManagerV2: RcsServiceConnectionException was raised while waiting to connect to RcsEngineLifecycleServiceV2
12-31 21:16:47.391 14787 14846 E BugleRcs: cumf: RcsServiceConnectionException:com.google.android.rcs.client.lifecycle.RcsEngineLifecycleServiceV2:UNKNOWN
12-31 21:16:47.391 14787 14846 E BugleRcs: 	at culm.a(PG:54)
12-31 21:16:47.391 14787 14846 E BugleRcs: 	at kho.a(PG:19)
12-31 21:16:47.391 14787 14846 E BugleRcs: 	at culn.a(PG:14)
12-31 21:16:47.391 14787 14846 E BugleRcs: 	at elsk.a(PG:13)
12-31 21:16:47.391 14787 14846 E BugleRcs: 	at esfd.a(PG:3)
12-31 21:16:47.391 14787 14846 E BugleRcs: 	at eseb.run(PG:19)
12-31 21:16:47.391 14787 14846 E BugleRcs: 	at esff.run(PG:5)
12-31 21:16:47.391 14787 14846 E BugleRcs: 	at dubu.run(PG:7)
12-31 21:16:47.391 14787 14846 E BugleRcs: 	at java.util.concurrent.ThreadPoolExecutor.runWorker(ThreadPoolExecutor.java:1156)
12-31 21:16:47.391 14787 14846 E BugleRcs: 	at java.util.concurrent.ThreadPoolExecutor$Worker.run(ThreadPoolExecutor.java:651)
12-31 21:16:47.391 14787 14846 E BugleRcs: 	at dubb.run(PG:6)
12-31 21:16:47.391 14787 14846 E BugleRcs: 	at java.lang.Thread.run(Thread.java:1119)
12-31 21:16:47.391 14787 14846 E BugleRcs: 	at ducv.run(PG:61)
12-31 21:16:47.414 14787 15006 I BugleTransport: Retrieved RCS available simIds: []
12-31 21:16:47.422 14787 14850 I BugleTransport: Deregister all SIMs except for SIMs with subIds: [] from chat transport: TACHYGRAM.
12-31 21:16:47.426   700   898 D BackgroundInstallControlService: Package event received: 0
12-31 21:16:47.427  1473  1473 D BoundBrokerSvc: onBind: Intent { act=com.google.android.mobstore.service.START xflg=0x4 pkg=com.google.android.gms }
12-31 21:16:47.428  1473  1473 D BoundBrokerSvc: Loading bound service for intent: Intent { act=com.google.android.mobstore.service.START xflg=0x4 pkg=com.google.android.gms }
12-31 21:16:47.430 14787 15009 I BugleTransport: Deregister all SIMs except for SIMs with subIds: [] from chat transport: SINGLE_REGISTRATION.
12-31 21:16:47.432 14787 14850 W RcsClientLib: Service is deprecated skipping connection attempt: RcsEngineLifecycleServiceV2
12-31 21:16:47.433 14787 14827 I BugleTransport: Deregister all SIMs except for SIMs with subIds: [] from chat transport: DUAL_REGISTRATION.
12-31 21:16:47.434 14787 15009 W RcsClientLib: Service is deprecated skipping connection attempt: RcsEngineLifecycleServiceV2
12-31 21:16:47.434 14787 14846 E BugleRcs: RcsEngineLifecycleManagerV2: RcsServiceConnectionException was raised while waiting to connect to RcsEngineLifecycleServiceV2
12-31 21:16:47.434 14787 14846 E BugleRcs: cumf: RcsServiceConnectionException:com.google.android.rcs.client.lifecycle.RcsEngineLifecycleServiceV2:UNKNOWN
12-31 21:16:47.434 14787 14846 E BugleRcs: 	at culm.a(PG:54)
12-31 21:16:47.434 14787 14846 E BugleRcs: 	at kho.a(PG:19)
12-31 21:16:47.434 14787 14846 E BugleRcs: 	at culn.a(PG:14)
12-31 21:16:47.434 14787 14846 E BugleRcs: 	at elsk.a(PG:13)
12-31 21:16:47.434 14787 14846 E BugleRcs: 	at esfd.a(PG:3)
12-31 21:16:47.434 14787 14846 E BugleRcs: 	at eseb.run(PG:19)
12-31 21:16:47.434 14787 14846 E BugleRcs: 	at esff.run(PG:5)
12-31 21:16:47.434 14787 14846 E BugleRcs: 	at dubu.run(PG:7)
12-31 21:16:47.434 14787 14846 E BugleRcs: 	at java.util.concurrent.ThreadPoolExecutor.runWorker(ThreadPoolExecutor.java:1156)
12-31 21:16:47.434 14787 14846 E BugleRcs: 	at java.util.concurrent.ThreadPoolExecutor$Worker.run(ThreadPoolExecutor.java:651)
12-31 21:16:47.434 14787 14846 E BugleRcs: 	at dubb.run(PG:6)
12-31 21:16:47.434 14787 14846 E BugleRcs: 	at java.lang.Thread.run(Thread.java:1119)
12-31 21:16:47.434 14787 14846 E BugleRcs: 	at ducv.run(PG:61)
12-31 21:16:47.435 14787 14846 E BugleRcs: RcsEngineLifecycleManagerV2: RcsServiceConnectionException was raised while waiting to connect to RcsEngineLifecycleServiceV2
12-31 21:16:47.435 14787 14846 E BugleRcs: cumf: RcsServiceConnectionException:com.google.android.rcs.client.lifecycle.RcsEngineLifecycleServiceV2:UNKNOWN
12-31 21:16:47.435 14787 14846 E BugleRcs: 	at culm.a(PG:54)
12-31 21:16:47.435 14787 14846 E BugleRcs: 	at kho.a(PG:19)
12-31 21:16:47.435 14787 14846 E BugleRcs: 	at culn.a(PG:14)
12-31 21:16:47.435 14787 14846 E BugleRcs: 	at elsk.a(PG:13)
12-31 21:16:47.435 14787 14846 E BugleRcs: 	at esfd.a(PG:3)
12-31 21:16:47.435 14787 14846 E BugleRcs: 	at eseb.run(PG:19)
12-31 21:16:47.435 14787 14846 E BugleRcs: 	at esff.run(PG:5)
12-31 21:16:47.435 14787 14846 E BugleRcs: 	at dubu.run(PG:7)
12-31 21:16:47.435 14787 14846 E BugleRcs: 	at java.util.concurrent.ThreadPoolExecutor.runWorker(ThreadPoolExecutor.java:1156)
12-31 21:16:47.435 14787 14846 E BugleRcs: 	at java.util.concurrent.ThreadPoolExecutor$Worker.run(ThreadPoolExecutor.java:651)
12-31 21:16:47.435 14787 14846 E BugleRcs: 	at dubb.run(PG:6)
12-31 21:16:47.435 14787 14846 E BugleRcs: 	at java.lang.Thread.run(Thread.java:1119)
12-31 21:16:47.435 14787 14846 E BugleRcs: 	at ducv.run(PG:61)
12-31 21:16:47.438 14787 15009 I BugleTransport: Retrieved RCS available simIds: []
12-31 21:16:47.442 14787 14827 I BugleTransport: Deregister all SIMs except for SIMs with subIds: [] from chat transport: SINGLE_REGISTRATION.
12-31 21:16:47.443 14787 15006 I BugleTransport: Deregister all SIMs except for SIMs with subIds: [] from chat transport: TACHYGRAM.
12-31 21:16:47.446 14787 15005 I BugleTransport: Deregister all SIMs except for SIMs with subIds: [] from chat transport: DUAL_REGISTRATION.
12-31 21:16:47.447 14787 15006 W RcsClientLib: Service is deprecated skipping connection attempt: RcsEngineLifecycleServiceV2
12-31 21:16:47.448 14787 14845 E BugleRcs: RcsEngineLifecycleManagerV2: RcsServiceConnectionException was raised while waiting to connect to RcsEngineLifecycleServiceV2
12-31 21:16:47.448 14787 14845 E BugleRcs: cumf: RcsServiceConnectionException:com.google.android.rcs.client.lifecycle.RcsEngineLifecycleServiceV2:UNKNOWN
12-31 21:16:47.448 14787 14845 E BugleRcs: 	at culm.a(PG:54)
12-31 21:16:47.448 14787 14845 E BugleRcs: 	at kho.a(PG:19)
12-31 21:16:47.448 14787 14845 E BugleRcs: 	at culn.a(PG:14)
12-31 21:16:47.448 14787 14845 E BugleRcs: 	at elsk.a(PG:13)
12-31 21:16:47.448 14787 14845 E BugleRcs: 	at esfd.a(PG:3)
12-31 21:16:47.448 14787 14845 E BugleRcs: 	at eseb.run(PG:19)
12-31 21:16:47.448 14787 14845 E BugleRcs: 	at esff.run(PG:5)
12-31 21:16:47.448 14787 14845 E BugleRcs: 	at dubu.run(PG:7)
12-31 21:16:47.448 14787 14845 E BugleRcs: 	at java.util.concurrent.ThreadPoolExecutor.runWorker(ThreadPoolExecutor.java:1156)
12-31 21:16:47.448 14787 14845 E BugleRcs: 	at java.util.concurrent.ThreadPoolExecutor$Worker.run(ThreadPoolExecutor.java:651)
12-31 21:16:47.448 14787 14845 E BugleRcs: 	at dubb.run(PG:6)
12-31 21:16:47.448 14787 14845 E BugleRcs: 	at java.lang.Thread.run(Thread.java:1119)
12-31 21:16:47.448 14787 14845 E BugleRcs: 	at ducv.run(PG:61)
12-31 21:16:47.451 14787 14850 W RcsClientLib: Service is deprecated skipping connection attempt: RcsEngineLifecycleServiceV2
12-31 21:16:47.459 14787 14845 E BugleRcs: RcsEngineLifecycleManagerV2: RcsServiceConnectionException was raised while waiting to connect to RcsEngineLifecycleServiceV2
12-31 21:16:47.459 14787 14845 E BugleRcs: cumf: RcsServiceConnectionException:com.google.android.rcs.client.lifecycle.RcsEngineLifecycleServiceV2:UNKNOWN
12-31 21:16:47.459 14787 14845 E BugleRcs: 	at culm.a(PG:54)
12-31 21:16:47.459 14787 14845 E BugleRcs: 	at kho.a(PG:19)
12-31 21:16:47.459 14787 14845 E BugleRcs: 	at culn.a(PG:14)
12-31 21:16:47.459 14787 14845 E BugleRcs: 	at elsk.a(PG:13)
12-31 21:16:47.459 14787 14845 E BugleRcs: 	at esfd.a(PG:3)
12-31 21:16:47.459 14787 14845 E BugleRcs: 	at eseb.run(PG:19)
12-31 21:16:47.459 14787 14845 E BugleRcs: 	at esff.run(PG:5)
12-31 21:16:47.459 14787 14845 E BugleRcs: 	at dubu.run(PG:7)
12-31 21:16:47.459 14787 14845 E BugleRcs: 	at java.util.concurrent.ThreadPoolExecutor.runWorker(ThreadPoolExecutor.java:1156)
12-31 21:16:47.459 14787 14845 E BugleRcs: 	at java.util.concurrent.ThreadPoolExecutor$Worker.run(ThreadPoolExecutor.java:651)
12-31 21:16:47.459 14787 14845 E BugleRcs: 	at dubb.run(PG:6)
12-31 21:16:47.459 14787 14845 E BugleRcs: 	at java.lang.Thread.run(Thread.java:1119)
12-31 21:16:47.459 14787 14845 E BugleRcs: 	at ducv.run(PG:61)
12-31 21:16:47.485   700   898 D BackgroundInstallControlService: Package event received: 0
12-31 21:16:47.485  1244  1244 D WearableService: Creating wearable service asynchronously.
12-31 21:16:47.493  1244  4717 D WearableService: onGetService: waiting for onCreate to be completed.
12-31 21:16:47.501 14787 14850 I BugleMDD: MddBackgroundStartupTask: Scheduled MDD periodic tasks.
12-31 21:16:47.504 14787 15006 D ProfileInstaller: Skipping profile installation for com.google.android.apps.messaging
12-31 21:16:47.511 14787 15005 D WM-GreedyScheduler: Cancelling work ID 439a24fd-1622-4a48-aafb-423b586d2dc5
12-31 21:16:47.518 14787 15005 W JobInfo : Requested important-while-foreground flag for job1801 is ignored and takes no effect
12-31 21:16:47.518 14787 15005 D WM-SystemJobScheduler: Scheduling work ID 439a24fd-1622-4a48-aafb-423b586d2dc5Job ID 1801
12-31 21:16:47.518  1244  1448 I Wear_Controller: Wearable module requires a companion app to be installed.
