12-31 21:16:59.658  1370 15058 I PickerSyncController: Executing SyncAdd. isLocal: true. authority: com.android.providers.media.photopicker
12-31 21:16:59.658  1370 15058 D PickerSyncLockManager: Trying to acquire lock com.android.providers.media.photopicker.sync.CloseableReentrantLock@517ceca[Unlocked]. Lock Name = CLOUD_PROVIDER_LOCK. Threads that may be waiting to acquire this lock = [] with timeout.
12-31 21:16:59.658  1370 15058 D CloseableReentrantLock: Successfully acquired lock com.android.providers.media.photopicker.sync.CloseableReentrantLock@517ceca[Locked by thread pool-4-thread-2]. Lock Name = CLOUD_PROVIDER_LOCK. Threads that may be waiting to acquire this lock = []
12-31 21:16:59.659  1370 15058 D CloseableReentrantLock: Successfully released lock com.android.providers.media.photopicker.sync.CloseableReentrantLock@517ceca[Unlocked]. Lock Name = CLOUD_PROVIDER_LOCK. Threads that may be waiting to acquire this lock = []
12-31 21:16:59.659  1370 15058 D ExternalDbFacade: Token received for queryMedia = null
12-31 21:16:59.659  1370  1370 D WM-SystemJobService: onStartJob for WorkGenerationalId(workSpecId=5ea1797b-6acd-48d4-bffe-1742dcae96da, generation=0)
12-31 21:16:59.661  1370  1723 D WM-Processor: Work WorkGenerationalId(workSpecId=5ea1797b-6acd-48d4-bffe-1742dcae96da, generation=0) is already enqueued for processing
12-31 21:16:59.672  1370 15058 V PickerDbFacade: Failed to insert picker db media. ContentValues: _user_id=0 standard_mime_type_extension=0 size_bytes=61623 orientation=0 height=1920 owner_package_name=com.android.shell date_taken_ms=1767195968000 duration_ms=0 sync_generation=610 mime_type=image/png width=1080 is_favorite=0 local_id=21 is_visible=1
12-31 21:16:59.672  1370 15058 V PickerDbFacade: android.database.sqlite.SQLiteConstraintException: UNIQUE constraint failed: media.local_id, media.is_visible (code 2067 SQLITE_CONSTRAINT_UNIQUE)
12-31 21:16:59.672  1370 15058 V PickerDbFacade: 	at android.database.sqlite.SQLiteConnection.nativeExecuteForLastInsertedRowId(Native Method)
12-31 21:16:59.672  1370 15058 V PickerDbFacade: 	at android.database.sqlite.SQLiteConnection.executeForLastInsertedRowId(SQLiteConnection.java:985)
12-31 21:16:59.672  1370 15058 V PickerDbFacade: 	at android.database.sqlite.SQLiteSession.executeForLastInsertedRowId(SQLiteSession.java:825)
12-31 21:16:59.672  1370 15058 V PickerDbFacade: 	at android.database.sqlite.SQLiteStatement.executeInsert(SQLiteStatement.java:89)
12-31 21:16:59.672  1370 15058 V PickerDbFacade: 	at android.database.DatabaseUtils.executeInsert(DatabaseUtils.java:210)
12-31 21:16:59.672  1370 15058 V PickerDbFacade: 	at android.database.sqlite.SQLiteQueryBuilder.insert(SQLiteQueryBuilder.java:638)
12-31 21:16:59.672  1370 15058 V PickerDbFacade: 	at com.android.providers.media.photopicker.data.PickerDbFacade$AddMediaOperation.insertMedia(PickerDbFacade.java:644)
12-31 21:16:59.672  1370 15058 V PickerDbFacade: 	at com.android.providers.media.photopicker.data.PickerDbFacade$AddMediaOperation.upsertMedia(PickerDbFacade.java:658)
12-31 21:16:59.672  1370 15058 V PickerDbFacade: 	at com.android.providers.media.photopicker.data.PickerDbFacade$AddMediaOperation.executeInternal(PickerDbFacade.java:616)
12-31 21:16:59.672  1370 15058 V PickerDbFacade: 	at com.android.providers.media.photopicker.data.PickerDbFacade$DbWriteOperation.execute(PickerDbFacade.java:405)
12-31 21:16:59.672  1370 15058 V PickerDbFacade: 	at com.android.providers.media.photopicker.PickerSyncController.executePagedSync(PickerSyncController.java:1793)
12-31 21:16:59.672  1370 15058 V PickerDbFacade: 	at com.android.providers.media.photopicker.PickerSyncController.executePagedSync(PickerSyncController.java:1712)
12-31 21:16:59.672  1370 15058 V PickerDbFacade: 	at com.android.providers.media.photopicker.PickerSyncController.executeSyncAdd(PickerSyncController.java:1134)
12-31 21:16:59.672  1370 15058 V PickerDbFacade: 	at com.android.providers.media.photopicker.PickerSyncController.syncAllMediaFromProvider(PickerSyncController.java:978)
12-31 21:16:59.672  1370 15058 V PickerDbFacade: 	at com.android.providers.media.photopicker.PickerSyncController.syncAllMediaFromLocalProvider(PickerSyncController.java:401)
12-31 21:16:59.672  1370 15058 V PickerDbFacade: 	at com.android.providers.media.photopicker.sync.ProactiveSyncWorker.doWork(ProactiveSyncWorker.java:89)
12-31 21:16:59.672  1370 15058 V PickerDbFacade: 	at androidx.work.Worker$startWork$1.invoke(Worker.kt:64)
12-31 21:16:59.672  1370 15058 V PickerDbFacade: 	at androidx.work.Worker$startWork$1.invoke(Worker.kt:64)
12-31 21:16:59.672  1370 15058 V PickerDbFacade: 	at androidx.work.WorkerKt.future$lambda$2$lambda$1(Worker.kt:100)
12-31 21:16:59.672  1370 15058 V PickerDbFacade: 	at androidx.work.WorkerKt.$r8$lambda$06LNzu7McnKR6G06fSbfQ2BCegc(Worker.kt:0)
12-31 21:16:59.672  1370 15058 V PickerDbFacade: 	at androidx.work.WorkerKt$$ExternalSyntheticLambda2.run(R8$$SyntheticClass:0)
12-31 21:16:59.672  1370 15058 V PickerDbFacade: 	at java.util.concurrent.ThreadPoolExecutor.runWorker(ThreadPoolExecutor.java:1156)
12-31 21:16:59.672  1370 15058 V PickerDbFacade: 	at java.util.concurrent.ThreadPoolExecutor$Worker.run(ThreadPoolExecutor.java:651)
12-31 21:16:59.672  1370 15058 V PickerDbFacade: 	at java.lang.Thread.run(Thread.java:1119)
12-31 21:16:59.672  1370 15058 V PickerDbFacade: Retrying failed insert as update. ContentValues: _user_id=0 standard_mime_type_extension=0 size_bytes=61623 orientation=0 height=1920 owner_package_name=com.android.shell date_taken_ms=1767195968000 duration_ms=0 sync_generation=610 mime_type=image/png width=1080 is_favorite=0 local_id=21 is_visible=1
12-31 21:16:59.681  1370 15058 D PickerSyncLockManager: Trying to acquire lock com.android.providers.media.photopicker.sync.CloseableReentrantLock@517ceca[Unlocked]. Lock Name = CLOUD_PROVIDER_LOCK. Threads that may be waiting to acquire this lock = [] with timeout.
12-31 21:16:59.681  1370 15058 D CloseableReentrantLock: Successfully acquired lock com.android.providers.media.photopicker.sync.CloseableReentrantLock@517ceca[Locked by thread pool-4-thread-2]. Lock Name = CLOUD_PROVIDER_LOCK. Threads that may be waiting to acquire this lock = []
12-31 21:16:59.681  1370 15058 D PickerSyncController: Saving next page token: 1767195968000|21 for key: local_provider:media_add:resume
12-31 21:16:59.682  1370 15058 D CloseableReentrantLock: Successfully released lock com.android.providers.media.photopicker.sync.CloseableReentrantLock@517ceca[Unlocked]. Lock Name = CLOUD_PROVIDER_LOCK. Threads that may be waiting to acquire this lock = []
12-31 21:16:59.683  1370 15058 D PickerNotificationSender: Sending a notification for media update
12-31 21:16:59.685  1370 15058 D PickerNotificationSender: Sending a notification for merged album media update Favorites
12-31 21:16:59.685  1370 15058 D PickerNotificationSender: Sending a notification for album media update Favorites
12-31 21:16:59.686  1370 15058 D PickerNotificationSender: Sending a notification for merged album media update Videos
12-31 21:16:59.686  1370 15058 D PickerNotificationSender: Sending a notification for album media update Videos
12-31 21:16:59.687  1370 15058 D ExternalDbFacade: Token received for queryMedia = 1767195968000|21
12-31 21:16:59.689  1370 15058 D PickerSyncLockManager: Trying to acquire lock com.android.providers.media.photopicker.sync.CloseableReentrantLock@517ceca[Unlocked]. Lock Name = CLOUD_PROVIDER_LOCK. Threads that may be waiting to acquire this lock = [] with timeout.
12-31 21:16:59.689  1370 15058 D CloseableReentrantLock: Successfully acquired lock com.android.providers.media.photopicker.sync.CloseableReentrantLock@517ceca[Locked by thread pool-4-thread-2]. Lock Name = CLOUD_PROVIDER_LOCK. Threads that may be waiting to acquire this lock = []
12-31 21:16:59.689  1370 15058 D PickerSyncController: Clearing next page token for key: local_provider:media_add:resume
12-31 21:16:59.689  1370 15058 D CloseableReentrantLock: Successfully released lock com.android.providers.media.photopicker.sync.CloseableReentrantLock@517ceca[Unlocked]. Lock Name = CLOUD_PROVIDER_LOCK. Threads that may be waiting to acquire this lock = []
12-31 21:16:59.689  1370 15058 D PickerNotificationSender: Sending a notification for media update
12-31 21:16:59.690  1370 15058 D PickerNotificationSender: Sending a notification for merged album media update Favorites
12-31 21:16:59.690  1370 15058 D PickerNotificationSender: Sending a notification for album media update Favorites
12-31 21:16:59.690  1370 15058 D PickerNotificationSender: Sending a notification for merged album media update Videos
12-31 21:16:59.690  1370 15058 D PickerNotificationSender: Sending a notification for album media update Videos
12-31 21:16:59.691  1370 15058 I PickerSyncController: Paged sync successful. QueryArgs: Bundle[{android.provider.extra.PAGE_TOKEN=1767195968000|21, android.provider.extra.SYNC_GENERATION=602, android.provider.extra.PAGE_SIZE=1000}] Total Rows: 2
12-31 21:16:59.691  1370 15058 I PickerSyncController: Executing SyncRemove. isLocal: true. authority: com.android.providers.media.photopicker
12-31 21:16:59.691  1370 15058 D PickerSyncLockManager: Trying to acquire lock com.android.providers.media.photopicker.sync.CloseableReentrantLock@517ceca[Unlocked]. Lock Name = CLOUD_PROVIDER_LOCK. Threads that may be waiting to acquire this lock = [] with timeout.
12-31 21:16:59.691  1370 15058 D CloseableReentrantLock: Successfully acquired lock com.android.providers.media.photopicker.sync.CloseableReentrantLock@517ceca[Locked by thread pool-4-thread-2]. Lock Name = CLOUD_PROVIDER_LOCK. Threads that may be waiting to acquire this lock = []
12-31 21:16:59.691  1370 15058 D CloseableReentrantLock: Successfully released lock com.android.providers.media.photopicker.sync.CloseableReentrantLock@517ceca[Unlocked]. Lock Name = CLOUD_PROVIDER_LOCK. Threads that may be waiting to acquire this lock = []
12-31 21:16:59.693  1370 15058 D PickerSyncLockManager: Trying to acquire lock com.android.providers.media.photopicker.sync.CloseableReentrantLock@517ceca[Unlocked]. Lock Name = CLOUD_PROVIDER_LOCK. Threads that may be waiting to acquire this lock = [] with timeout.
12-31 21:16:59.693  1370 15058 D CloseableReentrantLock: Successfully acquired lock com.android.providers.media.photopicker.sync.CloseableReentrantLock@517ceca[Locked by thread pool-4-thread-2]. Lock Name = CLOUD_PROVIDER_LOCK. Threads that may be waiting to acquire this lock = []
12-31 21:16:59.693  1370 15058 D PickerSyncController: Clearing next page token for key: local_provider:media_remove:resume
12-31 21:16:59.693  1370 15058 D CloseableReentrantLock: Successfully released lock com.android.providers.media.photopicker.sync.CloseableReentrantLock@517ceca[Unlocked]. Lock Name = CLOUD_PROVIDER_LOCK. Threads that may be waiting to acquire this lock = []
12-31 21:16:59.693  1370 15058 D PickerNotificationSender: Sending a notification for media update
12-31 21:16:59.694  1370 15058 D PickerNotificationSender: Sending a notification for merged album media update Favorites
12-31 21:16:59.694  1370 15058 D PickerNotificationSender: Sending a notification for album media update Favorites
12-31 21:16:59.694  1370 15058 D PickerNotificationSender: Sending a notification for merged album media update Videos
12-31 21:16:59.694  1370 15058 D PickerNotificationSender: Sending a notification for album media update Videos
12-31 21:16:59.695  1370 15058 I PickerSyncController: Paged sync successful. QueryArgs: Bundle[{android.provider.extra.PAGE_TOKEN=1767195968000|21, android.provider.extra.SYNC_GENERATION=602, android.provider.extra.PAGE_SIZE=1000}] Total Rows: 0
12-31 21:16:59.696  1370 15058 I PickerSyncTracker: Marked sync future complete for work id: 5ea1797b-6acd-48d4-bffe-1742dcae96da. Future map: {}
12-31 21:16:59.696  1370 15058 I PSyncWorker: Completed picker proactive sync complete from local provider.
12-31 21:16:59.698  1370  1724 I WM-WorkerWrapper: Worker result SUCCESS for Work [ id=5ea1797b-6acd-48d4-bffe-1742dcae96da, tags={ com.android.providers.media.photopicker.sync.ProactiveSyncWorker } ]
12-31 21:16:59.700  1370  1370 D WM-Processor: Processor 5ea1797b-6acd-48d4-bffe-1742dcae96da executed; reschedule = false
12-31 21:16:59.700  1370  1370 D WM-GreedyScheduler: Stopping tracking for WorkGenerationalId(workSpecId=5ea1797b-6acd-48d4-bffe-1742dcae96da, generation=0)
12-31 21:16:59.701  1370  1370 D WM-SystemJobService: 5ea1797b-6acd-48d4-bffe-1742dcae96da executed on JobScheduler
12-31 21:16:59.707  1370  1724 D WM-GreedyScheduler: Cancelling work ID 5ea1797b-6acd-48d4-bffe-1742dcae96da
12-31 21:16:59.712  1370  1724 D WM-GreedyScheduler: Ignoring {WorkSpec: bdc209f8-ddb1-4490-9082-d847d3ec69ac}. Requires device idle.
12-31 21:16:59.712  1370  1724 D WM-GreedyScheduler: Ignoring {WorkSpec: f0785155-3209-46e7-8688-cafccfd22666}. Requires device idle.
12-31 21:16:59.712  1370  1724 D WM-GreedyScheduler: Ignoring {WorkSpec: 8078b115-0b34-4e60-a576-85a51851d983}. Requires device idle.
12-31 21:16:59.713  1370  1724 D WM-BrdcstRcvrCnstrntTrc: BatteryNotLowTracker: unregistering receiver
12-31 21:17:01.524  1473  1473 D BoundBrokerSvc: onUnbind: Intent { act=com.google.android.gms.notifications.capping.api.NotificationsCappingApiService.START dat=chimera-action:/... xflg=0x4 cmp=com.google.android.gms/.chimera.GmsApiService }
12-31 21:17:01.758   700   800 D ActivityManager: freezing 14787 com.google.android.apps.messaging
12-31 21:17:01.760   700   800 D ActivityManager: freezing 15017 android.process.acore
12-31 21:17:01.972   700   850 D InetDiagMessage: Destroyed 0 sockets, proto=IPPROTO_TCP, family=AF_INET, states=14
12-31 21:17:01.973   700   850 D InetDiagMessage: Destroyed 0 sockets, proto=IPPROTO_TCP, family=AF_INET6, states=14
12-31 21:17:01.973   700   850 D InetDiagMessage: Destroyed live tcp sockets for uids={10095} in 1ms
12-31 21:17:02.085   932   932 I wpa_supplicant: wlan0: CTRL-EVENT-BEACON-LOSS 
12-31 21:17:02.578   700   800 D ActivityManager: freezing 14830 com.google.android.calendar
12-31 21:17:02.582   700   850 D InetDiagMessage: Destroyed 0 sockets, proto=IPPROTO_TCP, family=AF_INET, states=14
12-31 21:17:02.584   700   850 D InetDiagMessage: Destroyed 0 sockets, proto=IPPROTO_TCP, family=AF_INET6, states=14
12-31 21:17:02.584   700   850 D InetDiagMessage: Destroyed live tcp sockets for uids={10154} in 3ms
12-31 21:17:03.400   700   800 D ActivityManager: freezing 14910 com.google.android.deskclock
12-31 21:17:03.401   700   850 D InetDiagMessage: Destroyed 0 sockets, proto=IPPROTO_TCP, family=AF_INET, states=14
12-31 21:17:03.402   700   850 D InetDiagMessage: Destroyed 0 sockets, proto=IPPROTO_TCP, family=AF_INET6, states=14
12-31 21:17:03.402   700   850 D InetDiagMessage: Destroyed live tcp sockets for uids={10163} in 1ms
12-31 21:17:03.685   700   800 D ActivityManager: freezing 14946 com.google.android.rkpdapp
12-31 21:17:03.687   700   850 D InetDiagMessage: Destroyed 0 sockets, proto=IPPROTO_TCP, family=AF_INET, states=14
12-31 21:17:03.688   700   850 D InetDiagMessage: Destroyed 0 sockets, proto=IPPROTO_TCP, family=AF_INET6, states=14
12-31 21:17:03.688   700   850 D InetDiagMessage: Destroyed live tcp sockets for uids={10192} in 2ms
12-31 21:17:04.440   700   800 D ActivityManager: freezing 14960 com.google.android.settings.intelligence
12-31 21:17:04.442   700   850 D InetDiagMessage: Destroyed 0 sockets, proto=IPPROTO_TCP, family=AF_INET, states=14
12-31 21:17:04.443   700   850 D InetDiagMessage: Destroyed 0 sockets, proto=IPPROTO_TCP, family=AF_INET6, states=14
12-31 21:17:04.443   700   850 D InetDiagMessage: Destroyed live tcp sockets for uids={10144} in 1ms
12-31 21:17:08.733  1064  1270 D SatelliteController: iisInCarrierRoamingNbIotNtn: satellite is disabled
12-31 21:17:10.019   932   932 I wpa_supplicant: wlan0: CTRL-EVENT-BEACON-LOSS 
12-31 21:17:11.565   700   800 D ActivityManager: freezing 1473 com.google.android.gms
12-31 21:17:17.726   700  2248 D ActivityManager: sync unfroze 1473 com.google.android.gms for 6
12-31 21:17:17.732   700  2248 W ProcessStats: Tracking association SourceState{fd00c43 com.google.android.gms.persistent/10148 ImpBg #11195} whose proc state 6 is better than process ProcessState{b0e634e com.google.android.gms/10148 pkg=com.google.android.gms} proc state 14 (0 skipped)
12-31 21:17:17.744  1244 14679 I NetworkScheduler.Stats: (REDACTED) Task %s/%s started execution. cause:%s exec_start_elapsed_seconds: %s
12-31 21:17:17.757  1244 14678 I NetworkScheduler.Stats: (REDACTED) Task %s/%s finished executing. cause:%s result: %s elapsed_millis: %s uptime_millis: %s exec_start_elapsed_seconds: %s
12-31 21:17:17.955   932   932 I wpa_supplicant: wlan0: CTRL-EVENT-BEACON-LOSS 
12-31 21:17:18.732  1064  1270 D SatelliteController: iisInCarrierRoamingNbIotNtn: satellite is disabled
12-31 21:17:25.892   932   932 I wpa_supplicant: wlan0: CTRL-EVENT-BEACON-LOSS 
12-31 21:17:27.779   700   800 D ActivityManager: freezing 1473 com.google.android.gms
12-31 21:17:28.053  1244  1244 D BoundBrokerSvc: onRebind: Intent { act=com.google.android.gms.common.telemetry.service.START dat=chimera-action:/... xflg=0x4 cmp=com.google.android.gms/.chimera.PersistentApiService }
12-31 21:17:28.081   700  2248 W AppOps  : Noting op not finished: uid 10148 pkg com.google.android.gms code 113 startTime of in progress event=1767195986187
12-31 21:17:28.094   700   779 W AppOps  : Noting op not finished: uid 10148 pkg com.google.android.gms code 79 startTime of in progress event=1767195986187
12-31 21:17:28.123  1244  1806 I ActivityScheduler: nextTriggerTime: 8627115, in 238099ms, detectorType: 39, FULL_TYPE alarmWindowMillis: 80000
12-31 21:17:28.734  1064  1270 D SatelliteController: iisInCarrierRoamingNbIotNtn: satellite is disabled
12-31 21:17:29.084   700  2248 W AppOps  : Noting op not finished: uid 10148 pkg com.google.android.gms code 113 startTime of in progress event=1767195986187
12-31 21:17:33.066  1244  1244 D BoundBrokerSvc: onUnbind: Intent { act=com.google.android.gms.common.telemetry.service.START dat=chimera-action:/... xflg=0x4 cmp=com.google.android.gms/.chimera.PersistentApiService }
12-31 21:17:34.084   932   932 I wpa_supplicant: wlan0: CTRL-EVENT-BEACON-LOSS 
12-31 21:17:38.732  1064  1270 D SatelliteController: iisInCarrierRoamingNbIotNtn: satellite is disabled
12-31 21:17:42.020   932   932 I wpa_supplicant: wlan0: CTRL-EVENT-BEACON-LOSS 
